Archive member included because of file (symbol)

C:\Users\jason\AppData\Local\Temp\VMBuilds\WaterMonitor\mzero_bl\Release/core.a(cortex_handlers.c.o)
                              (Reset_Handler)
C:\Users\jason\AppData\Local\Temp\VMBuilds\WaterMonitor\mzero_bl\Release/core.a(delay.c.o)
                              C:\Users\jason\AppData\Local\Temp\VMBuilds\WaterMonitor\mzero_bl\Release\SD\utility\Sd2Card.cpp.o (millis)
C:\Users\jason\AppData\Local\Temp\VMBuilds\WaterMonitor\mzero_bl\Release/core.a(hooks.c.o)
                              C:\Users\jason\AppData\Local\Temp\VMBuilds\WaterMonitor\mzero_bl\Release/core.a(delay.c.o) (yield)
C:\Users\jason\AppData\Local\Temp\VMBuilds\WaterMonitor\mzero_bl\Release/core.a(startup.c.o)
                              C:\Users\jason\AppData\Local\Temp\VMBuilds\WaterMonitor\mzero_bl\Release/core.a(cortex_handlers.c.o) (SystemInit)
C:\Users\jason\AppData\Local\Temp\VMBuilds\WaterMonitor\mzero_bl\Release/core.a(wiring.c.o)
                              C:\Users\jason\AppData\Local\Temp\VMBuilds\WaterMonitor\mzero_bl\Release/core.a(startup.c.o) (SystemCoreClock)
C:\Users\jason\AppData\Local\Temp\VMBuilds\WaterMonitor\mzero_bl\Release/core.a(wiring_analog.c.o)
                              C:\Users\jason\AppData\Local\Temp\VMBuilds\WaterMonitor\mzero_bl\Release/core.a(wiring.c.o) (analogReference)
C:\Users\jason\AppData\Local\Temp\VMBuilds\WaterMonitor\mzero_bl\Release/core.a(wiring_digital.c.o)
                              C:\Users\jason\AppData\Local\Temp\VMBuilds\WaterMonitor\mzero_bl\Release\SD\utility\Sd2Card.cpp.o (pinMode)
C:\Users\jason\AppData\Local\Temp\VMBuilds\WaterMonitor\mzero_bl\Release/core.a(wiring_private.c.o)
                              C:\Users\jason\AppData\Local\Temp\VMBuilds\WaterMonitor\mzero_bl\Release\SPI\SPI.cpp.o (pinPeripheral)
C:\Users\jason\AppData\Local\Temp\VMBuilds\WaterMonitor\mzero_bl\Release/core.a(abi.cpp.o)
                              C:\Users\jason\AppData\Local\Temp\VMBuilds\WaterMonitor\mzero_bl\Release\SD\File.cpp.o (__cxa_pure_virtual)
C:\Users\jason\AppData\Local\Temp\VMBuilds\WaterMonitor\mzero_bl\Release/core.a(main.cpp.o)
                              c:/users/jason/appdata/local/arduino15/packages/arduino/tools/arm-none-eabi-gcc/4.8.3-2014q1/bin/../lib/gcc/arm-none-eabi/4.8.3/../../../../arm-none-eabi/lib/armv6-m/crt0.o (main)
C:\Users\jason\AppData\Local\Temp\VMBuilds\WaterMonitor\mzero_bl\Release/core.a(new.cpp.o)
                              C:\Users\jason\AppData\Local\Temp\VMBuilds\WaterMonitor\mzero_bl\Release\GravitySensorHub.cpp.o (operator new(unsigned int))
C:\Users\jason\AppData\Local\Temp\VMBuilds\WaterMonitor\mzero_bl\Release/core.a(Print.cpp.o)
                              C:\Users\jason\AppData\Local\Temp\VMBuilds\WaterMonitor\mzero_bl\Release\SD\File.cpp.o (Print::write(unsigned char const*, unsigned int))
C:\Users\jason\AppData\Local\Temp\VMBuilds\WaterMonitor\mzero_bl\Release/core.a(Reset.cpp.o)
                              C:\Users\jason\AppData\Local\Temp\VMBuilds\WaterMonitor\mzero_bl\Release/core.a(delay.c.o) (tickReset)
C:\Users\jason\AppData\Local\Temp\VMBuilds\WaterMonitor\mzero_bl\Release/core.a(RingBuffer.cpp.o)
                              C:\Users\jason\AppData\Local\Temp\VMBuilds\WaterMonitor\mzero_bl\Release\Wire\Wire.cpp.o (RingBuffer::RingBuffer())
C:\Users\jason\AppData\Local\Temp\VMBuilds\WaterMonitor\mzero_bl\Release/core.a(SERCOM.cpp.o)
                              C:\Users\jason\AppData\Local\Temp\VMBuilds\WaterMonitor\mzero_bl\Release\variant\variant.cpp.o (SERCOM::SERCOM(Sercom*))
C:\Users\jason\AppData\Local\Temp\VMBuilds\WaterMonitor\mzero_bl\Release/core.a(Uart.cpp.o)
                              C:\Users\jason\AppData\Local\Temp\VMBuilds\WaterMonitor\mzero_bl\Release\WaterMonitor.cpp.o (Uart::begin(unsigned long))
C:\Users\jason\AppData\Local\Temp\VMBuilds\WaterMonitor\mzero_bl\Release/core.a(WString.cpp.o)
                              C:\Users\jason\AppData\Local\Temp\VMBuilds\WaterMonitor\mzero_bl\Release\GravityDo.cpp.o (String::~String())
C:\Users\jason\AppData\Local\Temp\VMBuilds\WaterMonitor\mzero_bl\Release/core.a(USBCore.cpp.o)
                              C:\Users\jason\AppData\Local\Temp\VMBuilds\WaterMonitor\mzero_bl\Release/core.a(main.cpp.o) (USBDeviceClass::init())
C:\Users\jason\AppData\Local\Temp\VMBuilds\WaterMonitor\mzero_bl\Release/core.a(itoa.c.o)
                              C:\Users\jason\AppData\Local\Temp\VMBuilds\WaterMonitor\mzero_bl\Release/core.a(WString.cpp.o) (ltoa)
C:\Users\jason\AppData\Local\Temp\VMBuilds\WaterMonitor\mzero_bl\Release/core.a(dtostrf.c.o)
                              C:\Users\jason\AppData\Local\Temp\VMBuilds\WaterMonitor\mzero_bl\Release/core.a(WString.cpp.o) (dtostrf)
C:\Users\jason\AppData\Local\Temp\VMBuilds\WaterMonitor\mzero_bl\Release/core.a(CDC.cpp.o)
                              C:\Users\jason\AppData\Local\Temp\VMBuilds\WaterMonitor\mzero_bl\Release/core.a(USBCore.cpp.o) (CDC_GetInterface(unsigned char*))
[...]
Memory Configuration

Name             Origin             Length             Attributes
FLASH            0x00004000         0x0003c000         xr
RAM              0x20000000         0x00008000         xrw
*default*        0x00000000         0xffffffff

Linker script and memory map

LOAD c:/users/jason/appdata/local/arduino15/packages/arduino/tools/arm-none-eabi-gcc/4.8.3-2014q1/bin/../lib/gcc/arm-none-eabi/4.8.3/armv6-m/crti.o
LOAD c:/users/jason/appdata/local/arduino15/packages/arduino/tools/arm-none-eabi-gcc/4.8.3-2014q1/bin/../lib/gcc/arm-none-eabi/4.8.3/armv6-m/crtbegin.o
LOAD c:/users/jason/appdata/local/arduino15/packages/arduino/tools/arm-none-eabi-gcc/4.8.3-2014q1/bin/../lib/gcc/arm-none-eabi/4.8.3/../../../../arm-none-eabi/lib/armv6-m/crt0.o
LOAD C:\Users\jason\AppData\Local\Temp\VMBuilds\WaterMonitor\mzero_bl\Release\WaterMonitor.cpp.o
LOAD C:\Users\jason\AppData\Local\Temp\VMBuilds\WaterMonitor\mzero_bl\Release\SD\File.cpp.o
LOAD C:\Users\jason\AppData\Local\Temp\VMBuilds\WaterMonitor\mzero_bl\Release\SD\SD.cpp.o
LOAD C:\Users\jason\AppData\Local\Temp\VMBuilds\WaterMonitor\mzero_bl\Release\SD\utility\Sd2Card.cpp.o
LOAD C:\Users\jason\AppData\Local\Temp\VMBuilds\WaterMonitor\mzero_bl\Release\SD\utility\SdFile.cpp.o
LOAD C:\Users\jason\AppData\Local\Temp\VMBuilds\WaterMonitor\mzero_bl\Release\SD\utility\SdVolume.cpp.o
LOAD C:\Users\jason\AppData\Local\Temp\VMBuilds\WaterMonitor\mzero_bl\Release\OneWire\OneWire.cpp.o
LOAD C:\Users\jason\AppData\Local\Temp\VMBuilds\WaterMonitor\mzero_bl\Release\SPI\SPI.cpp.o
LOAD C:\Users\jason\AppData\Local\Temp\VMBuilds\WaterMonitor\mzero_bl\Release\Wire\Wire.cpp.o
LOAD C:\Users\jason\AppData\Local\Temp\VMBuilds\WaterMonitor\mzero_bl\Release\GravityDo.cpp.o
LOAD C:\Users\jason\AppData\Local\Temp\VMBuilds\WaterMonitor\mzero_bl\Release\GravityEc.cpp.o
LOAD C:\Users\jason\AppData\Local\Temp\VMBuilds\WaterMonitor\mzero_bl\Release\GravityOrp.cpp.o
LOAD C:\Users\jason\AppData\Local\Temp\VMBuilds\WaterMonitor\mzero_bl\Release\GravityPh.cpp.o
LOAD C:\Users\jason\AppData\Local\Temp\VMBuilds\WaterMonitor\mzero_bl\Release\GravityRtc.cpp.o
LOAD C:\Users\jason\AppData\Local\Temp\VMBuilds\WaterMonitor\mzero_bl\Release\GravitySd.cpp.o
LOAD C:\Users\jason\AppData\Local\Temp\VMBuilds\WaterMonitor\mzero_bl\Release\GravitySensorHub.cpp.o
LOAD C:\Users\jason\AppData\Local\Temp\VMBuilds\WaterMonitor\mzero_bl\Release\GravityTemperature.cpp.o
LOAD C:\Users\jason\AppData\Local\Temp\VMBuilds\WaterMonitor\mzero_bl\Release\variant\variant.cpp.o
START GROUP
LOAD C:\Users\jason\AppData\Local\arduino15\packages\arduino\tools\CMSIS\4.5.0/CMSIS/Lib/GCC/\libarm_cortexM0l_math.a
LOAD c:/users/jason/appdata/local/arduino15/packages/arduino/tools/arm-none-eabi-gcc/4.8.3-2014q1/bin/../lib/gcc/arm-none-eabi/4.8.3/../../../../arm-none-eabi/lib/armv6-m\libm.a
LOAD C:\Users\jason\AppData\Local\Temp\VMBuilds\WaterMonitor\mzero_bl\Release/core.a
END GROUP
START GROUP
LOAD c:/users/jason/appdata/local/arduino15/packages/arduino/tools/arm-none-eabi-gcc/4.8.3-2014q1/bin/../lib/gcc/arm-none-eabi/4.8.3/armv6-m\libgcc.a
LOAD c:/users/jason/appdata/local/arduino15/packages/arduino/tools/arm-none-eabi-gcc/4.8.3-2014q1/bin/../lib/gcc/arm-none-eabi/4.8.3/../../../../arm-none-eabi/lib/armv6-m\libc_s.a
END GROUP
START GROUP
LOAD c:/users/jason/appdata/local/arduino15/packages/arduino/tools/arm-none-eabi-gcc/4.8.3-2014q1/bin/../lib/gcc/arm-none-eabi/4.8.3/armv6-m\libgcc.a
LOAD c:/users/jason/appdata/local/arduino15/packages/arduino/tools/arm-none-eabi-gcc/4.8.3-2014q1/bin/../lib/gcc/arm-none-eabi/4.8.3/../../../../arm-none-eabi/lib/armv6-m\libc_s.a
LOAD c:/users/jason/appdata/local/arduino15/packages/arduino/tools/arm-none-eabi-gcc/4.8.3-2014q1/bin/../lib/gcc/arm-none-eabi/4.8.3/../../../../arm-none-eabi/lib/armv6-m\libnosys.a
END GROUP
START GROUP
LOAD c:/users/jason/appdata/local/arduino15/packages/arduino/tools/arm-none-eabi-gcc/4.8.3-2014q1/bin/../lib/gcc/arm-none-eabi/4.8.3/armv6-m\libgcc.a
LOAD c:/users/jason/appdata/local/arduino15/packages/arduino/tools/arm-none-eabi-gcc/4.8.3-2014q1/bin/../lib/gcc/arm-none-eabi/4.8.3/../../../../arm-none-eabi/lib/armv6-m\libc_s.a
LOAD c:/users/jason/appdata/local/arduino15/packages/arduino/tools/arm-none-eabi-gcc/4.8.3-2014q1/bin/../lib/gcc/arm-none-eabi/4.8.3/../../../../arm-none-eabi/lib/armv6-m\libnosys.a
END GROUP
LOAD c:/users/jason/appdata/local/arduino15/packages/arduino/tools/arm-none-eabi-gcc/4.8.3-2014q1/bin/../lib/gcc/arm-none-eabi/4.8.3/armv6-m/crtend.o
LOAD c:/users/jason/appdata/local/arduino15/packages/arduino/tools/arm-none-eabi-gcc/4.8.3-2014q1/bin/../lib/gcc/arm-none-eabi/4.8.3/armv6-m/crtn.o

.text           0x00004000     0x9ad8
                0x00004000                __text_start__ = .
 *(.isr_vector)
 .isr_vector    0x00004000       0xb4 C:\Users\jason\AppData\Local\Temp\VMBuilds\WaterMonitor\mzero_bl\Release/core.a(cortex_handlers.c.o)
                0x00004000                exception_table
 *(.text*)
 .text          0x000040b4       0x60 c:/users/jason/appdata/local/arduino15/packages/arduino/tools/arm-none-eabi-gcc/4.8.3-2014q1/bin/../lib/gcc/arm-none-eabi/4.8.3/armv6-m/crtbegin.o
 .text.loop     0x00004114       0x18 C:\Users\jason\AppData\Local\Temp\VMBuilds\WaterMonitor\mzero_bl\Release\WaterMonitor.cpp.o
                0x00004114                loop
 .text.startup._GLOBAL__sub_I_temperature
                0x0000412c       0x4c C:\Users\jason\AppData\Local\Temp\VMBuilds\WaterMonitor\mzero_bl\Release\WaterMonitor.cpp.o
 .text.setup    0x00004178       0x28 C:\Users\jason\AppData\Local\Temp\VMBuilds\WaterMonitor\mzero_bl\Release\WaterMonitor.cpp.o
                0x00004178                setup
 .text._ZN4File5writeEh
                0x000041a0       0x14 C:\Users\jason\AppData\Local\Temp\VMBuilds\WaterMonitor\mzero_bl\Release\SD\File.cpp.o
                0x000041a0                File::write(unsigned char)
 .text._ZN4File5writeEPKhj
                0x000041b4       0x2a C:\Users\jason\AppData\Local\Temp\VMBuilds\WaterMonitor\mzero_bl\Release\SD\File.cpp.o
                0x000041b4                File::write(unsigned char const*, unsigned int)
 .text._ZN4File5flushEv
                0x000041de        0xe C:\Users\jason\AppData\Local\Temp\VMBuilds\WaterMonitor\mzero_bl\Release\SD\File.cpp.o
                0x000041de                File::flush()
 .text._ZN6SdFile4readEv
                0x000041ec       0x20 C:\Users\jason\AppData\Local\Temp\VMBuilds\WaterMonitor\mzero_bl\Release\SD\File.cpp.o
                0x000041ec                SdFile::read()
 .text._ZN4File4readEv
                0x0000420c       0x14 C:\Users\jason\AppData\Local\Temp\VMBuilds\WaterMonitor\mzero_bl\Release\SD\File.cpp.o
                0x0000420c                File::read()
 .text._ZN4File4peekEv
                0x00004220       0x22 C:\Users\jason\AppData\Local\Temp\VMBuilds\WaterMonitor\mzero_bl\Release\SD\File.cpp.o
                0x00004220                File::peek()
 *fill*         0x00004242        0x2 
 .text._ZN4FileC2E6SdFilePKc
                0x00004244       0x44 C:\Users\jason\AppData\Local\Temp\VMBuilds\WaterMonitor\mzero_bl\Release\SD\File.cpp.o
                0x00004244                File::File(SdFile, char const*)
                0x00004244                File::File(SdFile, char const*)
 .text._ZN4FileC2Ev
                0x00004288       0x1c C:\Users\jason\AppData\Local\Temp\VMBuilds\WaterMonitor\mzero_bl\Release\SD\File.cpp.o
                0x00004288                File::File()
                0x00004288                File::File()
 .text._ZN4File8positionEv
                0x000042a4       0x10 C:\Users\jason\AppData\Local\Temp\VMBuilds\WaterMonitor\mzero_bl\Release\SD\File.cpp.o
                0x000042a4                File::position()
 .text._ZN4File4sizeEv
                0x000042b4        0xa C:\Users\jason\AppData\Local\Temp\VMBuilds\WaterMonitor\mzero_bl\Release\SD\File.cpp.o
                0x000042b4                File::size()
 *fill*         0x000042be        0x2 
 .text._ZN4File9availableEv
                0x000042c0       0x28 C:\Users\jason\AppData\Local\Temp\VMBuilds\WaterMonitor\mzero_bl\Release\SD\File.cpp.o
                0x000042c0                File::available()
 .text._ZN4File5closeEv
                0x000042e8       0x1a C:\Users\jason\AppData\Local\Temp\VMBuilds\WaterMonitor\mzero_bl\Release\SD\File.cpp.o
                0x000042e8                File::close()
 .text._ZN4FilecvbEv
                0x00004302       0x10 C:\Users\jason\AppData\Local\Temp\VMBuilds\WaterMonitor\mzero_bl\Release\SD\File.cpp.o
                0x00004302                File::operator bool()
 .text._ZN7SDClass5beginEh
                0x00004312       0x48 C:\Users\jason\AppData\Local\Temp\VMBuilds\WaterMonitor\mzero_bl\Release\SD\SD.cpp.o
                0x00004312                SDClass::begin(unsigned char)
 *fill*         0x0000435a        0x2 
 .text._ZN6SdFileC2ERKS_
                0x0000435c       0x34 C:\Users\jason\AppData\Local\Temp\VMBuilds\WaterMonitor\mzero_bl\Release\SD\SD.cpp.o
                0x0000435c                SdFile::SdFile(SdFile const&)
                0x0000435c                SdFile::SdFile(SdFile const&)
 .text._ZN7SDClass12getParentDirEPKcPi
                0x00004390       0xa8 C:\Users\jason\AppData\Local\Temp\VMBuilds\WaterMonitor\mzero_bl\Release\SD\SD.cpp.o
                0x00004390                SDClass::getParentDir(char const*, int*)
 .text._ZN7SDClass4openEPKch
                0x00004438       0xac C:\Users\jason\AppData\Local\Temp\VMBuilds\WaterMonitor\mzero_bl\Release\SD\SD.cpp.o
                0x00004438                SDClass::open(char const*, unsigned char)
 .text.startup._GLOBAL__sub_I__Z20getNextPathComponentPcPjS_
                0x000044e4       0x2c C:\Users\jason\AppData\Local\Temp\VMBuilds\WaterMonitor\mzero_bl\Release\SD\SD.cpp.o
 .text._ZL7spiSendh
                0x00004510       0x10 C:\Users\jason\AppData\Local\Temp\VMBuilds\WaterMonitor\mzero_bl\Release\SD\utility\Sd2Card.cpp.o
 .text._ZL6spiRecv
                0x00004520       0x10 C:\Users\jason\AppData\Local\Temp\VMBuilds\WaterMonitor\mzero_bl\Release\SD\utility\Sd2Card.cpp.o
 .text._ZN7Sd2Card14chipSelectHighEv
                0x00004530       0x28 C:\Users\jason\AppData\Local\Temp\VMBuilds\WaterMonitor\mzero_bl\Release\SD\utility\Sd2Card.cpp.o
                0x00004530                Sd2Card::chipSelectHigh()
 .text._ZN7Sd2Card13chipSelectLowEv
                0x00004558       0x30 C:\Users\jason\AppData\Local\Temp\VMBuilds\WaterMonitor\mzero_bl\Release\SD\utility\Sd2Card.cpp.o
                0x00004558                Sd2Card::chipSelectLow()
 .text._ZN7Sd2Card7readEndEv
                0x00004588       0x2c C:\Users\jason\AppData\Local\Temp\VMBuilds\WaterMonitor\mzero_bl\Release\SD\utility\Sd2Card.cpp.o
                0x00004588                Sd2Card::readEnd()
 .text._ZN7Sd2Card10setSckRateEh
                0x000045b4       0x6c C:\Users\jason\AppData\Local\Temp\VMBuilds\WaterMonitor\mzero_bl\Release\SD\utility\Sd2Card.cpp.o
                0x000045b4                Sd2Card::setSckRate(unsigned char)
 .text._ZN7Sd2Card11waitNotBusyEt
                0x00004620       0x28 C:\Users\jason\AppData\Local\Temp\VMBuilds\WaterMonitor\mzero_bl\Release\SD\utility\Sd2Card.cpp.o
                0x00004620                Sd2Card::waitNotBusy(unsigned short)
 .text._ZN7Sd2Card11cardCommandEhm
                0x00004648       0x64 C:\Users\jason\AppData\Local\Temp\VMBuilds\WaterMonitor\mzero_bl\Release\SD\utility\Sd2Card.cpp.o
                0x00004648                Sd2Card::cardCommand(unsigned char, unsigned long)
 .text._ZN7Sd2Card4initEhh
                0x000046ac      0x144 C:\Users\jason\AppData\Local\Temp\VMBuilds\WaterMonitor\mzero_bl\Release\SD\utility\Sd2Card.cpp.o
                0x000046ac                Sd2Card::init(unsigned char, unsigned char)
 .text._ZN7Sd2Card14waitStartBlockEv
                0x000047f0       0x40 C:\Users\jason\AppData\Local\Temp\VMBuilds\WaterMonitor\mzero_bl\Release\SD\utility\Sd2Card.cpp.o
                0x000047f0                Sd2Card::waitStartBlock()
 .text._ZN7Sd2Card8readDataEmttPh
                0x00004830       0xac C:\Users\jason\AppData\Local\Temp\VMBuilds\WaterMonitor\mzero_bl\Release\SD\utility\Sd2Card.cpp.o
                0x00004830                Sd2Card::readData(unsigned long, unsigned short, unsigned short, unsigned char*)
 .text._ZN7Sd2Card9readBlockEmPh
                0x000048dc       0x10 C:\Users\jason\AppData\Local\Temp\VMBuilds\WaterMonitor\mzero_bl\Release\SD\utility\Sd2Card.cpp.o
                0x000048dc                Sd2Card::readBlock(unsigned long, unsigned char*)
 .text._ZN7Sd2Card9writeDataEhPKh
                0x000048ec       0x48 C:\Users\jason\AppData\Local\Temp\VMBuilds\WaterMonitor\mzero_bl\Release\SD\utility\Sd2Card.cpp.o
                0x000048ec                Sd2Card::writeData(unsigned char, unsigned char const*)
 .text._ZN7Sd2Card10writeBlockEmPKh
                0x00004934       0x78 C:\Users\jason\AppData\Local\Temp\VMBuilds\WaterMonitor\mzero_bl\Release\SD\utility\Sd2Card.cpp.o
                0x00004934                Sd2Card::writeBlock(unsigned long, unsigned char const*)
 .text.startup._GLOBAL__sub_I__ZN7Sd2Card11cardCommandEhm
                0x000049ac       0x18 C:\Users\jason\AppData\Local\Temp\VMBuilds\WaterMonitor\mzero_bl\Release\SD\utility\Sd2Card.cpp.o
 .text._ZN6SdFile10addClusterEv
                0x000049c4       0x2c C:\Users\jason\AppData\Local\Temp\VMBuilds\WaterMonitor\mzero_bl\Release\SD\utility\SdFile.cpp.o
                0x000049c4                SdFile::addCluster()
 .text._ZN6SdFile13addDirClusterEv
                0x000049f0       0x4a C:\Users\jason\AppData\Local\Temp\VMBuilds\WaterMonitor\mzero_bl\Release\SD\utility\SdFile.cpp.o
                0x000049f0                SdFile::addDirCluster()
 *fill*         0x00004a3a        0x2 
 .text._ZN6SdFile13cacheDirEntryEh
                0x00004a3c       0x1c C:\Users\jason\AppData\Local\Temp\VMBuilds\WaterMonitor\mzero_bl\Release\SD\utility\SdFile.cpp.o
                0x00004a3c                SdFile::cacheDirEntry(unsigned char)
 .text._ZN6SdFile10make83NameEPKcPh
                0x00004a58       0x8c C:\Users\jason\AppData\Local\Temp\VMBuilds\WaterMonitor\mzero_bl\Release\SD\utility\SdFile.cpp.o
                0x00004a58                SdFile::make83Name(char const*, unsigned char*)
 .text._ZN6SdFile8openRootEP8SdVolume
                0x00004ae4       0x52 C:\Users\jason\AppData\Local\Temp\VMBuilds\WaterMonitor\mzero_bl\Release\SD\utility\SdFile.cpp.o
                0x00004ae4                SdFile::openRoot(SdVolume*)
 *fill*         0x00004b36        0x2 
 .text._ZN6SdFile4readEPvt
                0x00004b38      0x10c C:\Users\jason\AppData\Local\Temp\VMBuilds\WaterMonitor\mzero_bl\Release\SD\utility\SdFile.cpp.o
                0x00004b38                SdFile::read(void*, unsigned short)
 .text._ZN6SdFile12readDirCacheEv
                0x00004c44       0x48 C:\Users\jason\AppData\Local\Temp\VMBuilds\WaterMonitor\mzero_bl\Release\SD\utility\SdFile.cpp.o
                0x00004c44                SdFile::readDirCache()
 .text._ZN6SdFile7seekSetEm
                0x00004c8c       0x64 C:\Users\jason\AppData\Local\Temp\VMBuilds\WaterMonitor\mzero_bl\Release\SD\utility\SdFile.cpp.o
                0x00004c8c                SdFile::seekSet(unsigned long)
 .text._ZN6SdFile4syncEv
                0x00004cf0       0x78 C:\Users\jason\AppData\Local\Temp\VMBuilds\WaterMonitor\mzero_bl\Release\SD\utility\SdFile.cpp.o
                0x00004cf0                SdFile::sync()
 .text._ZN6SdFile5closeEv
                0x00004d68       0x14 C:\Users\jason\AppData\Local\Temp\VMBuilds\WaterMonitor\mzero_bl\Release\SD\utility\SdFile.cpp.o
                0x00004d68                SdFile::close()
 .text._ZN6SdFile8truncateEm
                0x00004d7c       0xb4 C:\Users\jason\AppData\Local\Temp\VMBuilds\WaterMonitor\mzero_bl\Release\SD\utility\SdFile.cpp.o
                0x00004d7c                SdFile::truncate(unsigned long)
 .text._ZN6SdFile15openCachedEntryEhh
                0x00004e30       0x98 C:\Users\jason\AppData\Local\Temp\VMBuilds\WaterMonitor\mzero_bl\Release\SD\utility\SdFile.cpp.o
                0x00004e30                SdFile::openCachedEntry(unsigned char, unsigned char)
 .text._ZN6SdFile4openEPS_PKch
                0x00004ec8      0x134 C:\Users\jason\AppData\Local\Temp\VMBuilds\WaterMonitor\mzero_bl\Release\SD\utility\SdFile.cpp.o
                0x00004ec8                SdFile::open(SdFile*, char const*, unsigned char)
 .text._ZN6SdFile5writeEPKvt
                0x00004ffc      0x1ac C:\Users\jason\AppData\Local\Temp\VMBuilds\WaterMonitor\mzero_bl\Release\SD\utility\SdFile.cpp.o
                0x00004ffc                SdFile::write(void const*, unsigned short)
 .text._ZN6SdFile5writeEh
                0x000051a8       0x12 C:\Users\jason\AppData\Local\Temp\VMBuilds\WaterMonitor\mzero_bl\Release\SD\utility\SdFile.cpp.o
                0x000051a8                SdFile::write(unsigned char)
 *fill*         0x000051ba        0x2 
 .text._ZN8SdVolume10cacheFlushEv
                0x000051bc       0x54 C:\Users\jason\AppData\Local\Temp\VMBuilds\WaterMonitor\mzero_bl\Release\SD\utility\SdVolume.cpp.o
                0x000051bc                SdVolume::cacheFlush()
 .text._ZN8SdVolume13cacheRawBlockEmh
                0x00005210       0x48 C:\Users\jason\AppData\Local\Temp\VMBuilds\WaterMonitor\mzero_bl\Release\SD\utility\SdVolume.cpp.o
                0x00005210                SdVolume::cacheRawBlock(unsigned long, unsigned char)
 .text._ZN8SdVolume14cacheZeroBlockEm
                0x00005258       0x3c C:\Users\jason\AppData\Local\Temp\VMBuilds\WaterMonitor\mzero_bl\Release\SD\utility\SdVolume.cpp.o
                0x00005258                SdVolume::cacheZeroBlock(unsigned long)
 .text._ZNK8SdVolume6fatGetEmPm
                0x00005294       0x60 C:\Users\jason\AppData\Local\Temp\VMBuilds\WaterMonitor\mzero_bl\Release\SD\utility\SdVolume.cpp.o
                0x00005294                SdVolume::fatGet(unsigned long, unsigned long*) const
 .text._ZNK8SdVolume9chainSizeEmPm
                0x000052f4       0x44 C:\Users\jason\AppData\Local\Temp\VMBuilds\WaterMonitor\mzero_bl\Release\SD\utility\SdVolume.cpp.o
                0x000052f4                SdVolume::chainSize(unsigned long, unsigned long*) const
 .text._ZN8SdVolume6fatPutEmm
                0x00005338       0x88 C:\Users\jason\AppData\Local\Temp\VMBuilds\WaterMonitor\mzero_bl\Release\SD\utility\SdVolume.cpp.o
                0x00005338                SdVolume::fatPut(unsigned long, unsigned long)
 .text._ZN8SdVolume15allocContiguousEmPm
                0x000053c0       0xc8 C:\Users\jason\AppData\Local\Temp\VMBuilds\WaterMonitor\mzero_bl\Release\SD\utility\SdVolume.cpp.o
                0x000053c0                SdVolume::allocContiguous(unsigned long, unsigned long*)
 .text._ZN8SdVolume9freeChainEm
                0x00005488       0x4c C:\Users\jason\AppData\Local\Temp\VMBuilds\WaterMonitor\mzero_bl\Release\SD\utility\SdVolume.cpp.o
                0x00005488                SdVolume::freeChain(unsigned long)
 .text._ZN8SdVolume4initEP7Sd2Cardh
                0x000054d4      0x128 C:\Users\jason\AppData\Local\Temp\VMBuilds\WaterMonitor\mzero_bl\Release\SD\utility\SdVolume.cpp.o
                0x000054d4                SdVolume::init(Sd2Card*, unsigned char)
 .text._ZN7OneWire5resetEv
                0x000055fc       0x52 C:\Users\jason\AppData\Local\Temp\VMBuilds\WaterMonitor\mzero_bl\Release\OneWire\OneWire.cpp.o
                0x000055fc                OneWire::reset()
 .text._ZN7OneWire9write_bitEh
                0x0000564e       0x36 C:\Users\jason\AppData\Local\Temp\VMBuilds\WaterMonitor\mzero_bl\Release\OneWire\OneWire.cpp.o
                0x0000564e                OneWire::write_bit(unsigned char)
 .text._ZN7OneWire8read_bitEv
                0x00005684       0x2e C:\Users\jason\AppData\Local\Temp\VMBuilds\WaterMonitor\mzero_bl\Release\OneWire\OneWire.cpp.o
                0x00005684                OneWire::read_bit()
 .text._ZN7OneWire5writeEhh
                0x000056b2       0x3c C:\Users\jason\AppData\Local\Temp\VMBuilds\WaterMonitor\mzero_bl\Release\OneWire\OneWire.cpp.o
                0x000056b2                OneWire::write(unsigned char, unsigned char)
 .text._ZN7OneWire4readEv
                0x000056ee       0x24 C:\Users\jason\AppData\Local\Temp\VMBuilds\WaterMonitor\mzero_bl\Release\OneWire\OneWire.cpp.o
                0x000056ee                OneWire::read()
 .text._ZN7OneWire6selectEPKh
                0x00005712       0x22 C:\Users\jason\AppData\Local\Temp\VMBuilds\WaterMonitor\mzero_bl\Release\OneWire\OneWire.cpp.o
                0x00005712                OneWire::select(unsigned char const*)
 .text._ZN7OneWire12reset_searchEv
                0x00005734       0x1a C:\Users\jason\AppData\Local\Temp\VMBuilds\WaterMonitor\mzero_bl\Release\OneWire\OneWire.cpp.o
                0x00005734                OneWire::reset_search()
 *fill*         0x0000574e        0x2 
 .text._ZN7OneWireC2Eh
                0x00005750       0x3c C:\Users\jason\AppData\Local\Temp\VMBuilds\WaterMonitor\mzero_bl\Release\OneWire\OneWire.cpp.o
                0x00005750                OneWire::OneWire(unsigned char)
                0x00005750                OneWire::OneWire(unsigned char)
 .text._ZN7OneWire6searchEPhb
                0x0000578c       0xec C:\Users\jason\AppData\Local\Temp\VMBuilds\WaterMonitor\mzero_bl\Release\OneWire\OneWire.cpp.o
                0x0000578c                OneWire::search(unsigned char*, bool)
 .text._ZN7OneWire4crc8EPKhh
                0x00005878       0x20 C:\Users\jason\AppData\Local\Temp\VMBuilds\WaterMonitor\mzero_bl\Release\OneWire\OneWire.cpp.o
                0x00005878                OneWire::crc8(unsigned char const*, unsigned char)
 .text._ZN8SPIClass4initEv
                0x00005898       0x12 C:\Users\jason\AppData\Local\Temp\VMBuilds\WaterMonitor\mzero_bl\Release\SPI\SPI.cpp.o
                0x00005898                SPIClass::init()
 .text._ZN8SPIClass6configE11SPISettings
                0x000058aa       0x36 C:\Users\jason\AppData\Local\Temp\VMBuilds\WaterMonitor\mzero_bl\Release\SPI\SPI.cpp.o
                0x000058aa                SPIClass::config(SPISettings)
 .text._ZN8SPIClass5beginEv
                0x000058e0       0x50 C:\Users\jason\AppData\Local\Temp\VMBuilds\WaterMonitor\mzero_bl\Release\SPI\SPI.cpp.o
                0x000058e0                SPIClass::begin()
 .text._ZN8SPIClass16beginTransactionE11SPISettings
                0x00005930       0x38 C:\Users\jason\AppData\Local\Temp\VMBuilds\WaterMonitor\mzero_bl\Release\SPI\SPI.cpp.o
                0x00005930                SPIClass::beginTransaction(SPISettings)
 .text._ZN8SPIClass14endTransactionEv
                0x00005968       0x24 C:\Users\jason\AppData\Local\Temp\VMBuilds\WaterMonitor\mzero_bl\Release\SPI\SPI.cpp.o
                0x00005968                SPIClass::endTransaction()
 .text._ZN8SPIClass8transferEh
                0x0000598c        0xa C:\Users\jason\AppData\Local\Temp\VMBuilds\WaterMonitor\mzero_bl\Release\SPI\SPI.cpp.o
                0x0000598c                SPIClass::transfer(unsigned char)
 *fill*         0x00005996        0x2 
 .text.startup._GLOBAL__sub_I__ZN8SPIClassC2EP6SERCOMhhh14SercomSpiTXPad11SercomRXPad
                0x00005998       0x38 C:\Users\jason\AppData\Local\Temp\VMBuilds\WaterMonitor\mzero_bl\Release\SPI\SPI.cpp.o
 .text._ZN7TwoWire5writeEPKhj
                0x000059d0       0x24 C:\Users\jason\AppData\Local\Temp\VMBuilds\WaterMonitor\mzero_bl\Release\Wire\Wire.cpp.o
                0x000059d0                TwoWire::write(unsigned char const*, unsigned int)
 .text._ZN7TwoWire5flushEv
                0x000059f4        0x2 C:\Users\jason\AppData\Local\Temp\VMBuilds\WaterMonitor\mzero_bl\Release\Wire\Wire.cpp.o
                0x000059f4                TwoWire::flush()
 .text._ZN7TwoWire4readEv
                0x000059f6        0xa C:\Users\jason\AppData\Local\Temp\VMBuilds\WaterMonitor\mzero_bl\Release\Wire\Wire.cpp.o
                0x000059f6                TwoWire::read()
 .text._ZN7TwoWire9availableEv
                0x00005a00        0xa C:\Users\jason\AppData\Local\Temp\VMBuilds\WaterMonitor\mzero_bl\Release\Wire\Wire.cpp.o
                0x00005a00                TwoWire::available()
 .text._ZN7TwoWire5writeEh
                0x00005a0a       0x28 C:\Users\jason\AppData\Local\Temp\VMBuilds\WaterMonitor\mzero_bl\Release\Wire\Wire.cpp.o
                0x00005a0a                TwoWire::write(unsigned char)
 .text._ZN7TwoWire4peekEv
                0x00005a32        0xa C:\Users\jason\AppData\Local\Temp\VMBuilds\WaterMonitor\mzero_bl\Release\Wire\Wire.cpp.o
                0x00005a32                TwoWire::peek()
 .text._ZN7TwoWireC2EP6SERCOMhh
                0x00005a3c       0x3c C:\Users\jason\AppData\Local\Temp\VMBuilds\WaterMonitor\mzero_bl\Release\Wire\Wire.cpp.o
                0x00005a3c                TwoWire::TwoWire(SERCOM*, unsigned char, unsigned char)
                0x00005a3c                TwoWire::TwoWire(SERCOM*, unsigned char, unsigned char)
 .text._ZN7TwoWire5beginEv
                0x00005a78       0x40 C:\Users\jason\AppData\Local\Temp\VMBuilds\WaterMonitor\mzero_bl\Release\Wire\Wire.cpp.o
                0x00005a78                TwoWire::begin()
 .text._ZN7TwoWire11requestFromEhjb
                0x00005ab8       0x76 C:\Users\jason\AppData\Local\Temp\VMBuilds\WaterMonitor\mzero_bl\Release\Wire\Wire.cpp.o
                0x00005ab8                TwoWire::requestFrom(unsigned char, unsigned int, bool)
 .text._ZN7TwoWire11requestFromEhj
                0x00005b2e        0xa C:\Users\jason\AppData\Local\Temp\VMBuilds\WaterMonitor\mzero_bl\Release\Wire\Wire.cpp.o
                0x00005b2e                TwoWire::requestFrom(unsigned char, unsigned int)
 .text._ZN7TwoWire15endTransmissionEb
                0x00005b38       0x66 C:\Users\jason\AppData\Local\Temp\VMBuilds\WaterMonitor\mzero_bl\Release\Wire\Wire.cpp.o
                0x00005b38                TwoWire::endTransmission(bool)
 .text._ZN7TwoWire15endTransmissionEv
                0x00005b9e        0xa C:\Users\jason\AppData\Local\Temp\VMBuilds\WaterMonitor\mzero_bl\Release\Wire\Wire.cpp.o
                0x00005b9e                TwoWire::endTransmission()
 .text._ZN7TwoWire9onServiceEv
                0x00005ba8      0x104 C:\Users\jason\AppData\Local\Temp\VMBuilds\WaterMonitor\mzero_bl\Release\Wire\Wire.cpp.o
                0x00005ba8                TwoWire::onService()
 .text.SERCOM3_Handler
                0x00005cac       0x10 C:\Users\jason\AppData\Local\Temp\VMBuilds\WaterMonitor\mzero_bl\Release\Wire\Wire.cpp.o
                0x00005cac                SERCOM3_Handler
 .text.startup._GLOBAL__sub_I__ZN7TwoWireC2EP6SERCOMhh
                0x00005cbc       0x18 C:\Users\jason\AppData\Local\Temp\VMBuilds\WaterMonitor\mzero_bl\Release\Wire\Wire.cpp.o
 .text.startup._GLOBAL__sub_I_inputstring
                0x00005cd4       0x48 C:\Users\jason\AppData\Local\Temp\VMBuilds\WaterMonitor\mzero_bl\Release\GravityDo.cpp.o
 .text._ZN9GravityEc8getValueEv
                0x00005d1c        0x6 C:\Users\jason\AppData\Local\Temp\VMBuilds\WaterMonitor\mzero_bl\Release\GravityEc.cpp.o
                0x00005d1c                GravityEc::getValue()
 .text._ZN9GravityEc5setupEv
                0x00005d22       0x1a C:\Users\jason\AppData\Local\Temp\VMBuilds\WaterMonitor\mzero_bl\Release\GravityEc.cpp.o
                0x00005d22                GravityEc::setup()
 *fill*         0x00005d3c        0x4 
 .text._ZN9GravityEcC2EP12IWaterSensor
                0x00005d40       0x58 C:\Users\jason\AppData\Local\Temp\VMBuilds\WaterMonitor\mzero_bl\Release\GravityEc.cpp.o
                0x00005d40                GravityEc::GravityEc(IWaterSensor*)
                0x00005d40                GravityEc::GravityEc(IWaterSensor*)
 .text._ZN9GravityEc22calculateAnalogAverageEv
                0x00005d98       0x88 C:\Users\jason\AppData\Local\Temp\VMBuilds\WaterMonitor\mzero_bl\Release\GravityEc.cpp.o
                0x00005d98                GravityEc::calculateAnalogAverage()
 .text._ZN9GravityEc11calculateEcEv
                0x00005e20      0x1a8 C:\Users\jason\AppData\Local\Temp\VMBuilds\WaterMonitor\mzero_bl\Release\GravityEc.cpp.o
                0x00005e20                GravityEc::calculateEc()
 .text._ZN9GravityEc6updateEv
                0x00005fc8       0x10 C:\Users\jason\AppData\Local\Temp\VMBuilds\WaterMonitor\mzero_bl\Release\GravityEc.cpp.o
                0x00005fc8                GravityEc::update()
 .text._ZN10GravityOrp5setupEv
                0x00005fd8        0x2 C:\Users\jason\AppData\Local\Temp\VMBuilds\WaterMonitor\mzero_bl\Release\GravityOrp.cpp.o
                0x00005fd8                GravityOrp::setup()
 .text._ZN10GravityOrp8getValueEv
                0x00005fda        0x6 C:\Users\jason\AppData\Local\Temp\VMBuilds\WaterMonitor\mzero_bl\Release\GravityOrp.cpp.o
                0x00005fda                GravityOrp::getValue()
 .text._ZN10GravityOrp6updateEv
                0x00005fe0      0x158 C:\Users\jason\AppData\Local\Temp\VMBuilds\WaterMonitor\mzero_bl\Release\GravityOrp.cpp.o
                0x00005fe0                GravityOrp::update()
 .text._ZN10GravityOrpC2Ev
                0x00006138       0x40 C:\Users\jason\AppData\Local\Temp\VMBuilds\WaterMonitor\mzero_bl\Release\GravityOrp.cpp.o
                0x00006138                GravityOrp::GravityOrp()
                0x00006138                GravityOrp::GravityOrp()
 .text._ZN9GravityPh8getValueEv
                0x00006178        0x6 C:\Users\jason\AppData\Local\Temp\VMBuilds\WaterMonitor\mzero_bl\Release\GravityPh.cpp.o
                0x00006178                GravityPh::getValue()
 .text._ZN9GravityPh5setupEv
                0x0000617e        0xc C:\Users\jason\AppData\Local\Temp\VMBuilds\WaterMonitor\mzero_bl\Release\GravityPh.cpp.o
                0x0000617e                GravityPh::setup()
 *fill*         0x0000618a        0x6 
 .text._ZN9GravityPh6updateEv
                0x00006190      0x108 C:\Users\jason\AppData\Local\Temp\VMBuilds\WaterMonitor\mzero_bl\Release\GravityPh.cpp.o
                0x00006190                GravityPh::update()
 .text._ZN9GravityPhC2Ev
                0x00006298       0x38 C:\Users\jason\AppData\Local\Temp\VMBuilds\WaterMonitor\mzero_bl\Release\GravityPh.cpp.o
                0x00006298                GravityPh::GravityPh()
                0x00006298                GravityPh::GravityPh()
 .text._ZN10GravityRtcC2Ev
                0x000062d0       0x20 C:\Users\jason\AppData\Local\Temp\VMBuilds\WaterMonitor\mzero_bl\Release\GravityRtc.cpp.o
                0x000062d0                GravityRtc::GravityRtc()
                0x000062d0                GravityRtc::GravityRtc()
 .text._ZN10GravityRtcD2Ev
                0x000062f0        0x2 C:\Users\jason\AppData\Local\Temp\VMBuilds\WaterMonitor\mzero_bl\Release\GravityRtc.cpp.o
                0x000062f0                GravityRtc::~GravityRtc()
                0x000062f0                GravityRtc::~GravityRtc()
 *fill*         0x000062f2        0x2 
 .text._ZN10GravityRtc5setupEv
                0x000062f4       0x10 C:\Users\jason\AppData\Local\Temp\VMBuilds\WaterMonitor\mzero_bl\Release\GravityRtc.cpp.o
                0x000062f4                GravityRtc::setup()
 .text._ZN10GravityRtc10processRtcEv
                0x00006304       0x5c C:\Users\jason\AppData\Local\Temp\VMBuilds\WaterMonitor\mzero_bl\Release\GravityRtc.cpp.o
                0x00006304                GravityRtc::processRtc()
 .text._ZN10GravityRtc7readRtcEv
                0x00006360       0x40 C:\Users\jason\AppData\Local\Temp\VMBuilds\WaterMonitor\mzero_bl\Release\GravityRtc.cpp.o
                0x00006360                GravityRtc::readRtc()
 .text._ZN10GravityRtc6updateEv
                0x000063a0       0x28 C:\Users\jason\AppData\Local\Temp\VMBuilds\WaterMonitor\mzero_bl\Release\GravityRtc.cpp.o
                0x000063a0                GravityRtc::update()
 .text._ZN9GravitySd8getValueEv
                0x000063c8       0x10 C:\Users\jason\AppData\Local\Temp\VMBuilds\WaterMonitor\mzero_bl\Release\GravitySd.cpp.o
                0x000063c8                GravitySd::getValue()
 .text._ZN9GravitySd5setupEv
                0x000063d8       0xa8 C:\Users\jason\AppData\Local\Temp\VMBuilds\WaterMonitor\mzero_bl\Release\GravitySd.cpp.o
                0x000063d8                GravitySd::setup()
 .text._ZN9GravitySdC2EPP12IWaterSensor
                0x00006480       0x24 C:\Users\jason\AppData\Local\Temp\VMBuilds\WaterMonitor\mzero_bl\Release\GravitySd.cpp.o
                0x00006480                GravitySd::GravitySd(IWaterSensor**)
                0x00006480                GravitySd::GravitySd(IWaterSensor**)
 .text._ZN9GravitySd13connectStringEd
                0x000064a4       0x34 C:\Users\jason\AppData\Local\Temp\VMBuilds\WaterMonitor\mzero_bl\Release\GravitySd.cpp.o
                0x000064a4                GravitySd::connectString(double)
 .text._ZN9GravitySd6updateEv
                0x000064d8      0x208 C:\Users\jason\AppData\Local\Temp\VMBuilds\WaterMonitor\mzero_bl\Release\GravitySd.cpp.o
                0x000064d8                GravitySd::update()
 .text.startup._GLOBAL__sub_I_dataString
                0x000066e0       0x28 C:\Users\jason\AppData\Local\Temp\VMBuilds\WaterMonitor\mzero_bl\Release\GravitySd.cpp.o
 .text._ZN16GravitySensorHubC2Ev
                0x00006708       0x6c C:\Users\jason\AppData\Local\Temp\VMBuilds\WaterMonitor\mzero_bl\Release\GravitySensorHub.cpp.o
                0x00006708                GravitySensorHub::GravitySensorHub()
                0x00006708                GravitySensorHub::GravitySensorHub()
 .text._ZN16GravitySensorHubD2Ev
                0x00006774       0x1a C:\Users\jason\AppData\Local\Temp\VMBuilds\WaterMonitor\mzero_bl\Release\GravitySensorHub.cpp.o
                0x00006774                GravitySensorHub::~GravitySensorHub()
                0x00006774                GravitySensorHub::~GravitySensorHub()
 .text._ZN16GravitySensorHub5setupEv
                0x0000678e       0x1a C:\Users\jason\AppData\Local\Temp\VMBuilds\WaterMonitor\mzero_bl\Release\GravitySensorHub.cpp.o
                0x0000678e                GravitySensorHub::setup()
 .text._ZN16GravitySensorHub6updateEv
                0x000067a8       0x1a C:\Users\jason\AppData\Local\Temp\VMBuilds\WaterMonitor\mzero_bl\Release\GravitySensorHub.cpp.o
                0x000067a8                GravitySensorHub::update()
 .text._ZN18GravityTemperature5setupEv
                0x000067c2        0x2 C:\Users\jason\AppData\Local\Temp\VMBuilds\WaterMonitor\mzero_bl\Release\GravityTemperature.cpp.o
                0x000067c2                GravityTemperature::setup()
 .text._ZN18GravityTemperature8getValueEv
                0x000067c4        0x6 C:\Users\jason\AppData\Local\Temp\VMBuilds\WaterMonitor\mzero_bl\Release\GravityTemperature.cpp.o
                0x000067c4                GravityTemperature::getValue()
 *fill*         0x000067ca        0x2 
 .text._ZN18GravityTemperatureC2EP7OneWire
                0x000067cc       0x18 C:\Users\jason\AppData\Local\Temp\VMBuilds\WaterMonitor\mzero_bl\Release\GravityTemperature.cpp.o
                0x000067cc                GravityTemperature::GravityTemperature(OneWire*)
                0x000067cc                GravityTemperature::GravityTemperature(OneWire*)
 *fill*         0x000067e4        0x4 
 .text._ZN18GravityTemperature11TempProcessEb
                0x000067e8       0xf0 C:\Users\jason\AppData\Local\Temp\VMBuilds\WaterMonitor\mzero_bl\Release\GravityTemperature.cpp.o
                0x000067e8                GravityTemperature::TempProcess(bool)
 .text._ZN18GravityTemperature6updateEv
                0x000068d8       0x2e C:\Users\jason\AppData\Local\Temp\VMBuilds\WaterMonitor\mzero_bl\Release\GravityTemperature.cpp.o
                0x000068d8                GravityTemperature::update()
 *fill*         0x00006906        0x2 
 .text.SERCOM0_Handler
                0x00006908       0x10 C:\Users\jason\AppData\Local\Temp\VMBuilds\WaterMonitor\mzero_bl\Release\variant\variant.cpp.o
                0x00006908                SERCOM0_Handler
 .text.SERCOM5_Handler
                0x00006918       0x10 C:\Users\jason\AppData\Local\Temp\VMBuilds\WaterMonitor\mzero_bl\Release\variant\variant.cpp.o
                0x00006918                SERCOM5_Handler
 .text.startup._GLOBAL__sub_I_g_APinDescription
                0x00006928       0x94 C:\Users\jason\AppData\Local\Temp\VMBuilds\WaterMonitor\mzero_bl\Release\variant\variant.cpp.o
 .text.Dummy_Handler
                0x000069bc        0x2 C:\Users\jason\AppData\Local\Temp\VMBuilds\WaterMonitor\mzero_bl\Release/core.a(cortex_handlers.c.o)
                0x000069bc                DMAC_Handler
                0x000069bc                HardFault_Handler
                0x000069bc                AC_Handler
                0x000069bc                PendSV_Handler
                0x000069bc                NMI_Handler
                0x000069bc                TC7_Handler
                0x000069bc                SERCOM1_Handler
                0x000069bc                ADC_Handler
                0x000069bc                TCC1_Handler
                0x000069bc                SERCOM2_Handler
                0x000069bc                TCC0_Handler
                0x000069bc                RTC_Handler
                0x000069bc                EIC_Handler
                0x000069bc                TC6_Handler
                0x000069bc                WDT_Handler
                0x000069bc                TC4_Handler
                0x000069bc                TC3_Handler
                0x000069bc                Dummy_Handler
                0x000069bc                PM_Handler
                0x000069bc                SVC_Handler
                0x000069bc                TCC2_Handler
                0x000069bc                EVSYS_Handler
                0x000069bc                SERCOM4_Handler
                0x000069bc                I2S_Handler
                0x000069bc                NVMCTRL_Handler
                0x000069bc                DAC_Handler
                0x000069bc                PTC_Handler
                0x000069bc                SYSCTRL_Handler
 *fill*         0x000069be        0x2 
 .text.USB_Handler
                0x000069c0       0x14 C:\Users\jason\AppData\Local\Temp\VMBuilds\WaterMonitor\mzero_bl\Release/core.a(cortex_handlers.c.o)
                0x000069c0                USB_Handler
 .text.Reset_Handler
                0x000069d4       0x54 C:\Users\jason\AppData\Local\Temp\VMBuilds\WaterMonitor\mzero_bl\Release/core.a(cortex_handlers.c.o)
                0x000069d4                Reset_Handler
 .text.SysTick_Handler
                0x00006a28       0x10 C:\Users\jason\AppData\Local\Temp\VMBuilds\WaterMonitor\mzero_bl\Release/core.a(cortex_handlers.c.o)
                0x00006a28                SysTick_Handler
 .text.USB_SetHandler
                0x00006a38        0xc C:\Users\jason\AppData\Local\Temp\VMBuilds\WaterMonitor\mzero_bl\Release/core.a(cortex_handlers.c.o)
                0x00006a38                USB_SetHandler
 .text.millis   0x00006a44        0xc C:\Users\jason\AppData\Local\Temp\VMBuilds\WaterMonitor\mzero_bl\Release/core.a(delay.c.o)
                0x00006a44                millis
 .text.delay    0x00006a50       0x20 C:\Users\jason\AppData\Local\Temp\VMBuilds\WaterMonitor\mzero_bl\Release/core.a(delay.c.o)
                0x00006a50                delay
 .text.SysTick_DefaultHandler
                0x00006a70       0x14 C:\Users\jason\AppData\Local\Temp\VMBuilds\WaterMonitor\mzero_bl\Release/core.a(delay.c.o)
                0x00006a70                SysTick_DefaultHandler
 .text.__empty  0x00006a84        0x2 C:\Users\jason\AppData\Local\Temp\VMBuilds\WaterMonitor\mzero_bl\Release/core.a(hooks.c.o)
                0x00006a84                yield
 .text.__false  0x00006a86        0x4 C:\Users\jason\AppData\Local\Temp\VMBuilds\WaterMonitor\mzero_bl\Release/core.a(hooks.c.o)
                0x00006a86                sysTickHook
 *fill*         0x00006a8a        0x2 
 .text.SystemInit
                0x00006a8c      0x16c C:\Users\jason\AppData\Local\Temp\VMBuilds\WaterMonitor\mzero_bl\Release/core.a(startup.c.o)
                0x00006a8c                SystemInit
 .text.init     0x00006bf8       0xf0 C:\Users\jason\AppData\Local\Temp\VMBuilds\WaterMonitor\mzero_bl\Release/core.a(wiring.c.o)
                0x00006bf8                init
 .text.mapResolution
                0x00006ce8       0x12 C:\Users\jason\AppData\Local\Temp\VMBuilds\WaterMonitor\mzero_bl\Release/core.a(wiring_analog.c.o)
 *fill*         0x00006cfa        0x2 
 .text.analogReference
                0x00006cfc       0x5c C:\Users\jason\AppData\Local\Temp\VMBuilds\WaterMonitor\mzero_bl\Release/core.a(wiring_analog.c.o)
                0x00006cfc                analogReference
 .text.analogRead
                0x00006d58       0xd4 C:\Users\jason\AppData\Local\Temp\VMBuilds\WaterMonitor\mzero_bl\Release/core.a(wiring_analog.c.o)
                0x00006d58                analogRead
 .text.pinMode  0x00006e2c       0xb4 C:\Users\jason\AppData\Local\Temp\VMBuilds\WaterMonitor\mzero_bl\Release/core.a(wiring_digital.c.o)
                0x00006e2c                pinMode
 .text.digitalWrite
                0x00006ee0       0x60 C:\Users\jason\AppData\Local\Temp\VMBuilds\WaterMonitor\mzero_bl\Release/core.a(wiring_digital.c.o)
                0x00006ee0                digitalWrite
 .text.pinPeripheral
                0x00006f40       0xc4 C:\Users\jason\AppData\Local\Temp\VMBuilds\WaterMonitor\mzero_bl\Release/core.a(wiring_private.c.o)
                0x00006f40                pinPeripheral
 .text._Z11initVariantv
                0x00007004        0x2 C:\Users\jason\AppData\Local\Temp\VMBuilds\WaterMonitor\mzero_bl\Release/core.a(main.cpp.o)
                0x00007004                initVariant()
 *fill*         0x00007006        0x2 
 .text.startup.main
                0x00007008       0x40 C:\Users\jason\AppData\Local\Temp\VMBuilds\WaterMonitor\mzero_bl\Release/core.a(main.cpp.o)
                0x00007008                main
 .text._Znwj    0x00007048        0x8 C:\Users\jason\AppData\Local\Temp\VMBuilds\WaterMonitor\mzero_bl\Release/core.a(new.cpp.o)
                0x00007048                operator new(unsigned int)
 .text._ZdlPv   0x00007050        0x8 C:\Users\jason\AppData\Local\Temp\VMBuilds\WaterMonitor\mzero_bl\Release/core.a(new.cpp.o)
                0x00007050                operator delete(void*)
 .text._ZN5Print5writeEPKhj
                0x00007058       0x28 C:\Users\jason\AppData\Local\Temp\VMBuilds\WaterMonitor\mzero_bl\Release/core.a(Print.cpp.o)
                0x00007058                Print::write(unsigned char const*, unsigned int)
 .text._ZN5Print5writeEPKc
                0x00007080       0x1c C:\Users\jason\AppData\Local\Temp\VMBuilds\WaterMonitor\mzero_bl\Release/core.a(Print.cpp.o)
                0x00007080                Print::write(char const*)
 .text._ZN5Print5printERK6String
                0x0000709c       0x10 C:\Users\jason\AppData\Local\Temp\VMBuilds\WaterMonitor\mzero_bl\Release/core.a(Print.cpp.o)
                0x0000709c                Print::print(String const&)
 .text._ZN5Print5printEPKc
                0x000070ac        0x8 C:\Users\jason\AppData\Local\Temp\VMBuilds\WaterMonitor\mzero_bl\Release/core.a(Print.cpp.o)
                0x000070ac                Print::print(char const*)
 .text._ZN5Print7printlnEv
                0x000070b4       0x10 C:\Users\jason\AppData\Local\Temp\VMBuilds\WaterMonitor\mzero_bl\Release/core.a(Print.cpp.o)
                0x000070b4                Print::println()
 .text._ZN5Print7printlnERK6String
                0x000070c4       0x14 C:\Users\jason\AppData\Local\Temp\VMBuilds\WaterMonitor\mzero_bl\Release/core.a(Print.cpp.o)
                0x000070c4                Print::println(String const&)
 .text._ZN5Print7printlnEPKc
                0x000070d8       0x14 C:\Users\jason\AppData\Local\Temp\VMBuilds\WaterMonitor\mzero_bl\Release/core.a(Print.cpp.o)
                0x000070d8                Print::println(char const*)
 .text.initiateReset
                0x000070ec        0xc C:\Users\jason\AppData\Local\Temp\VMBuilds\WaterMonitor\mzero_bl\Release/core.a(Reset.cpp.o)
                0x000070ec                initiateReset
 .text.cancelReset
                0x000070f8       0x10 C:\Users\jason\AppData\Local\Temp\VMBuilds\WaterMonitor\mzero_bl\Release/core.a(Reset.cpp.o)
                0x000070f8                cancelReset
 .text.tickReset
                0x00007108       0x74 C:\Users\jason\AppData\Local\Temp\VMBuilds\WaterMonitor\mzero_bl\Release/core.a(Reset.cpp.o)
                0x00007108                tickReset
 .text._ZN10RingBufferC2Ev
                0x0000717c       0x16 C:\Users\jason\AppData\Local\Temp\VMBuilds\WaterMonitor\mzero_bl\Release/core.a(RingBuffer.cpp.o)
                0x0000717c                RingBuffer::RingBuffer()
                0x0000717c                RingBuffer::RingBuffer()
 .text._ZN10RingBuffer10store_charEh
                0x00007192       0x16 C:\Users\jason\AppData\Local\Temp\VMBuilds\WaterMonitor\mzero_bl\Release/core.a(RingBuffer.cpp.o)
                0x00007192                RingBuffer::store_char(unsigned char)
 .text._ZN10RingBuffer5clearEv
                0x000071a8        0x8 C:\Users\jason\AppData\Local\Temp\VMBuilds\WaterMonitor\mzero_bl\Release/core.a(RingBuffer.cpp.o)
                0x000071a8                RingBuffer::clear()
 .text._ZN10RingBuffer9read_charEv
                0x000071b0       0x1c C:\Users\jason\AppData\Local\Temp\VMBuilds\WaterMonitor\mzero_bl\Release/core.a(RingBuffer.cpp.o)
                0x000071b0                RingBuffer::read_char()
 .text._ZN10RingBuffer9availableEv
                0x000071cc        0xc C:\Users\jason\AppData\Local\Temp\VMBuilds\WaterMonitor\mzero_bl\Release/core.a(RingBuffer.cpp.o)
                0x000071cc                RingBuffer::available()
 .text._ZN10RingBuffer4peekEv
                0x000071d8       0x12 C:\Users\jason\AppData\Local\Temp\VMBuilds\WaterMonitor\mzero_bl\Release/core.a(RingBuffer.cpp.o)
                0x000071d8                RingBuffer::peek()
 .text._ZN10RingBuffer6isFullEv
                0x000071ea       0x14 C:\Users\jason\AppData\Local\Temp\VMBuilds\WaterMonitor\mzero_bl\Release/core.a(RingBuffer.cpp.o)
                0x000071ea                RingBuffer::isFull()
 .text._ZN6SERCOMC2EP6Sercom
                0x000071fe        0x4 C:\Users\jason\AppData\Local\Temp\VMBuilds\WaterMonitor\mzero_bl\Release/core.a(SERCOM.cpp.o)
                0x000071fe                SERCOM::SERCOM(Sercom*)
                0x000071fe                SERCOM::SERCOM(Sercom*)
 .text._ZN6SERCOM9initFrameE18SercomUartCharSize15SercomDataOrder16SercomParityMode19SercomNumberStopBit
                0x00007202       0x38 C:\Users\jason\AppData\Local\Temp\VMBuilds\WaterMonitor\mzero_bl\Release/core.a(SERCOM.cpp.o)
                0x00007202                SERCOM::initFrame(SercomUartCharSize, SercomDataOrder, SercomParityMode, SercomNumberStopBit)
 .text._ZN6SERCOM8initPadsE15SercomUartTXPad11SercomRXPad
                0x0000723a       0x26 C:\Users\jason\AppData\Local\Temp\VMBuilds\WaterMonitor\mzero_bl\Release/core.a(SERCOM.cpp.o)
                0x0000723a                SERCOM::initPads(SercomUartTXPad, SercomRXPad)
 .text._ZN6SERCOM9resetUARTEv
                0x00007260       0x1c C:\Users\jason\AppData\Local\Temp\VMBuilds\WaterMonitor\mzero_bl\Release/core.a(SERCOM.cpp.o)
                0x00007260                SERCOM::resetUART()
 .text._ZN6SERCOM10enableUARTEv
                0x0000727c       0x14 C:\Users\jason\AppData\Local\Temp\VMBuilds\WaterMonitor\mzero_bl\Release/core.a(SERCOM.cpp.o)
                0x0000727c                SERCOM::enableUART()
 .text._ZN6SERCOM9flushUARTEv
                0x00007290       0x10 C:\Users\jason\AppData\Local\Temp\VMBuilds\WaterMonitor\mzero_bl\Release/core.a(SERCOM.cpp.o)
                0x00007290                SERCOM::flushUART()
 .text._ZN6SERCOM15clearStatusUARTEv
                0x000072a0        0x8 C:\Users\jason\AppData\Local\Temp\VMBuilds\WaterMonitor\mzero_bl\Release/core.a(SERCOM.cpp.o)
                0x000072a0                SERCOM::clearStatusUART()
 .text._ZN6SERCOM17availableDataUARTEv
                0x000072a8        0xa C:\Users\jason\AppData\Local\Temp\VMBuilds\WaterMonitor\mzero_bl\Release/core.a(SERCOM.cpp.o)
                0x000072a8                SERCOM::availableDataUART()
 .text._ZN6SERCOM11isUARTErrorEv
                0x000072b2        0x8 C:\Users\jason\AppData\Local\Temp\VMBuilds\WaterMonitor\mzero_bl\Release/core.a(SERCOM.cpp.o)
                0x000072b2                SERCOM::isUARTError()
 .text._ZN6SERCOM20acknowledgeUARTErrorEv
                0x000072ba        0xe C:\Users\jason\AppData\Local\Temp\VMBuilds\WaterMonitor\mzero_bl\Release/core.a(SERCOM.cpp.o)
                0x000072ba                SERCOM::acknowledgeUARTError()
 .text._ZN6SERCOM12readDataUARTEv
                0x000072c8        0x8 C:\Users\jason\AppData\Local\Temp\VMBuilds\WaterMonitor\mzero_bl\Release/core.a(SERCOM.cpp.o)
                0x000072c8                SERCOM::readDataUART()
 .text._ZN6SERCOM13writeDataUARTEh
                0x000072d0        0xe C:\Users\jason\AppData\Local\Temp\VMBuilds\WaterMonitor\mzero_bl\Release/core.a(SERCOM.cpp.o)
                0x000072d0                SERCOM::writeDataUART(unsigned char)
 *fill*         0x000072de        0x2 
 .text._ZN6SERCOM12initSPIClockE18SercomSpiClockModem
                0x000072e0       0x30 C:\Users\jason\AppData\Local\Temp\VMBuilds\WaterMonitor\mzero_bl\Release/core.a(SERCOM.cpp.o)
                0x000072e0                SERCOM::initSPIClock(SercomSpiClockMode, unsigned long)
 .text._ZN6SERCOM8resetSPIEv
                0x00007310       0x1c C:\Users\jason\AppData\Local\Temp\VMBuilds\WaterMonitor\mzero_bl\Release/core.a(SERCOM.cpp.o)
                0x00007310                SERCOM::resetSPI()
 .text._ZN6SERCOM9enableSPIEv
                0x0000732c       0x14 C:\Users\jason\AppData\Local\Temp\VMBuilds\WaterMonitor\mzero_bl\Release/core.a(SERCOM.cpp.o)
                0x0000732c                SERCOM::enableSPI()
 .text._ZN6SERCOM10disableSPIEv
                0x00007340       0x12 C:\Users\jason\AppData\Local\Temp\VMBuilds\WaterMonitor\mzero_bl\Release/core.a(SERCOM.cpp.o)
                0x00007340                SERCOM::disableSPI()
 .text._ZN6SERCOM15transferDataSPIEh
                0x00007352       0x1a C:\Users\jason\AppData\Local\Temp\VMBuilds\WaterMonitor\mzero_bl\Release/core.a(SERCOM.cpp.o)
                0x00007352                SERCOM::transferDataSPI(unsigned char)
 .text._ZN6SERCOM9resetWIREEv
                0x0000736c       0x1c C:\Users\jason\AppData\Local\Temp\VMBuilds\WaterMonitor\mzero_bl\Release/core.a(SERCOM.cpp.o)
                0x0000736c                SERCOM::resetWIRE()
 .text._ZN6SERCOM10enableWIREEv
                0x00007388       0x28 C:\Users\jason\AppData\Local\Temp\VMBuilds\WaterMonitor\mzero_bl\Release/core.a(SERCOM.cpp.o)
                0x00007388                SERCOM::enableWIRE()
 .text._ZN6SERCOM18prepareNackBitWIREEv
                0x000073b0       0x10 C:\Users\jason\AppData\Local\Temp\VMBuilds\WaterMonitor\mzero_bl\Release/core.a(SERCOM.cpp.o)
                0x000073b0                SERCOM::prepareNackBitWIRE()
 .text._ZN6SERCOM17prepareAckBitWIREEv
                0x000073c0       0x14 C:\Users\jason\AppData\Local\Temp\VMBuilds\WaterMonitor\mzero_bl\Release/core.a(SERCOM.cpp.o)
                0x000073c0                SERCOM::prepareAckBitWIRE()
 .text._ZN6SERCOM22prepareCommandBitsWireEh
                0x000073d4       0x2c C:\Users\jason\AppData\Local\Temp\VMBuilds\WaterMonitor\mzero_bl\Release/core.a(SERCOM.cpp.o)
                0x000073d4                SERCOM::prepareCommandBitsWire(unsigned char)
 .text._ZN6SERCOM21startTransmissionWIREEh23SercomWireReadWriteFlag
                0x00007400       0x5e C:\Users\jason\AppData\Local\Temp\VMBuilds\WaterMonitor\mzero_bl\Release/core.a(SERCOM.cpp.o)
                0x00007400                SERCOM::startTransmissionWIRE(unsigned char, SercomWireReadWriteFlag)
 .text._ZN6SERCOM18sendDataMasterWIREEh
                0x0000745e       0x22 C:\Users\jason\AppData\Local\Temp\VMBuilds\WaterMonitor\mzero_bl\Release/core.a(SERCOM.cpp.o)
                0x0000745e                SERCOM::sendDataMasterWIRE(unsigned char)
 .text._ZN6SERCOM17sendDataSlaveWIREEh
                0x00007480       0x1a C:\Users\jason\AppData\Local\Temp\VMBuilds\WaterMonitor\mzero_bl\Release/core.a(SERCOM.cpp.o)
                0x00007480                SERCOM::sendDataSlaveWIRE(unsigned char)
 .text._ZN6SERCOM11isSlaveWIREEv
                0x0000749a       0x12 C:\Users\jason\AppData\Local\Temp\VMBuilds\WaterMonitor\mzero_bl\Release/core.a(SERCOM.cpp.o)
                0x0000749a                SERCOM::isSlaveWIRE()
 .text._ZN6SERCOM15isDataReadyWIREEv
                0x000074ac        0xa C:\Users\jason\AppData\Local\Temp\VMBuilds\WaterMonitor\mzero_bl\Release/core.a(SERCOM.cpp.o)
                0x000074ac                SERCOM::isDataReadyWIRE()
 .text._ZN6SERCOM18isStopDetectedWIREEv
                0x000074b6        0xa C:\Users\jason\AppData\Local\Temp\VMBuilds\WaterMonitor\mzero_bl\Release/core.a(SERCOM.cpp.o)
                0x000074b6                SERCOM::isStopDetectedWIRE()
 .text._ZN6SERCOM21isRestartDetectedWIREEv
                0x000074c0        0xa C:\Users\jason\AppData\Local\Temp\VMBuilds\WaterMonitor\mzero_bl\Release/core.a(SERCOM.cpp.o)
                0x000074c0                SERCOM::isRestartDetectedWIRE()
 .text._ZN6SERCOM14isAddressMatchEv
                0x000074ca        0xa C:\Users\jason\AppData\Local\Temp\VMBuilds\WaterMonitor\mzero_bl\Release/core.a(SERCOM.cpp.o)
                0x000074ca                SERCOM::isAddressMatch()
 .text._ZN6SERCOM25isMasterReadOperationWIREEv
                0x000074d4        0xa C:\Users\jason\AppData\Local\Temp\VMBuilds\WaterMonitor\mzero_bl\Release/core.a(SERCOM.cpp.o)
                0x000074d4                SERCOM::isMasterReadOperationWIRE()
 .text._ZN6SERCOM12readDataWIREEv
                0x000074de       0x1a C:\Users\jason\AppData\Local\Temp\VMBuilds\WaterMonitor\mzero_bl\Release/core.a(SERCOM.cpp.o)
                0x000074de                SERCOM::readDataWIRE()
 .text._ZN6SERCOM13initClockNVICEv
                0x000074f8       0xac C:\Users\jason\AppData\Local\Temp\VMBuilds\WaterMonitor\mzero_bl\Release/core.a(SERCOM.cpp.o)
                0x000074f8                SERCOM::initClockNVIC()
 .text._ZN6SERCOM8initUARTE14SercomUartMode20SercomUartSampleRatem
                0x000075a4       0x6c C:\Users\jason\AppData\Local\Temp\VMBuilds\WaterMonitor\mzero_bl\Release/core.a(SERCOM.cpp.o)
                0x000075a4                SERCOM::initUART(SercomUartMode, SercomUartSampleRate, unsigned long)
 .text._ZN6SERCOM7initSPIE14SercomSpiTXPad11SercomRXPad17SercomSpiCharSize15SercomDataOrder
                0x00007610       0x48 C:\Users\jason\AppData\Local\Temp\VMBuilds\WaterMonitor\mzero_bl\Release/core.a(SERCOM.cpp.o)
                0x00007610                SERCOM::initSPI(SercomSpiTXPad, SercomRXPad, SercomSpiCharSize, SercomDataOrder)
 .text._ZN6SERCOM14initMasterWIREEm
                0x00007658       0x38 C:\Users\jason\AppData\Local\Temp\VMBuilds\WaterMonitor\mzero_bl\Release/core.a(SERCOM.cpp.o)
                0x00007658                SERCOM::initMasterWIRE(unsigned long)
 .text._ZN4UartcvbEv
                0x00007690        0x4 C:\Users\jason\AppData\Local\Temp\VMBuilds\WaterMonitor\mzero_bl\Release/core.a(Uart.cpp.o)
                0x00007690                Uart::operator bool()
 .text._ZN4Uart5beginEm
                0x00007694       0x10 C:\Users\jason\AppData\Local\Temp\VMBuilds\WaterMonitor\mzero_bl\Release/core.a(Uart.cpp.o)
                0x00007694                Uart::begin(unsigned long)
 .text._ZN4Uart3endEv
                0x000076a4       0x14 C:\Users\jason\AppData\Local\Temp\VMBuilds\WaterMonitor\mzero_bl\Release/core.a(Uart.cpp.o)
                0x000076a4                Uart::end()
 .text._ZN4Uart5flushEv
                0x000076b8        0xa C:\Users\jason\AppData\Local\Temp\VMBuilds\WaterMonitor\mzero_bl\Release/core.a(Uart.cpp.o)
                0x000076b8                Uart::flush()
 .text._ZN4Uart9availableEv
                0x000076c2        0xa C:\Users\jason\AppData\Local\Temp\VMBuilds\WaterMonitor\mzero_bl\Release/core.a(Uart.cpp.o)
                0x000076c2                Uart::available()
 .text._ZN4Uart4peekEv
                0x000076cc        0xa C:\Users\jason\AppData\Local\Temp\VMBuilds\WaterMonitor\mzero_bl\Release/core.a(Uart.cpp.o)
                0x000076cc                Uart::peek()
 .text._ZN4Uart4readEv
                0x000076d6        0xa C:\Users\jason\AppData\Local\Temp\VMBuilds\WaterMonitor\mzero_bl\Release/core.a(Uart.cpp.o)
                0x000076d6                Uart::read()
 .text._ZN4Uart5writeEh
                0x000076e0        0xc C:\Users\jason\AppData\Local\Temp\VMBuilds\WaterMonitor\mzero_bl\Release/core.a(Uart.cpp.o)
                0x000076e0                Uart::write(unsigned char)
 .text._ZN4UartC2EP6SERCOMhh11SercomRXPad15SercomUartTXPad
                0x000076ec       0x48 C:\Users\jason\AppData\Local\Temp\VMBuilds\WaterMonitor\mzero_bl\Release/core.a(Uart.cpp.o)
                0x000076ec                Uart::Uart(SERCOM*, unsigned char, unsigned char, SercomRXPad, SercomUartTXPad)
                0x000076ec                Uart::Uart(SERCOM*, unsigned char, unsigned char, SercomRXPad, SercomUartTXPad)
 .text._ZN4Uart10IrqHandlerEv
                0x00007734       0x36 C:\Users\jason\AppData\Local\Temp\VMBuilds\WaterMonitor\mzero_bl\Release/core.a(Uart.cpp.o)
                0x00007734                Uart::IrqHandler()
 .text._ZN4Uart16extractNbStopBitEt
                0x0000776a        0xe C:\Users\jason\AppData\Local\Temp\VMBuilds\WaterMonitor\mzero_bl\Release/core.a(Uart.cpp.o)
                0x0000776a                Uart::extractNbStopBit(unsigned short)
 .text._ZN4Uart15extractCharSizeEt
                0x00007778       0x2c C:\Users\jason\AppData\Local\Temp\VMBuilds\WaterMonitor\mzero_bl\Release/core.a(Uart.cpp.o)
                0x00007778                Uart::extractCharSize(unsigned short)
 .text._ZN4Uart13extractParityEt
                0x000077a4       0x18 C:\Users\jason\AppData\Local\Temp\VMBuilds\WaterMonitor\mzero_bl\Release/core.a(Uart.cpp.o)
                0x000077a4                Uart::extractParity(unsigned short)
 .text._ZN4Uart5beginEmt
                0x000077bc       0x88 C:\Users\jason\AppData\Local\Temp\VMBuilds\WaterMonitor\mzero_bl\Release/core.a(Uart.cpp.o)
                0x000077bc                Uart::begin(unsigned long, unsigned short)
 .text._ZN6StringD2Ev
                0x00007844        0xe C:\Users\jason\AppData\Local\Temp\VMBuilds\WaterMonitor\mzero_bl\Release/core.a(WString.cpp.o)
                0x00007844                String::~String()
                0x00007844                String::~String()
 .text._ZN6String10invalidateEv
                0x00007852       0x18 C:\Users\jason\AppData\Local\Temp\VMBuilds\WaterMonitor\mzero_bl\Release/core.a(WString.cpp.o)
                0x00007852                String::invalidate()
 .text._ZN6String12changeBufferEj
                0x0000786a       0x18 C:\Users\jason\AppData\Local\Temp\VMBuilds\WaterMonitor\mzero_bl\Release/core.a(WString.cpp.o)
                0x0000786a                String::changeBuffer(unsigned int)
 .text._ZN6String7reserveEj
                0x00007882       0x28 C:\Users\jason\AppData\Local\Temp\VMBuilds\WaterMonitor\mzero_bl\Release/core.a(WString.cpp.o)
                0x00007882                String::reserve(unsigned int)
 .text._ZN6String4copyEPKcj
                0x000078aa       0x28 C:\Users\jason\AppData\Local\Temp\VMBuilds\WaterMonitor\mzero_bl\Release/core.a(WString.cpp.o)
                0x000078aa                String::copy(char const*, unsigned int)
 .text._ZN6StringC2EPKc
                0x000078d2       0x26 C:\Users\jason\AppData\Local\Temp\VMBuilds\WaterMonitor\mzero_bl\Release/core.a(WString.cpp.o)
                0x000078d2                String::String(char const*)
                0x000078d2                String::String(char const*)
 .text._ZN6StringaSEPKc
                0x000078f8       0x22 C:\Users\jason\AppData\Local\Temp\VMBuilds\WaterMonitor\mzero_bl\Release/core.a(WString.cpp.o)
                0x000078f8                String::operator=(char const*)
 .text._ZN6StringC2Ehh
                0x0000791a       0x22 C:\Users\jason\AppData\Local\Temp\VMBuilds\WaterMonitor\mzero_bl\Release/core.a(WString.cpp.o)
                0x0000791a                String::String(unsigned char, unsigned char)
                0x0000791a                String::String(unsigned char, unsigned char)
 .text._ZN6StringC2Ejh
                0x0000793c       0x24 C:\Users\jason\AppData\Local\Temp\VMBuilds\WaterMonitor\mzero_bl\Release/core.a(WString.cpp.o)
                0x0000793c                String::String(unsigned int, unsigned char)
                0x0000793c                String::String(unsigned int, unsigned char)
 .text._ZN6StringC2Edh
                0x00007960       0x34 C:\Users\jason\AppData\Local\Temp\VMBuilds\WaterMonitor\mzero_bl\Release/core.a(WString.cpp.o)
                0x00007960                String::String(double, unsigned char)
                0x00007960                String::String(double, unsigned char)
 .text._ZN6String6concatEPKcj
                0x00007994       0x32 C:\Users\jason\AppData\Local\Temp\VMBuilds\WaterMonitor\mzero_bl\Release/core.a(WString.cpp.o)
                0x00007994                String::concat(char const*, unsigned int)
 .text._ZN6String6concatERKS_
                0x000079c6        0xe C:\Users\jason\AppData\Local\Temp\VMBuilds\WaterMonitor\mzero_bl\Release/core.a(WString.cpp.o)
                0x000079c6                String::concat(String const&)
 .text._ZN6String6concatEPKc
                0x000079d4       0x1a C:\Users\jason\AppData\Local\Temp\VMBuilds\WaterMonitor\mzero_bl\Release/core.a(WString.cpp.o)
                0x000079d4                String::concat(char const*)
 *fill*         0x000079ee        0x2 
 .text._ZN14USBDeviceClass6initEPEmm.part.4
                0x000079f0       0x80 C:\Users\jason\AppData\Local\Temp\VMBuilds\WaterMonitor\mzero_bl\Release/core.a(USBCore.cpp.o)
 .text._ZN20USBDevice_SAMD21G18x5resetEv
                0x00007a70       0x28 C:\Users\jason\AppData\Local\Temp\VMBuilds\WaterMonitor\mzero_bl\Release/core.a(USBCore.cpp.o)
                0x00007a70                USBDevice_SAMD21G18x::reset()
 .text._ZN20USBDevice_SAMD21G18x9calibrateEv
                0x00007a98       0x5c C:\Users\jason\AppData\Local\Temp\VMBuilds\WaterMonitor\mzero_bl\Release/core.a(USBCore.cpp.o)
                0x00007a98                USBDevice_SAMD21G18x::calibrate()
 .text._ZN7__GuardC2Ev
                0x00007af4        0xe C:\Users\jason\AppData\Local\Temp\VMBuilds\WaterMonitor\mzero_bl\Release/core.a(USBCore.cpp.o)
                0x00007af4                __Guard::__Guard()
                0x00007af4                __Guard::__Guard()
 .text._ZN7__GuardD2Ev
                0x00007b02        0xe C:\Users\jason\AppData\Local\Temp\VMBuilds\WaterMonitor\mzero_bl\Release/core.a(USBCore.cpp.o)
                0x00007b02                __Guard::~__Guard()
                0x00007b02                __Guard::~__Guard()
 .text._ZNK26DoubleBufferedEPOutHandler9availableEv
                0x00007b10       0x5e C:\Users\jason\AppData\Local\Temp\VMBuilds\WaterMonitor\mzero_bl\Release/core.a(USBCore.cpp.o)
                0x00007b10                DoubleBufferedEPOutHandler::available() const
 *fill*         0x00007b6e        0x2 
 .text._ZN26DoubleBufferedEPOutHandler7releaseEv
                0x00007b70       0x58 C:\Users\jason\AppData\Local\Temp\VMBuilds\WaterMonitor\mzero_bl\Release/core.a(USBCore.cpp.o)
                0x00007b70                DoubleBufferedEPOutHandler::release()
 .text._ZN26DoubleBufferedEPOutHandler4recvEPvm
                0x00007bc8      0x11c C:\Users\jason\AppData\Local\Temp\VMBuilds\WaterMonitor\mzero_bl\Release/core.a(USBCore.cpp.o)
                0x00007bc8                DoubleBufferedEPOutHandler::recv(void*, unsigned long)
 .text._ZN26DoubleBufferedEPOutHandler14handleEndpointEv
                0x00007ce4       0xc4 C:\Users\jason\AppData\Local\Temp\VMBuilds\WaterMonitor\mzero_bl\Release/core.a(USBCore.cpp.o)
                0x00007ce4                DoubleBufferedEPOutHandler::handleEndpoint()
 .text._ZN14USBDeviceClass14SendInterfacesEPm
                0x00007da8       0x2c C:\Users\jason\AppData\Local\Temp\VMBuilds\WaterMonitor\mzero_bl\Release/core.a(USBCore.cpp.o)
                0x00007da8                USBDeviceClass::SendInterfaces(unsigned long*)
 .text._ZN14USBDeviceClass14handleEndpointEh
                0x00007dd4       0x40 C:\Users\jason\AppData\Local\Temp\VMBuilds\WaterMonitor\mzero_bl\Release/core.a(USBCore.cpp.o)
                0x00007dd4                USBDeviceClass::handleEndpoint(unsigned char)
 .text._ZN14USBDeviceClass4initEv
                0x00007e14       0xf0 C:\Users\jason\AppData\Local\Temp\VMBuilds\WaterMonitor\mzero_bl\Release/core.a(USBCore.cpp.o)
                0x00007e14                USBDeviceClass::init()
 .text._ZN14USBDeviceClass6attachEv
                0x00007f04       0x34 C:\Users\jason\AppData\Local\Temp\VMBuilds\WaterMonitor\mzero_bl\Release/core.a(USBCore.cpp.o)
                0x00007f04                USBDeviceClass::attach()
 .text._ZN14USBDeviceClass10setAddressEm
                0x00007f38       0x48 C:\Users\jason\AppData\Local\Temp\VMBuilds\WaterMonitor\mzero_bl\Release/core.a(USBCore.cpp.o)
                0x00007f38                USBDeviceClass::setAddress(unsigned long)
 .text._ZN14USBDeviceClass25handleClassInterfaceSetupER8USBSetup
                0x00007f80       0x40 C:\Users\jason\AppData\Local\Temp\VMBuilds\WaterMonitor\mzero_bl\Release/core.a(USBCore.cpp.o)
                0x00007f80                USBDeviceClass::handleClassInterfaceSetup(USBSetup&)
 .text._ZN14USBDeviceClass6initEPEmm
                0x00007fc0      0x128 C:\Users\jason\AppData\Local\Temp\VMBuilds\WaterMonitor\mzero_bl\Release/core.a(USBCore.cpp.o)
                0x00007fc0                USBDeviceClass::initEP(unsigned long, unsigned long)
 .text._ZN14USBDeviceClass13initEndpointsEv
                0x000080e8       0x24 C:\Users\jason\AppData\Local\Temp\VMBuilds\WaterMonitor\mzero_bl\Release/core.a(USBCore.cpp.o)
                0x000080e8                USBDeviceClass::initEndpoints()
 .text._ZN14USBDeviceClass9availableEm
                0x0000810c       0x2c C:\Users\jason\AppData\Local\Temp\VMBuilds\WaterMonitor\mzero_bl\Release/core.a(USBCore.cpp.o)
                0x0000810c                USBDeviceClass::available(unsigned long)
 .text._ZN14USBDeviceClass5flushEm
                0x00008138       0x2c C:\Users\jason\AppData\Local\Temp\VMBuilds\WaterMonitor\mzero_bl\Release/core.a(USBCore.cpp.o)
                0x00008138                USBDeviceClass::flush(unsigned long)
 .text._ZN14USBDeviceClass14armRecvCtrlOUTEm
                0x00008164       0x60 C:\Users\jason\AppData\Local\Temp\VMBuilds\WaterMonitor\mzero_bl\Release/core.a(USBCore.cpp.o)
                0x00008164                USBDeviceClass::armRecvCtrlOUT(unsigned long)
 .text._ZN14USBDeviceClass11recvControlEPvm
                0x000081c4       0x3c C:\Users\jason\AppData\Local\Temp\VMBuilds\WaterMonitor\mzero_bl\Release/core.a(USBCore.cpp.o)
                0x000081c4                USBDeviceClass::recvControl(void*, unsigned long)
 .text._ZN14USBDeviceClass7armRecvEm
                0x00008200       0x3c C:\Users\jason\AppData\Local\Temp\VMBuilds\WaterMonitor\mzero_bl\Release/core.a(USBCore.cpp.o)
                0x00008200                USBDeviceClass::armRecv(unsigned long)
 .text._ZN14USBDeviceClass4recvEmPvm
                0x0000823c       0xd8 C:\Users\jason\AppData\Local\Temp\VMBuilds\WaterMonitor\mzero_bl\Release/core.a(USBCore.cpp.o)
                0x0000823c                USBDeviceClass::recv(unsigned long, void*, unsigned long)
 .text._ZN14USBDeviceClass4recvEm
                0x00008314       0x1c C:\Users\jason\AppData\Local\Temp\VMBuilds\WaterMonitor\mzero_bl\Release/core.a(USBCore.cpp.o)
                0x00008314                USBDeviceClass::recv(unsigned long)
 .text._ZN14USBDeviceClass4sendEmPKvm
                0x00008330      0x124 C:\Users\jason\AppData\Local\Temp\VMBuilds\WaterMonitor\mzero_bl\Release/core.a(USBCore.cpp.o)
                0x00008330                USBDeviceClass::send(unsigned long, void const*, unsigned long)
 .text._ZN14USBDeviceClass7armSendEmPKvm
                0x00008454       0x48 C:\Users\jason\AppData\Local\Temp\VMBuilds\WaterMonitor\mzero_bl\Release/core.a(USBCore.cpp.o)
                0x00008454                USBDeviceClass::armSend(unsigned long, void const*, unsigned long)
 .text._ZN14USBDeviceClass11sendControlEPKvm
                0x0000849c       0x58 C:\Users\jason\AppData\Local\Temp\VMBuilds\WaterMonitor\mzero_bl\Release/core.a(USBCore.cpp.o)
                0x0000849c                USBDeviceClass::sendControl(void const*, unsigned long)
 .text._ZN14USBDeviceClass20sendStringDescriptorEPKhh
                0x000084f4       0x68 C:\Users\jason\AppData\Local\Temp\VMBuilds\WaterMonitor\mzero_bl\Release/core.a(USBCore.cpp.o)
                0x000084f4                USBDeviceClass::sendStringDescriptor(unsigned char const*, unsigned char)
 .text._ZN14USBDeviceClass12packMessagesEb.part.6
                0x0000855c       0x20 C:\Users\jason\AppData\Local\Temp\VMBuilds\WaterMonitor\mzero_bl\Release/core.a(USBCore.cpp.o)
 .text._ZN14USBDeviceClass17sendConfigurationEm
                0x0000857c       0x90 C:\Users\jason\AppData\Local\Temp\VMBuilds\WaterMonitor\mzero_bl\Release/core.a(USBCore.cpp.o)
                0x0000857c                USBDeviceClass::sendConfiguration(unsigned long)
 .text._ZN14USBDeviceClass14sendDescriptorER8USBSetup
                0x0000860c       0xb4 C:\Users\jason\AppData\Local\Temp\VMBuilds\WaterMonitor\mzero_bl\Release/core.a(USBCore.cpp.o)
                0x0000860c                USBDeviceClass::sendDescriptor(USBSetup&)
 .text._ZN14USBDeviceClass19handleStandardSetupER8USBSetup
                0x000086c0      0x118 C:\Users\jason\AppData\Local\Temp\VMBuilds\WaterMonitor\mzero_bl\Release/core.a(USBCore.cpp.o)
                0x000086c0                USBDeviceClass::handleStandardSetup(USBSetup&)
 .text._ZN14USBDeviceClass10ISRHandlerEv
                0x000087d8      0x150 C:\Users\jason\AppData\Local\Temp\VMBuilds\WaterMonitor\mzero_bl\Release/core.a(USBCore.cpp.o)
                0x000087d8                USBDeviceClass::ISRHandler()
 .text.UDD_Handler
                0x00008928       0x10 C:\Users\jason\AppData\Local\Temp\VMBuilds\WaterMonitor\mzero_bl\Release/core.a(USBCore.cpp.o)
                0x00008928                UDD_Handler
 .text.startup._GLOBAL__sub_I__ZN20USBDevice_SAMD21G18x5resetEv
                0x00008938       0x10 C:\Users\jason\AppData\Local\Temp\VMBuilds\WaterMonitor\mzero_bl\Release/core.a(USBCore.cpp.o)
 .text.ultoa    0x00008948       0x68 C:\Users\jason\AppData\Local\Temp\VMBuilds\WaterMonitor\mzero_bl\Release/core.a(itoa.c.o)
                0x00008948                ultoa
 .text.utoa     0x000089b0        0x8 C:\Users\jason\AppData\Local\Temp\VMBuilds\WaterMonitor\mzero_bl\Release/core.a(itoa.c.o)
                0x000089b0                utoa
 .text.dtostrf  0x000089b8       0x28 C:\Users\jason\AppData\Local\Temp\VMBuilds\WaterMonitor\mzero_bl\Release/core.a(dtostrf.c.o)
                0x000089b8                dtostrf
 .text._ZN7Serial_17availableForWriteEv
                0x000089e0        0x4 C:\Users\jason\AppData\Local\Temp\VMBuilds\WaterMonitor\mzero_bl\Release/core.a(CDC.cpp.o)
                0x000089e0                Serial_::availableForWrite()
 .text._ZN7Serial_5writeEh
                0x000089e4       0x14 C:\Users\jason\AppData\Local\Temp\VMBuilds\WaterMonitor\mzero_bl\Release/core.a(CDC.cpp.o)
                0x000089e4                Serial_::write(unsigned char)
 .text._ZN7Serial_9availableEv
                0x000089f8        0xc C:\Users\jason\AppData\Local\Temp\VMBuilds\WaterMonitor\mzero_bl\Release/core.a(CDC.cpp.o)
                0x000089f8                Serial_::available()
 .text._ZN7Serial_5flushEv
                0x00008a04        0xc C:\Users\jason\AppData\Local\Temp\VMBuilds\WaterMonitor\mzero_bl\Release/core.a(CDC.cpp.o)
                0x00008a04                Serial_::flush()
 .text._ZN7Serial_5writeEPKhj
                0x00008a10       0x1c C:\Users\jason\AppData\Local\Temp\VMBuilds\WaterMonitor\mzero_bl\Release/core.a(CDC.cpp.o)
                0x00008a10                Serial_::write(unsigned char const*, unsigned int)
 .text._ZN7Serial_4peekEv
                0x00008a2c       0x1c C:\Users\jason\AppData\Local\Temp\VMBuilds\WaterMonitor\mzero_bl\Release/core.a(CDC.cpp.o)
                0x00008a2c                Serial_::peek()
 .text._ZN7Serial_4readEv
                0x00008a48       0x24 C:\Users\jason\AppData\Local\Temp\VMBuilds\WaterMonitor\mzero_bl\Release/core.a(CDC.cpp.o)
                0x00008a48                Serial_::read()
 .text._Z16CDC_GetInterfacePh
                0x00008a6c       0x1c C:\Users\jason\AppData\Local\Temp\VMBuilds\WaterMonitor\mzero_bl\Release/core.a(CDC.cpp.o)
                0x00008a6c                CDC_GetInterface(unsigned char*)
 .text._Z9CDC_SetupR8USBSetup
                0x00008a88       0x80 C:\Users\jason\AppData\Local\Temp\VMBuilds\WaterMonitor\mzero_bl\Release/core.a(CDC.cpp.o)
                0x00008a88                CDC_Setup(USBSetup&)
 .text.startup._GLOBAL__sub_I__Z17_CDC_GetInterfacev
                0x00008b08       0x28 C:\Users\jason\AppData\Local\Temp\VMBuilds\WaterMonitor\mzero_bl\Release/core.a(CDC.cpp.o)
 .text._ZN13PluggableUSB_12getInterfaceEPh
                0x00008b30       0x2a C:\Users\jason\AppData\Local\Temp\VMBuilds\WaterMonitor\mzero_bl\Release/core.a(PluggableUSB.cpp.o)
                0x00008b30                PluggableUSB_::getInterface(unsigned char*)
 .text._ZN13PluggableUSB_13getDescriptorER8USBSetup
                0x00008b5a       0x20 C:\Users\jason\AppData\Local\Temp\VMBuilds\WaterMonitor\mzero_bl\Release/core.a(PluggableUSB.cpp.o)
                0x00008b5a                PluggableUSB_::getDescriptor(USBSetup&)
 .text._ZN13PluggableUSB_12getShortNameEPc
                0x00008b7a       0x1e C:\Users\jason\AppData\Local\Temp\VMBuilds\WaterMonitor\mzero_bl\Release/core.a(PluggableUSB.cpp.o)
                0x00008b7a                PluggableUSB_::getShortName(char*)
 .text._ZN13PluggableUSB_5setupER8USBSetup
                0x00008b98       0x24 C:\Users\jason\AppData\Local\Temp\VMBuilds\WaterMonitor\mzero_bl\Release/core.a(PluggableUSB.cpp.o)
                0x00008b98                PluggableUSB_::setup(USBSetup&)
 .text._Z12PluggableUSBv
                0x00008bbc       0x24 C:\Users\jason\AppData\Local\Temp\VMBuilds\WaterMonitor\mzero_bl\Release/core.a(PluggableUSB.cpp.o)
                0x00008bbc                PluggableUSB()
 .text.__fpclassifyd
                0x00008be0       0x60 c:/users/jason/appdata/local/arduino15/packages/arduino/tools/arm-none-eabi-gcc/4.8.3-2014q1/bin/../lib/gcc/arm-none-eabi/4.8.3/../../../../arm-none-eabi/lib/armv6-m\libm.a(lib_a-s_fpclassify.o)
                0x00008be0                __fpclassifyd
 .text          0x00008c40       0x14 c:/users/jason/appdata/local/arduino15/packages/arduino/tools/arm-none-eabi-gcc/4.8.3-2014q1/bin/../lib/gcc/arm-none-eabi/4.8.3/armv6-m\libgcc.a(_thumb1_case_uqi.o)
                0x00008c40                __gnu_thumb1_case_uqi
 .text          0x00008c54       0x9c c:/users/jason/appdata/local/arduino15/packages/arduino/tools/arm-none-eabi-gcc/4.8.3-2014q1/bin/../lib/gcc/arm-none-eabi/4.8.3/armv6-m\libgcc.a(_udivsi3.o)
                0x00008c54                __aeabi_uidiv
                0x00008c54                __udivsi3
                0x00008cdc                __aeabi_uidivmod
 .text          0x00008cf0       0xc0 c:/users/jason/appdata/local/arduino15/packages/arduino/tools/arm-none-eabi-gcc/4.8.3-2014q1/bin/../lib/gcc/arm-none-eabi/4.8.3/armv6-m\libgcc.a(_divsi3.o)
                0x00008cf0                __divsi3
                0x00008cf0                __aeabi_idiv
                0x00008d9c                __aeabi_idivmod
 .text          0x00008db0        0x4 c:/users/jason/appdata/local/arduino15/packages/arduino/tools/arm-none-eabi-gcc/4.8.3-2014q1/bin/../lib/gcc/arm-none-eabi/4.8.3/armv6-m\libgcc.a(_dvmd_tls.o)
                0x00008db0                __aeabi_idiv0
                0x00008db0                __aeabi_ldiv0
 .text          0x00008db4       0x7c c:/users/jason/appdata/local/arduino15/packages/arduino/tools/arm-none-eabi-gcc/4.8.3-2014q1/bin/../lib/gcc/arm-none-eabi/4.8.3/armv6-m\libgcc.a(_arm_cmpdf2.o)
                0x00008db4                __aeabi_cdrcmple
                0x00008dc4                __aeabi_cdcmple
                0x00008dc4                __aeabi_cdcmpeq
                0x00008dd4                __aeabi_dcmpeq
                0x00008de0                __aeabi_dcmplt
                0x00008df4                __aeabi_dcmple
                0x00008e08                __aeabi_dcmpgt
                0x00008e1c                __aeabi_dcmpge
 .text          0x00008e30       0x40 c:/users/jason/appdata/local/arduino15/packages/arduino/tools/arm-none-eabi-gcc/4.8.3-2014q1/bin/../lib/gcc/arm-none-eabi/4.8.3/armv6-m\libgcc.a(_fixunsdfsi.o)
                0x00008e30                __aeabi_d2uiz
                0x00008e30                __fixunsdfsi
 .text          0x00008e70      0x254 c:/users/jason/appdata/local/arduino15/packages/arduino/tools/arm-none-eabi-gcc/4.8.3-2014q1/bin/../lib/gcc/arm-none-eabi/4.8.3/armv6-m\libgcc.a(mulsf3.o)
                0x00008e70                __aeabi_fmul
 .text          0x000090c4       0xb8 c:/users/jason/appdata/local/arduino15/packages/arduino/tools/arm-none-eabi-gcc/4.8.3-2014q1/bin/../lib/gcc/arm-none-eabi/4.8.3/armv6-m\libgcc.a(floatsisf.o)
                0x000090c4                __aeabi_i2f
 .text          0x0000917c      0x638 c:/users/jason/appdata/local/arduino15/packages/arduino/tools/arm-none-eabi-gcc/4.8.3-2014q1/bin/../lib/gcc/arm-none-eabi/4.8.3/armv6-m\libgcc.a(adddf3.o)
                0x0000917c                __aeabi_dadd
 .text          0x000097b4      0x648 c:/users/jason/appdata/local/arduino15/packages/arduino/tools/arm-none-eabi-gcc/4.8.3-2014q1/bin/../lib/gcc/arm-none-eabi/4.8.3/armv6-m\libgcc.a(divdf3.o)
                0x000097b4                __aeabi_ddiv
 .text          0x00009dfc       0x94 c:/users/jason/appdata/local/arduino15/packages/arduino/tools/arm-none-eabi-gcc/4.8.3-2014q1/bin/../lib/gcc/arm-none-eabi/4.8.3/armv6-m\libgcc.a(eqdf2.o)
                0x00009dfc                __nedf2
                0x00009dfc                __eqdf2
 .text          0x00009e90       0xfc c:/users/jason/appdata/local/arduino15/packages/arduino/tools/arm-none-eabi-gcc/4.8.3-2014q1/bin/../lib/gcc/arm-none-eabi/4.8.3/armv6-m\libgcc.a(gedf2.o)
                0x00009e90                __gedf2
                0x00009e90                __gtdf2
 .text          0x00009f8c       0xfc c:/users/jason/appdata/local/arduino15/packages/arduino/tools/arm-none-eabi-gcc/4.8.3-2014q1/bin/../lib/gcc/arm-none-eabi/4.8.3/armv6-m\libgcc.a(ledf2.o)
                0x00009f8c                __ledf2
                0x00009f8c                __ltdf2
 .text          0x0000a088      0x520 c:/users/jason/appdata/local/arduino15/packages/arduino/tools/arm-none-eabi-gcc/4.8.3-2014q1/bin/../lib/gcc/arm-none-eabi/4.8.3/armv6-m\libgcc.a(muldf3.o)
                0x0000a088                __aeabi_dmul
 .text          0x0000a5a8      0x654 c:/users/jason/appdata/local/arduino15/packages/arduino/tools/arm-none-eabi-gcc/4.8.3-2014q1/bin/../lib/gcc/arm-none-eabi/4.8.3/armv6-m\libgcc.a(subdf3.o)
                0x0000a5a8                __aeabi_dsub
 .text          0x0000abfc       0x68 c:/users/jason/appdata/local/arduino15/packages/arduino/tools/arm-none-eabi-gcc/4.8.3-2014q1/bin/../lib/gcc/arm-none-eabi/4.8.3/armv6-m\libgcc.a(fixdfsi.o)
                0x0000abfc                __aeabi_d2iz
 .text          0x0000ac64       0x7c c:/users/jason/appdata/local/arduino15/packages/arduino/tools/arm-none-eabi-gcc/4.8.3-2014q1/bin/../lib/gcc/arm-none-eabi/4.8.3/armv6-m\libgcc.a(floatsidf.o)
                0x0000ac64                __aeabi_i2d
 .text          0x0000ace0       0x68 c:/users/jason/appdata/local/arduino15/packages/arduino/tools/arm-none-eabi-gcc/4.8.3-2014q1/bin/../lib/gcc/arm-none-eabi/4.8.3/armv6-m\libgcc.a(floatunsidf.o)
                0x0000ace0                __aeabi_ui2d
 .text          0x0000ad48       0xa4 c:/users/jason/appdata/local/arduino15/packages/arduino/tools/arm-none-eabi-gcc/4.8.3-2014q1/bin/../lib/gcc/arm-none-eabi/4.8.3/armv6-m\libgcc.a(extendsfdf2.o)
                0x0000ad48                __aeabi_f2d
 .text          0x0000adec       0x3c c:/users/jason/appdata/local/arduino15/packages/arduino/tools/arm-none-eabi-gcc/4.8.3-2014q1/bin/../lib/gcc/arm-none-eabi/4.8.3/armv6-m\libgcc.a(_clzsi2.o)
                0x0000adec                __clzsi2
 .text.__aeabi_atexit
                0x0000ae28        0xe c:/users/jason/appdata/local/arduino15/packages/arduino/tools/arm-none-eabi-gcc/4.8.3-2014q1/bin/../lib/gcc/arm-none-eabi/4.8.3/../../../../arm-none-eabi/lib/armv6-m\libc_s.a(lib_a-aeabi_atexit.o)
                0x0000ae28                __aeabi_atexit
 *fill*         0x0000ae36        0x2 
 .text.__cxa_atexit
                0x0000ae38       0x20 c:/users/jason/appdata/local/arduino15/packages/arduino/tools/arm-none-eabi-gcc/4.8.3-2014q1/bin/../lib/gcc/arm-none-eabi/4.8.3/../../../../arm-none-eabi/lib/armv6-m\libc_s.a(lib_a-cxa_atexit.o)
                0x0000ae38                __cxa_atexit
 .text.__libc_init_array
                0x0000ae58       0x4c c:/users/jason/appdata/local/arduino15/packages/arduino/tools/arm-none-eabi-gcc/4.8.3-2014q1/bin/../lib/gcc/arm-none-eabi/4.8.3/../../../../arm-none-eabi/lib/armv6-m\libc_s.a(lib_a-init.o)
                0x0000ae58                __libc_init_array
 .text.malloc   0x0000aea4       0x14 c:/users/jason/appdata/local/arduino15/packages/arduino/tools/arm-none-eabi-gcc/4.8.3-2014q1/bin/../lib/gcc/arm-none-eabi/4.8.3/../../../../arm-none-eabi/lib/armv6-m\libc_s.a(lib_a-malloc.o)
                0x0000aea4                malloc
 .text.free     0x0000aeb8       0x14 c:/users/jason/appdata/local/arduino15/packages/arduino/tools/arm-none-eabi-gcc/4.8.3-2014q1/bin/../lib/gcc/arm-none-eabi/4.8.3/../../../../arm-none-eabi/lib/armv6-m\libc_s.a(lib_a-malloc.o)
                0x0000aeb8                free
 .text.memcmp   0x0000aecc       0x1e c:/users/jason/appdata/local/arduino15/packages/arduino/tools/arm-none-eabi-gcc/4.8.3-2014q1/bin/../lib/gcc/arm-none-eabi/4.8.3/../../../../arm-none-eabi/lib/armv6-m\libc_s.a(lib_a-memcmp.o)
                0x0000aecc                memcmp
 .text.memcpy   0x0000aeea       0x12 c:/users/jason/appdata/local/arduino15/packages/arduino/tools/arm-none-eabi-gcc/4.8.3-2014q1/bin/../lib/gcc/arm-none-eabi/4.8.3/../../../../arm-none-eabi/lib/armv6-m\libc_s.a(lib_a-memcpy-stub.o)
                0x0000aeea                memcpy
 .text.memmove  0x0000aefc       0x32 c:/users/jason/appdata/local/arduino15/packages/arduino/tools/arm-none-eabi-gcc/4.8.3-2014q1/bin/../lib/gcc/arm-none-eabi/4.8.3/../../../../arm-none-eabi/lib/armv6-m\libc_s.a(lib_a-memmove.o)
                0x0000aefc                memmove
 .text.memset   0x0000af2e       0x10 c:/users/jason/appdata/local/arduino15/packages/arduino/tools/arm-none-eabi-gcc/4.8.3-2014q1/bin/../lib/gcc/arm-none-eabi/4.8.3/../../../../arm-none-eabi/lib/armv6-m\libc_s.a(lib_a-memset.o)
                0x0000af2e                memset
 *fill*         0x0000af3e        0x2 
 .text._free_r  0x0000af40       0x90 c:/users/jason/appdata/local/arduino15/packages/arduino/tools/arm-none-eabi-gcc/4.8.3-2014q1/bin/../lib/gcc/arm-none-eabi/4.8.3/../../../../arm-none-eabi/lib/armv6-m\libc_s.a(lib_a-nano-freer.o)
                0x0000af40                _free_r
 .text._malloc_r
                0x0000afd0       0xa8 c:/users/jason/appdata/local/arduino15/packages/arduino/tools/arm-none-eabi-gcc/4.8.3-2014q1/bin/../lib/gcc/arm-none-eabi/4.8.3/../../../../arm-none-eabi/lib/armv6-m\libc_s.a(lib_a-nano-mallocr.o)
                0x0000afd0                _malloc_r
 .text.realloc  0x0000b078       0x18 c:/users/jason/appdata/local/arduino15/packages/arduino/tools/arm-none-eabi-gcc/4.8.3-2014q1/bin/../lib/gcc/arm-none-eabi/4.8.3/../../../../arm-none-eabi/lib/armv6-m\libc_s.a(lib_a-realloc.o)
                0x0000b078                realloc
 .text._sbrk_r  0x0000b090       0x24 c:/users/jason/appdata/local/arduino15/packages/arduino/tools/arm-none-eabi-gcc/4.8.3-2014q1/bin/../lib/gcc/arm-none-eabi/4.8.3/../../../../arm-none-eabi/lib/armv6-m\libc_s.a(lib_a-sbrkr.o)
                0x0000b090                _sbrk_r
 .text.sprintf  0x0000b0b4       0x44 c:/users/jason/appdata/local/arduino15/packages/arduino/tools/arm-none-eabi-gcc/4.8.3-2014q1/bin/../lib/gcc/arm-none-eabi/4.8.3/../../../../arm-none-eabi/lib/armv6-m\libc_s.a(lib_a-sprintf.o)
                0x0000b0b4                siprintf
                0x0000b0b4                sprintf
 .text.strchr   0x0000b0f8       0x18 c:/users/jason/appdata/local/arduino15/packages/arduino/tools/arm-none-eabi-gcc/4.8.3-2014q1/bin/../lib/gcc/arm-none-eabi/4.8.3/../../../../arm-none-eabi/lib/armv6-m\libc_s.a(lib_a-strchr.o)
                0x0000b0f8                strchr
 .text.strcpy   0x0000b110       0x10 c:/users/jason/appdata/local/arduino15/packages/arduino/tools/arm-none-eabi-gcc/4.8.3-2014q1/bin/../lib/gcc/arm-none-eabi/4.8.3/../../../../arm-none-eabi/lib/armv6-m\libc_s.a(lib_a-strcpy.o)
                0x0000b110                strcpy
 .text.strlen   0x0000b120        0xe c:/users/jason/appdata/local/arduino15/packages/arduino/tools/arm-none-eabi-gcc/4.8.3-2014q1/bin/../lib/gcc/arm-none-eabi/4.8.3/../../../../arm-none-eabi/lib/armv6-m\libc_s.a(lib_a-strlen.o)
                0x0000b120                strlen
 .text.strncpy  0x0000b12e       0x28 c:/users/jason/appdata/local/arduino15/packages/arduino/tools/arm-none-eabi-gcc/4.8.3-2014q1/bin/../lib/gcc/arm-none-eabi/4.8.3/../../../../arm-none-eabi/lib/armv6-m\libc_s.a(lib_a-strncpy.o)
                0x0000b12e                strncpy
 *fill*         0x0000b156        0x2 
 .text.__ssputs_r
                0x0000b158       0xc0 c:/users/jason/appdata/local/arduino15/packages/arduino/tools/arm-none-eabi-gcc/4.8.3-2014q1/bin/../lib/gcc/arm-none-eabi/4.8.3/../../../../arm-none-eabi/lib/armv6-m\libc_s.a(lib_a-svfprintf.o)
                0x0000b158                __ssputs_r
 .text._svfprintf_r
                0x0000b218      0x1e0 c:/users/jason/appdata/local/arduino15/packages/arduino/tools/arm-none-eabi-gcc/4.8.3-2014q1/bin/../lib/gcc/arm-none-eabi/4.8.3/../../../../arm-none-eabi/lib/armv6-m\libc_s.a(lib_a-svfprintf.o)
                0x0000b218                _svfiprintf_r
                0x0000b218                _svfprintf_r
 .text.__cvt    0x0000b3f8       0xd0 c:/users/jason/appdata/local/arduino15/packages/arduino/tools/arm-none-eabi-gcc/4.8.3-2014q1/bin/../lib/gcc/arm-none-eabi/4.8.3/../../../../arm-none-eabi/lib/armv6-m\libc_s.a(lib_a-vfprintf_float.o)
                0x0000b3f8                __cvt
 .text.__exponent
                0x0000b4c8       0x6a c:/users/jason/appdata/local/arduino15/packages/arduino/tools/arm-none-eabi-gcc/4.8.3-2014q1/bin/../lib/gcc/arm-none-eabi/4.8.3/../../../../arm-none-eabi/lib/armv6-m\libc_s.a(lib_a-vfprintf_float.o)
                0x0000b4c8                __exponent
 *fill*         0x0000b532        0x6 
 .text._printf_float
                0x0000b538      0x458 c:/users/jason/appdata/local/arduino15/packages/arduino/tools/arm-none-eabi-gcc/4.8.3-2014q1/bin/../lib/gcc/arm-none-eabi/4.8.3/../../../../arm-none-eabi/lib/armv6-m\libc_s.a(lib_a-vfprintf_float.o)
                0x0000b538                _printf_float
 .text._printf_common
                0x0000b990       0xe8 c:/users/jason/appdata/local/arduino15/packages/arduino/tools/arm-none-eabi-gcc/4.8.3-2014q1/bin/../lib/gcc/arm-none-eabi/4.8.3/../../../../arm-none-eabi/lib/armv6-m\libc_s.a(lib_a-vfprintf_i.o)
                0x0000b990                _printf_common
 .text._printf_i
                0x0000ba78      0x22c c:/users/jason/appdata/local/arduino15/packages/arduino/tools/arm-none-eabi-gcc/4.8.3-2014q1/bin/../lib/gcc/arm-none-eabi/4.8.3/../../../../arm-none-eabi/lib/armv6-m\libc_s.a(lib_a-vfprintf_i.o)
                0x0000ba78                _printf_i
 .text.quorem   0x0000bca4      0x118 c:/users/jason/appdata/local/arduino15/packages/arduino/tools/arm-none-eabi-gcc/4.8.3-2014q1/bin/../lib/gcc/arm-none-eabi/4.8.3/../../../../arm-none-eabi/lib/armv6-m\libc_s.a(lib_a-dtoa.o)
 *fill*         0x0000bdbc        0x4 
 .text._dtoa_r  0x0000bdc0      0xbb8 c:/users/jason/appdata/local/arduino15/packages/arduino/tools/arm-none-eabi-gcc/4.8.3-2014q1/bin/../lib/gcc/arm-none-eabi/4.8.3/../../../../arm-none-eabi/lib/armv6-m\libc_s.a(lib_a-dtoa.o)
                0x0000bdc0                _dtoa_r
 .text._localeconv_r
                0x0000c978        0x8 c:/users/jason/appdata/local/arduino15/packages/arduino/tools/arm-none-eabi-gcc/4.8.3-2014q1/bin/../lib/gcc/arm-none-eabi/4.8.3/../../../../arm-none-eabi/lib/armv6-m\libc_s.a(lib_a-locale.o)
                0x0000c978                _localeconv_r
 .text.memchr   0x0000c980       0x16 c:/users/jason/appdata/local/arduino15/packages/arduino/tools/arm-none-eabi-gcc/4.8.3-2014q1/bin/../lib/gcc/arm-none-eabi/4.8.3/../../../../arm-none-eabi/lib/armv6-m\libc_s.a(lib_a-memchr-stub.o)
                0x0000c980                memchr
 .text._Balloc  0x0000c996       0x70 c:/users/jason/appdata/local/arduino15/packages/arduino/tools/arm-none-eabi-gcc/4.8.3-2014q1/bin/../lib/gcc/arm-none-eabi/4.8.3/../../../../arm-none-eabi/lib/armv6-m\libc_s.a(lib_a-mprec.o)
                0x0000c996                _Balloc
 .text._Bfree   0x0000ca06       0x32 c:/users/jason/appdata/local/arduino15/packages/arduino/tools/arm-none-eabi-gcc/4.8.3-2014q1/bin/../lib/gcc/arm-none-eabi/4.8.3/../../../../arm-none-eabi/lib/armv6-m\libc_s.a(lib_a-mprec.o)
                0x0000ca06                _Bfree
 .text.__multadd
                0x0000ca38       0x7c c:/users/jason/appdata/local/arduino15/packages/arduino/tools/arm-none-eabi-gcc/4.8.3-2014q1/bin/../lib/gcc/arm-none-eabi/4.8.3/../../../../arm-none-eabi/lib/armv6-m\libc_s.a(lib_a-mprec.o)
                0x0000ca38                __multadd
 .text.__hi0bits
                0x0000cab4       0x38 c:/users/jason/appdata/local/arduino15/packages/arduino/tools/arm-none-eabi-gcc/4.8.3-2014q1/bin/../lib/gcc/arm-none-eabi/4.8.3/../../../../arm-none-eabi/lib/armv6-m\libc_s.a(lib_a-mprec.o)
                0x0000cab4                __hi0bits
 .text.__lo0bits
                0x0000caec       0x5a c:/users/jason/appdata/local/arduino15/packages/arduino/tools/arm-none-eabi-gcc/4.8.3-2014q1/bin/../lib/gcc/arm-none-eabi/4.8.3/../../../../arm-none-eabi/lib/armv6-m\libc_s.a(lib_a-mprec.o)
                0x0000caec                __lo0bits
 .text.__i2b    0x0000cb46       0x12 c:/users/jason/appdata/local/arduino15/packages/arduino/tools/arm-none-eabi-gcc/4.8.3-2014q1/bin/../lib/gcc/arm-none-eabi/4.8.3/../../../../arm-none-eabi/lib/armv6-m\libc_s.a(lib_a-mprec.o)
                0x0000cb46                __i2b
 .text.__multiply
                0x0000cb58      0x11e c:/users/jason/appdata/local/arduino15/packages/arduino/tools/arm-none-eabi-gcc/4.8.3-2014q1/bin/../lib/gcc/arm-none-eabi/4.8.3/../../../../arm-none-eabi/lib/armv6-m\libc_s.a(lib_a-mprec.o)
                0x0000cb58                __multiply
 *fill*         0x0000cc76        0x2 
 .text.__pow5mult
                0x0000cc78       0xa4 c:/users/jason/appdata/local/arduino15/packages/arduino/tools/arm-none-eabi-gcc/4.8.3-2014q1/bin/../lib/gcc/arm-none-eabi/4.8.3/../../../../arm-none-eabi/lib/armv6-m\libc_s.a(lib_a-mprec.o)
                0x0000cc78                __pow5mult
 .text.__lshift
                0x0000cd1c       0xa4 c:/users/jason/appdata/local/arduino15/packages/arduino/tools/arm-none-eabi-gcc/4.8.3-2014q1/bin/../lib/gcc/arm-none-eabi/4.8.3/../../../../arm-none-eabi/lib/armv6-m\libc_s.a(lib_a-mprec.o)
                0x0000cd1c                __lshift
 .text.__mcmp   0x0000cdc0       0x36 c:/users/jason/appdata/local/arduino15/packages/arduino/tools/arm-none-eabi-gcc/4.8.3-2014q1/bin/../lib/gcc/arm-none-eabi/4.8.3/../../../../arm-none-eabi/lib/armv6-m\libc_s.a(lib_a-mprec.o)
                0x0000cdc0                __mcmp
 .text.__mdiff  0x0000cdf6       0xcc c:/users/jason/appdata/local/arduino15/packages/arduino/tools/arm-none-eabi-gcc/4.8.3-2014q1/bin/../lib/gcc/arm-none-eabi/4.8.3/../../../../arm-none-eabi/lib/armv6-m\libc_s.a(lib_a-mprec.o)
                0x0000cdf6                __mdiff
 *fill*         0x0000cec2        0x2 
 .text.__d2b    0x0000cec4       0xb0 c:/users/jason/appdata/local/arduino15/packages/arduino/tools/arm-none-eabi-gcc/4.8.3-2014q1/bin/../lib/gcc/arm-none-eabi/4.8.3/../../../../arm-none-eabi/lib/armv6-m\libc_s.a(lib_a-mprec.o)
                0x0000cec4                __d2b
 .text._calloc_r
                0x0000cf74       0x1c c:/users/jason/appdata/local/arduino15/packages/arduino/tools/arm-none-eabi-gcc/4.8.3-2014q1/bin/../lib/gcc/arm-none-eabi/4.8.3/../../../../arm-none-eabi/lib/armv6-m\libc_s.a(lib_a-nano-callocr.o)
                0x0000cf74                _calloc_r
 .text._realloc_r
                0x0000cf90       0x4c c:/users/jason/appdata/local/arduino15/packages/arduino/tools/arm-none-eabi-gcc/4.8.3-2014q1/bin/../lib/gcc/arm-none-eabi/4.8.3/../../../../arm-none-eabi/lib/armv6-m\libc_s.a(lib_a-nano-reallocr.o)
                0x0000cf90                _realloc_r
 .text._malloc_usable_size_r