Archive member included because of file (symbol)

C:\Users\jason\AppData\Local\Temp\VMBuilds\WaterMonitor\mzero_bl\Release/core.a(cortex_handlers.c.o)
                              (Reset_Handler)
C:\Users\jason\AppData\Local\Temp\VMBuilds\WaterMonitor\mzero_bl\Release/core.a(delay.c.o)
                              C:\Users\jason\AppData\Local\Temp\VMBuilds\WaterMonitor\mzero_bl\Release\SD\utility\Sd2Card.cpp.o (millis)
C:\Users\jason\AppData\Local\Temp\VMBuilds\WaterMonitor\mzero_bl\Release/core.a(hooks.c.o)
                              C:\Users\jason\AppData\Local\Temp\VMBuilds\WaterMonitor\mzero_bl\Release/core.a(delay.c.o) (yield)
C:\Users\jason\AppData\Local\Temp\VMBuilds\WaterMonitor\mzero_bl\Release/core.a(startup.c.o)
                              C:\Users\jason\AppData\Local\Temp\VMBuilds\WaterMonitor\mzero_bl\Release/core.a(cortex_handlers.c.o) (SystemInit)
C:\Users\jason\AppData\Local\Temp\VMBuilds\WaterMonitor\mzero_bl\Release/core.a(wiring.c.o)
                              C:\Users\jason\AppData\Local\Temp\VMBuilds\WaterMonitor\mzero_bl\Release/core.a(startup.c.o) (SystemCoreClock)
C:\Users\jason\AppData\Local\Temp\VMBuilds\WaterMonitor\mzero_bl\Release/core.a(wiring_analog.c.o)
                              C:\Users\jason\AppData\Local\Temp\VMBuilds\WaterMonitor\mzero_bl\Release/core.a(wiring.c.o) (analogReference)
C:\Users\jason\AppData\Local\Temp\VMBuilds\WaterMonitor\mzero_bl\Release/core.a(wiring_digital.c.o)
                              C:\Users\jason\AppData\Local\Temp\VMBuilds\WaterMonitor\mzero_bl\Release\SD\utility\Sd2Card.cpp.o (pinMode)
C:\Users\jason\AppData\Local\Temp\VMBuilds\WaterMonitor\mzero_bl\Release/core.a(wiring_private.c.o)
                              C:\Users\jason\AppData\Local\Temp\VMBuilds\WaterMonitor\mzero_bl\Release\SPI\SPI.cpp.o (pinPeripheral)
C:\Users\jason\AppData\Local\Temp\VMBuilds\WaterMonitor\mzero_bl\Release/core.a(abi.cpp.o)
                              C:\Users\jason\AppData\Local\Temp\VMBuilds\WaterMonitor\mzero_bl\Release\SD\File.cpp.o (__cxa_pure_virtual)
C:\Users\jason\AppData\Local\Temp\VMBuilds\WaterMonitor\mzero_bl\Release/core.a(main.cpp.o)
                              c:/users/jason/appdata/local/arduino15/packages/arduino/tools/arm-none-eabi-gcc/4.8.3-2014q1/bin/../lib/gcc/arm-none-eabi/4.8.3/../../../../arm-none-eabi/lib/armv6-m/crt0.o (main)
C:\Users\jason\AppData\Local\Temp\VMBuilds\WaterMonitor\mzero_bl\Release/core.a(new.cpp.o)
                              C:\Users\jason\AppData\Local\Temp\VMBuilds\WaterMonitor\mzero_bl\Release\GravitySensorHub.cpp.o (operator new(unsigned int))
C:\Users\jason\AppData\Local\Temp\VMBuilds\WaterMonitor\mzero_bl\Release/core.a(Print.cpp.o)
                              C:\Users\jason\AppData\Local\Temp\VMBuilds\WaterMonitor\mzero_bl\Release\SD\File.cpp.o (Print::write(unsigned char const*, unsigned int))
C:\Users\jason\AppData\Local\Temp\VMBuilds\WaterMonitor\mzero_bl\Release/core.a(Reset.cpp.o)
                              C:\Users\jason\AppData\Local\Temp\VMBuilds\WaterMonitor\mzero_bl\Release/core.a(delay.c.o) (tickReset)
C:\Users\jason\AppData\Local\Temp\VMBuilds\WaterMonitor\mzero_bl\Release/core.a(RingBuffer.cpp.o)
                              C:\Users\jason\AppData\Local\Temp\VMBuilds\WaterMonitor\mzero_bl\Release\Wire\Wire.cpp.o (RingBuffer::RingBuffer())
C:\Users\jason\AppData\Local\Temp\VMBuilds\WaterMonitor\mzero_bl\Release/core.a(SERCOM.cpp.o)
                              C:\Users\jason\AppData\Local\Temp\VMBuilds\WaterMonitor\mzero_bl\Release\variant\variant.cpp.o (SERCOM::SERCOM(Sercom*))
C:\Users\jason\AppData\Local\Temp\VMBuilds\WaterMonitor\mzero_bl\Release/core.a(Uart.cpp.o)
                              C:\Users\jason\AppData\Local\Temp\VMBuilds\WaterMonitor\mzero_bl\Release\WaterMonitor.cpp.o (Uart::begin(unsigned long))
C:\Users\jason\AppData\Local\Temp\VMBuilds\WaterMonitor\mzero_bl\Release/core.a(WString.cpp.o)
                              C:\Users\jason\AppData\Local\Temp\VMBuilds\WaterMonitor\mzero_bl\Release\GravityDo.cpp.o (String::~String())
C:\Users\jason\AppData\Local\Temp\VMBuilds\WaterMonitor\mzero_bl\Release/core.a(USBCore.cpp.o)
                              C:\Users\jason\AppData\Local\Temp\VMBuilds\WaterMonitor\mzero_bl\Release/core.a(main.cpp.o) (USBDeviceClass::init())
C:\Users\jason\AppData\Local\Temp\VMBuilds\WaterMonitor\mzero_bl\Release/core.a(itoa.c.o)
                              C:\Users\jason\AppData\Local\Temp\VMBuilds\WaterMonitor\mzero_bl\Release/core.a(WString.cpp.o) (ltoa)
C:\Users\jason\AppData\Local\Temp\VMBuilds\WaterMonitor\mzero_bl\Release/core.a(dtostrf.c.o)
                              C:\Users\jason\AppData\Local\Temp\VMBuilds\WaterMonitor\mzero_bl\Release/core.a(WString.cpp.o) (dtostrf)
C:\Users\jason\AppData\Local\Temp\VMBuilds\WaterMonitor\mzero_bl\Release/core.a(CDC.cpp.o)
                              C:\Users\jason\AppData\Local\Temp\VMBuilds\WaterMonitor\mzero_bl\Release/core.a(USBCore.cpp.o) (CDC_GetInterface(unsigned char*))
[...]
Memory Configuration

Name             Origin             Length             Attributes
FLASH            0x00004000         0x0003c000         xr
RAM              0x20000000         0x00008000         xrw
*default*        0x00000000         0xffffffff

Linker script and memory map

LOAD c:/users/jason/appdata/local/arduino15/packages/arduino/tools/arm-none-eabi-gcc/4.8.3-2014q1/bin/../lib/gcc/arm-none-eabi/4.8.3/armv6-m/crti.o
LOAD c:/users/jason/appdata/local/arduino15/packages/arduino/tools/arm-none-eabi-gcc/4.8.3-2014q1/bin/../lib/gcc/arm-none-eabi/4.8.3/armv6-m/crtbegin.o
LOAD c:/users/jason/appdata/local/arduino15/packages/arduino/tools/arm-none-eabi-gcc/4.8.3-2014q1/bin/../lib/gcc/arm-none-eabi/4.8.3/../../../../arm-none-eabi/lib/armv6-m/crt0.o
LOAD C:\Users\jason\AppData\Local\Temp\VMBuilds\WaterMonitor\mzero_bl\Release\WaterMonitor.cpp.o
LOAD C:\Users\jason\AppData\Local\Temp\VMBuilds\WaterMonitor\mzero_bl\Release\SD\File.cpp.o
LOAD C:\Users\jason\AppData\Local\Temp\VMBuilds\WaterMonitor\mzero_bl\Release\SD\SD.cpp.o
LOAD C:\Users\jason\AppData\Local\Temp\VMBuilds\WaterMonitor\mzero_bl\Release\SD\utility\Sd2Card.cpp.o
LOAD C:\Users\jason\AppData\Local\Temp\VMBuilds\WaterMonitor\mzero_bl\Release\SD\utility\SdFile.cpp.o
LOAD C:\Users\jason\AppData\Local\Temp\VMBuilds\WaterMonitor\mzero_bl\Release\SD\utility\SdVolume.cpp.o
LOAD C:\Users\jason\AppData\Local\Temp\VMBuilds\WaterMonitor\mzero_bl\Release\OneWire\OneWire.cpp.o
LOAD C:\Users\jason\AppData\Local\Temp\VMBuilds\WaterMonitor\mzero_bl\Release\SPI\SPI.cpp.o
LOAD C:\Users\jason\AppData\Local\Temp\VMBuilds\WaterMonitor\mzero_bl\Release\Wire\Wire.cpp.o
LOAD C:\Users\jason\AppData\Local\Temp\VMBuilds\WaterMonitor\mzero_bl\Release\GravityDo.cpp.o
LOAD C:\Users\jason\AppData\Local\Temp\VMBuilds\WaterMonitor\mzero_bl\Release\GravityEc.cpp.o
LOAD C:\Users\jason\AppData\Local\Temp\VMBuilds\WaterMonitor\mzero_bl\Release\GravityOrp.cpp.o
LOAD C:\Users\jason\AppData\Local\Temp\VMBuilds\WaterMonitor\mzero_bl\Release\GravityPh.cpp.o
LOAD C:\Users\jason\AppData\Local\Temp\VMBuilds\WaterMonitor\mzero_bl\Release\GravityRtc.cpp.o
LOAD C:\Users\jason\AppData\Local\Temp\VMBuilds\WaterMonitor\mzero_bl\Release\GravitySd.cpp.o
LOAD C:\Users\jason\AppData\Local\Temp\VMBuilds\WaterMonitor\mzero_bl\Release\GravitySensorHub.cpp.o
LOAD C:\Users\jason\AppData\Local\Temp\VMBuilds\WaterMonitor\mzero_bl\Release\GravityTemperature.cpp.o
LOAD C:\Users\jason\AppData\Local\Temp\VMBuilds\WaterMonitor\mzero_bl\Release\variant\variant.cpp.o
START GROUP
LOAD C:\Users\jason\AppData\Local\arduino15\packages\arduino\tools\CMSIS\4.5.0/CMSIS/Lib/GCC/\libarm_cortexM0l_math.a
LOAD c:/users/jason/appdata/local/arduino15/packages/arduino/tools/arm-none-eabi-gcc/4.8.3-2014q1/bin/../lib/gcc/arm-none-eabi/4.8.3/../../../../arm-none-eabi/lib/armv6-m\libm.a
LOAD C:\Users\jason\AppData\Local\Temp\VMBuilds\WaterMonitor\mzero_bl\Release/core.a
END GROUP
START GROUP
LOAD c:/users/jason/appdata/local/arduino15/packages/arduino/tools/arm-none-eabi-gcc/4.8.3-2014q1/bin/../lib/gcc/arm-none-eabi/4.8.3/armv6-m\libgcc.a
LOAD c:/users/jason/appdata/local/arduino15/packages/arduino/tools/arm-none-eabi-gcc/4.8.3-2014q1/bin/../lib/gcc/arm-none-eabi/4.8.3/../../../../arm-none-eabi/lib/armv6-m\libc_s.a
END GROUP
START GROUP
LOAD c:/users/jason/appdata/local/arduino15/packages/arduino/tools/arm-none-eabi-gcc/4.8.3-2014q1/bin/../lib/gcc/arm-none-eabi/4.8.3/armv6-m\libgcc.a
LOAD c:/users/jason/appdata/local/arduino15/packages/arduino/tools/arm-none-eabi-gcc/4.8.3-2014q1/bin/../lib/gcc/arm-none-eabi/4.8.3/../../../../arm-none-eabi/lib/armv6-m\libc_s.a
LOAD c:/users/jason/appdata/local/arduino15/packages/arduino/tools/arm-none-eabi-gcc/4.8.3-2014q1/bin/../lib/gcc/arm-none-eabi/4.8.3/../../../../arm-none-eabi/lib/armv6-m\libnosys.a
END GROUP
START GROUP
LOAD c:/users/jason/appdata/local/arduino15/packages/arduino/tools/arm-none-eabi-gcc/4.8.3-2014q1/bin/../lib/gcc/arm-none-eabi/4.8.3/armv6-m\libgcc.a
LOAD c:/users/jason/appdata/local/arduino15/packages/arduino/tools/arm-none-eabi-gcc/4.8.3-2014q1/bin/../lib/gcc/arm-none-eabi/4.8.3/../../../../arm-none-eabi/lib/armv6-m\libc_s.a
LOAD c:/users/jason/appdata/local/arduino15/packages/arduino/tools/arm-none-eabi-gcc/4.8.3-2014q1/bin/../lib/gcc/arm-none-eabi/4.8.3/../../../../arm-none-eabi/lib/armv6-m\libnosys.a
END GROUP
LOAD c:/users/jason/appdata/local/arduino15/packages/arduino/tools/arm-none-eabi-gcc/4.8.3-2014q1/bin/../lib/gcc/arm-none-eabi/4.8.3/armv6-m/crtend.o
LOAD c:/users/jason/appdata/local/arduino15/packages/arduino/tools/arm-none-eabi-gcc/4.8.3-2014q1/bin/../lib/gcc/arm-none-eabi/4.8.3/armv6-m/crtn.o

.text           0x00004000     0xb4c0
                0x00004000                __text_start__ = .
 *(.isr_vector)
 .isr_vector    0x00004000       0xb4 C:\Users\jason\AppData\Local\Temp\VMBuilds\WaterMonitor\mzero_bl\Release/core.a(cortex_handlers.c.o)
                0x00004000                exception_table
 *(.text*)
 .text          0x000040b4       0x60 c:/users/jason/appdata/local/arduino15/packages/arduino/tools/arm-none-eabi-gcc/4.8.3-2014q1/bin/../lib/gcc/arm-none-eabi/4.8.3/armv6-m/crtbegin.o
 .text.loop     0x00004114       0xc4 C:\Users\jason\AppData\Local\Temp\VMBuilds\WaterMonitor\mzero_bl\Release\WaterMonitor.cpp.o
                0x00004114                loop
 .text.startup._GLOBAL__sub_I_temperature
                0x000041d8       0x4c C:\Users\jason\AppData\Local\Temp\VMBuilds\WaterMonitor\mzero_bl\Release\WaterMonitor.cpp.o
 .text.setup    0x00004224       0x28 C:\Users\jason\AppData\Local\Temp\VMBuilds\WaterMonitor\mzero_bl\Release\WaterMonitor.cpp.o
                0x00004224                setup
 .text._ZN4File5writeEh
                0x0000424c       0x14 C:\Users\jason\AppData\Local\Temp\VMBuilds\WaterMonitor\mzero_bl\Release\SD\File.cpp.o
                0x0000424c                File::write(unsigned char)
 .text._ZN4File5writeEPKhj
                0x00004260       0x2a C:\Users\jason\AppData\Local\Temp\VMBuilds\WaterMonitor\mzero_bl\Release\SD\File.cpp.o
                0x00004260                File::write(unsigned char const*, unsigned int)
 .text._ZN4File5flushEv
                0x0000428a        0xe C:\Users\jason\AppData\Local\Temp\VMBuilds\WaterMonitor\mzero_bl\Release\SD\File.cpp.o
                0x0000428a                File::flush()
 .text._ZN6SdFile4readEv
                0x00004298       0x20 C:\Users\jason\AppData\Local\Temp\VMBuilds\WaterMonitor\mzero_bl\Release\SD\File.cpp.o
                0x00004298                SdFile::read()
 .text._ZN4File4readEv
                0x000042b8       0x14 C:\Users\jason\AppData\Local\Temp\VMBuilds\WaterMonitor\mzero_bl\Release\SD\File.cpp.o
                0x000042b8                File::read()
 .text._ZN4File4peekEv
                0x000042cc       0x22 C:\Users\jason\AppData\Local\Temp\VMBuilds\WaterMonitor\mzero_bl\Release\SD\File.cpp.o
                0x000042cc                File::peek()
 *fill*         0x000042ee        0x2 
 .text._ZN4FileC2E6SdFilePKc
                0x000042f0       0x44 C:\Users\jason\AppData\Local\Temp\VMBuilds\WaterMonitor\mzero_bl\Release\SD\File.cpp.o
                0x000042f0                File::File(SdFile, char const*)
                0x000042f0                File::File(SdFile, char const*)
 .text._ZN4FileC2Ev
                0x00004334       0x1c C:\Users\jason\AppData\Local\Temp\VMBuilds\WaterMonitor\mzero_bl\Release\SD\File.cpp.o
                0x00004334                File::File()
                0x00004334                File::File()
 .text._ZN4File8positionEv
                0x00004350       0x10 C:\Users\jason\AppData\Local\Temp\VMBuilds\WaterMonitor\mzero_bl\Release\SD\File.cpp.o
                0x00004350                File::position()
 .text._ZN4File4sizeEv
                0x00004360        0xa C:\Users\jason\AppData\Local\Temp\VMBuilds\WaterMonitor\mzero_bl\Release\SD\File.cpp.o
                0x00004360                File::size()
 *fill*         0x0000436a        0x2 
 .text._ZN4File9availableEv
                0x0000436c       0x28 C:\Users\jason\AppData\Local\Temp\VMBuilds\WaterMonitor\mzero_bl\Release\SD\File.cpp.o
                0x0000436c                File::available()
 .text._ZN4File5closeEv
                0x00004394       0x1a C:\Users\jason\AppData\Local\Temp\VMBuilds\WaterMonitor\mzero_bl\Release\SD\File.cpp.o
                0x00004394                File::close()
 .text._ZN4FilecvbEv
                0x000043ae       0x10 C:\Users\jason\AppData\Local\Temp\VMBuilds\WaterMonitor\mzero_bl\Release\SD\File.cpp.o
                0x000043ae                File::operator bool()
 .text._ZN7SDClass5beginEh
                0x000043be       0x48 C:\Users\jason\AppData\Local\Temp\VMBuilds\WaterMonitor\mzero_bl\Release\SD\SD.cpp.o
                0x000043be                SDClass::begin(unsigned char)
 *fill*         0x00004406        0x2 
 .text._ZN6SdFileC2ERKS_
                0x00004408       0x34 C:\Users\jason\AppData\Local\Temp\VMBuilds\WaterMonitor\mzero_bl\Release\SD\SD.cpp.o
                0x00004408                SdFile::SdFile(SdFile const&)
                0x00004408                SdFile::SdFile(SdFile const&)
 .text._ZN7SDClass12getParentDirEPKcPi
                0x0000443c       0xa8 C:\Users\jason\AppData\Local\Temp\VMBuilds\WaterMonitor\mzero_bl\Release\SD\SD.cpp.o
                0x0000443c                SDClass::getParentDir(char const*, int*)
 .text._ZN7SDClass4openEPKch
                0x000044e4       0xac C:\Users\jason\AppData\Local\Temp\VMBuilds\WaterMonitor\mzero_bl\Release\SD\SD.cpp.o
                0x000044e4                SDClass::open(char const*, unsigned char)
 .text.startup._GLOBAL__sub_I__Z20getNextPathComponentPcPjS_
                0x00004590       0x2c C:\Users\jason\AppData\Local\Temp\VMBuilds\WaterMonitor\mzero_bl\Release\SD\SD.cpp.o
 .text._ZL7spiSendh
                0x000045bc       0x10 C:\Users\jason\AppData\Local\Temp\VMBuilds\WaterMonitor\mzero_bl\Release\SD\utility\Sd2Card.cpp.o
 .text._ZL6spiRecv
                0x000045cc       0x10 C:\Users\jason\AppData\Local\Temp\VMBuilds\WaterMonitor\mzero_bl\Release\SD\utility\Sd2Card.cpp.o
 .text._ZN7Sd2Card14chipSelectHighEv
                0x000045dc       0x28 C:\Users\jason\AppData\Local\Temp\VMBuilds\WaterMonitor\mzero_bl\Release\SD\utility\Sd2Card.cpp.o
                0x000045dc                Sd2Card::chipSelectHigh()
 .text._ZN7Sd2Card13chipSelectLowEv
                0x00004604       0x30 C:\Users\jason\AppData\Local\Temp\VMBuilds\WaterMonitor\mzero_bl\Release\SD\utility\Sd2Card.cpp.o
                0x00004604                Sd2Card::chipSelectLow()
 .text._ZN7Sd2Card7readEndEv
                0x00004634       0x2c C:\Users\jason\AppData\Local\Temp\VMBuilds\WaterMonitor\mzero_bl\Release\SD\utility\Sd2Card.cpp.o
                0x00004634                Sd2Card::readEnd()
 .text._ZN7Sd2Card10setSckRateEh
                0x00004660       0x6c C:\Users\jason\AppData\Local\Temp\VMBuilds\WaterMonitor\mzero_bl\Release\SD\utility\Sd2Card.cpp.o
                0x00004660                Sd2Card::setSckRate(unsigned char)
 .text._ZN7Sd2Card11waitNotBusyEt
                0x000046cc       0x28 C:\Users\jason\AppData\Local\Temp\VMBuilds\WaterMonitor\mzero_bl\Release\SD\utility\Sd2Card.cpp.o
                0x000046cc                Sd2Card::waitNotBusy(unsigned short)
 .text._ZN7Sd2Card11cardCommandEhm
                0x000046f4       0x64 C:\Users\jason\AppData\Local\Temp\VMBuilds\WaterMonitor\mzero_bl\Release\SD\utility\Sd2Card.cpp.o
                0x000046f4                Sd2Card::cardCommand(unsigned char, unsigned long)
 .text._ZN7Sd2Card4initEhh
                0x00004758      0x144 C:\Users\jason\AppData\Local\Temp\VMBuilds\WaterMonitor\mzero_bl\Release\SD\utility\Sd2Card.cpp.o
                0x00004758                Sd2Card::init(unsigned char, unsigned char)
 .text._ZN7Sd2Card14waitStartBlockEv
                0x0000489c       0x40 C:\Users\jason\AppData\Local\Temp\VMBuilds\WaterMonitor\mzero_bl\Release\SD\utility\Sd2Card.cpp.o
                0x0000489c                Sd2Card::waitStartBlock()
 .text._ZN7Sd2Card8readDataEmttPh
                0x000048dc       0xac C:\Users\jason\AppData\Local\Temp\VMBuilds\WaterMonitor\mzero_bl\Release\SD\utility\Sd2Card.cpp.o
                0x000048dc                Sd2Card::readData(unsigned long, unsigned short, unsigned short, unsigned char*)
 .text._ZN7Sd2Card9readBlockEmPh
                0x00004988       0x10 C:\Users\jason\AppData\Local\Temp\VMBuilds\WaterMonitor\mzero_bl\Release\SD\utility\Sd2Card.cpp.o
                0x00004988                Sd2Card::readBlock(unsigned long, unsigned char*)
 .text._ZN7Sd2Card9writeDataEhPKh
                0x00004998       0x48 C:\Users\jason\AppData\Local\Temp\VMBuilds\WaterMonitor\mzero_bl\Release\SD\utility\Sd2Card.cpp.o
                0x00004998                Sd2Card::writeData(unsigned char, unsigned char const*)
 .text._ZN7Sd2Card10writeBlockEmPKh
                0x000049e0       0x78 C:\Users\jason\AppData\Local\Temp\VMBuilds\WaterMonitor\mzero_bl\Release\SD\utility\Sd2Card.cpp.o
                0x000049e0                Sd2Card::writeBlock(unsigned long, unsigned char const*)
 .text.startup._GLOBAL__sub_I__ZN7Sd2Card11cardCommandEhm
                0x00004a58       0x18 C:\Users\jason\AppData\Local\Temp\VMBuilds\WaterMonitor\mzero_bl\Release\SD\utility\Sd2Card.cpp.o
 .text._ZN6SdFile10addClusterEv
                0x00004a70       0x2c C:\Users\jason\AppData\Local\Temp\VMBuilds\WaterMonitor\mzero_bl\Release\SD\utility\SdFile.cpp.o
                0x00004a70                SdFile::addCluster()
 .text._ZN6SdFile13addDirClusterEv
                0x00004a9c       0x4a C:\Users\jason\AppData\Local\Temp\VMBuilds\WaterMonitor\mzero_bl\Release\SD\utility\SdFile.cpp.o
                0x00004a9c                SdFile::addDirCluster()
 *fill*         0x00004ae6        0x2 
 .text._ZN6SdFile13cacheDirEntryEh
                0x00004ae8       0x1c C:\Users\jason\AppData\Local\Temp\VMBuilds\WaterMonitor\mzero_bl\Release\SD\utility\SdFile.cpp.o
                0x00004ae8                SdFile::cacheDirEntry(unsigned char)
 .text._ZN6SdFile10make83NameEPKcPh
                0x00004b04       0x8c C:\Users\jason\AppData\Local\Temp\VMBuilds\WaterMonitor\mzero_bl\Release\SD\utility\SdFile.cpp.o
                0x00004b04                SdFile::make83Name(char const*, unsigned char*)
 .text._ZN6SdFile8openRootEP8SdVolume
                0x00004b90       0x52 C:\Users\jason\AppData\Local\Temp\VMBuilds\WaterMonitor\mzero_bl\Release\SD\utility\SdFile.cpp.o
                0x00004b90                SdFile::openRoot(SdVolume*)
 *fill*         0x00004be2        0x2 
 .text._ZN6SdFile4readEPvt
                0x00004be4      0x10c C:\Users\jason\AppData\Local\Temp\VMBuilds\WaterMonitor\mzero_bl\Release\SD\utility\SdFile.cpp.o
                0x00004be4                SdFile::read(void*, unsigned short)
 .text._ZN6SdFile12readDirCacheEv
                0x00004cf0       0x48 C:\Users\jason\AppData\Local\Temp\VMBuilds\WaterMonitor\mzero_bl\Release\SD\utility\SdFile.cpp.o
                0x00004cf0                SdFile::readDirCache()
 .text._ZN6SdFile7seekSetEm
                0x00004d38       0x64 C:\Users\jason\AppData\Local\Temp\VMBuilds\WaterMonitor\mzero_bl\Release\SD\utility\SdFile.cpp.o
                0x00004d38                SdFile::seekSet(unsigned long)
 .text._ZN6SdFile4syncEv
                0x00004d9c       0x78 C:\Users\jason\AppData\Local\Temp\VMBuilds\WaterMonitor\mzero_bl\Release\SD\utility\SdFile.cpp.o
                0x00004d9c                SdFile::sync()
 .text._ZN6SdFile5closeEv
                0x00004e14       0x14 C:\Users\jason\AppData\Local\Temp\VMBuilds\WaterMonitor\mzero_bl\Release\SD\utility\SdFile.cpp.o
                0x00004e14                SdFile::close()
 .text._ZN6SdFile8truncateEm
                0x00004e28       0xb4 C:\Users\jason\AppData\Local\Temp\VMBuilds\WaterMonitor\mzero_bl\Release\SD\utility\SdFile.cpp.o
                0x00004e28                SdFile::truncate(unsigned long)
 .text._ZN6SdFile15openCachedEntryEhh
                0x00004edc       0x98 C:\Users\jason\AppData\Local\Temp\VMBuilds\WaterMonitor\mzero_bl\Release\SD\utility\SdFile.cpp.o
                0x00004edc                SdFile::openCachedEntry(unsigned char, unsigned char)
 .text._ZN6SdFile4openEPS_PKch
                0x00004f74      0x134 C:\Users\jason\AppData\Local\Temp\VMBuilds\WaterMonitor\mzero_bl\Release\SD\utility\SdFile.cpp.o
                0x00004f74                SdFile::open(SdFile*, char const*, unsigned char)
 .text._ZN6SdFile5writeEPKvt
                0x000050a8      0x1ac C:\Users\jason\AppData\Local\Temp\VMBuilds\WaterMonitor\mzero_bl\Release\SD\utility\SdFile.cpp.o
                0x000050a8                SdFile::write(void const*, unsigned short)
 .text._ZN6SdFile5writeEh
                0x00005254       0x12 C:\Users\jason\AppData\Local\Temp\VMBuilds\WaterMonitor\mzero_bl\Release\SD\utility\SdFile.cpp.o
                0x00005254                SdFile::write(unsigned char)
 *fill*         0x00005266        0x2 
 .text._ZN8SdVolume10cacheFlushEv
                0x00005268       0x54 C:\Users\jason\AppData\Local\Temp\VMBuilds\WaterMonitor\mzero_bl\Release\SD\utility\SdVolume.cpp.o
                0x00005268                SdVolume::cacheFlush()
 .text._ZN8SdVolume13cacheRawBlockEmh
                0x000052bc       0x48 C:\Users\jason\AppData\Local\Temp\VMBuilds\WaterMonitor\mzero_bl\Release\SD\utility\SdVolume.cpp.o
                0x000052bc                SdVolume::cacheRawBlock(unsigned long, unsigned char)
 .text._ZN8SdVolume14cacheZeroBlockEm
                0x00005304       0x3c C:\Users\jason\AppData\Local\Temp\VMBuilds\WaterMonitor\mzero_bl\Release\SD\utility\SdVolume.cpp.o
                0x00005304                SdVolume::cacheZeroBlock(unsigned long)
 .text._ZNK8SdVolume6fatGetEmPm
                0x00005340       0x60 C:\Users\jason\AppData\Local\Temp\VMBuilds\WaterMonitor\mzero_bl\Release\SD\utility\SdVolume.cpp.o
                0x00005340                SdVolume::fatGet(unsigned long, unsigned long*) const
 .text._ZNK8SdVolume9chainSizeEmPm
                0x000053a0       0x44 C:\Users\jason\AppData\Local\Temp\VMBuilds\WaterMonitor\mzero_bl\Release\SD\utility\SdVolume.cpp.o
                0x000053a0                SdVolume::chainSize(unsigned long, unsigned long*) const
 .text._ZN8SdVolume6fatPutEmm
                0x000053e4       0x88 C:\Users\jason\AppData\Local\Temp\VMBuilds\WaterMonitor\mzero_bl\Release\SD\utility\SdVolume.cpp.o
                0x000053e4                SdVolume::fatPut(unsigned long, unsigned long)
 .text._ZN8SdVolume15allocContiguousEmPm
                0x0000546c       0xc8 C:\Users\jason\AppData\Local\Temp\VMBuilds\WaterMonitor\mzero_bl\Release\SD\utility\SdVolume.cpp.o
                0x0000546c                SdVolume::allocContiguous(unsigned long, unsigned long*)
 .text._ZN8SdVolume9freeChainEm
                0x00005534       0x4c C:\Users\jason\AppData\Local\Temp\VMBuilds\WaterMonitor\mzero_bl\Release\SD\utility\SdVolume.cpp.o
                0x00005534                SdVolume::freeChain(unsigned long)
 .text._ZN8SdVolume4initEP7Sd2Cardh
                0x00005580      0x128 C:\Users\jason\AppData\Local\Temp\VMBuilds\WaterMonitor\mzero_bl\Release\SD\utility\SdVolume.cpp.o
                0x00005580                SdVolume::init(Sd2Card*, unsigned char)
 .text._ZN7OneWire5resetEv
                0x000056a8       0x52 C:\Users\jason\AppData\Local\Temp\VMBuilds\WaterMonitor\mzero_bl\Release\OneWire\OneWire.cpp.o
                0x000056a8                OneWire::reset()
 .text._ZN7OneWire9write_bitEh
                0x000056fa       0x36 C:\Users\jason\AppData\Local\Temp\VMBuilds\WaterMonitor\mzero_bl\Release\OneWire\OneWire.cpp.o
                0x000056fa                OneWire::write_bit(unsigned char)
 .text._ZN7OneWire8read_bitEv
                0x00005730       0x2e C:\Users\jason\AppData\Local\Temp\VMBuilds\WaterMonitor\mzero_bl\Release\OneWire\OneWire.cpp.o
                0x00005730                OneWire::read_bit()
 .text._ZN7OneWire5writeEhh
                0x0000575e       0x3c C:\Users\jason\AppData\Local\Temp\VMBuilds\WaterMonitor\mzero_bl\Release\OneWire\OneWire.cpp.o
                0x0000575e                OneWire::write(unsigned char, unsigned char)
 .text._ZN7OneWire4readEv
                0x0000579a       0x24 C:\Users\jason\AppData\Local\Temp\VMBuilds\WaterMonitor\mzero_bl\Release\OneWire\OneWire.cpp.o
                0x0000579a                OneWire::read()
 .text._ZN7OneWire6selectEPKh
                0x000057be       0x22 C:\Users\jason\AppData\Local\Temp\VMBuilds\WaterMonitor\mzero_bl\Release\OneWire\OneWire.cpp.o
                0x000057be                OneWire::select(unsigned char const*)
 .text._ZN7OneWire12reset_searchEv
                0x000057e0       0x1a C:\Users\jason\AppData\Local\Temp\VMBuilds\WaterMonitor\mzero_bl\Release\OneWire\OneWire.cpp.o
                0x000057e0                OneWire::reset_search()
 *fill*         0x000057fa        0x2 
 .text._ZN7OneWireC2Eh
                0x000057fc       0x3c C:\Users\jason\AppData\Local\Temp\VMBuilds\WaterMonitor\mzero_bl\Release\OneWire\OneWire.cpp.o
                0x000057fc                OneWire::OneWire(unsigned char)
                0x000057fc                OneWire::OneWire(unsigned char)
 .text._ZN7OneWire6searchEPhb
                0x00005838       0xec C:\Users\jason\AppData\Local\Temp\VMBuilds\WaterMonitor\mzero_bl\Release\OneWire\OneWire.cpp.o
                0x00005838                OneWire::search(unsigned char*, bool)
 .text._ZN7OneWire4crc8EPKhh
                0x00005924       0x20 C:\Users\jason\AppData\Local\Temp\VMBuilds\WaterMonitor\mzero_bl\Release\OneWire\OneWire.cpp.o
                0x00005924                OneWire::crc8(unsigned char const*, unsigned char)
 .text._ZN8SPIClass4initEv
                0x00005944       0x12 C:\Users\jason\AppData\Local\Temp\VMBuilds\WaterMonitor\mzero_bl\Release\SPI\SPI.cpp.o
                0x00005944                SPIClass::init()
 .text._ZN8SPIClass6configE11SPISettings
                0x00005956       0x36 C:\Users\jason\AppData\Local\Temp\VMBuilds\WaterMonitor\mzero_bl\Release\SPI\SPI.cpp.o
                0x00005956                SPIClass::config(SPISettings)
 .text._ZN8SPIClass5beginEv
                0x0000598c       0x50 C:\Users\jason\AppData\Local\Temp\VMBuilds\WaterMonitor\mzero_bl\Release\SPI\SPI.cpp.o
                0x0000598c                SPIClass::begin()
 .text._ZN8SPIClass16beginTransactionE11SPISettings
                0x000059dc       0x38 C:\Users\jason\AppData\Local\Temp\VMBuilds\WaterMonitor\mzero_bl\Release\SPI\SPI.cpp.o
                0x000059dc                SPIClass::beginTransaction(SPISettings)
 .text._ZN8SPIClass14endTransactionEv
                0x00005a14       0x24 C:\Users\jason\AppData\Local\Temp\VMBuilds\WaterMonitor\mzero_bl\Release\SPI\SPI.cpp.o
                0x00005a14                SPIClass::endTransaction()
 .text._ZN8SPIClass8transferEh
                0x00005a38        0xa C:\Users\jason\AppData\Local\Temp\VMBuilds\WaterMonitor\mzero_bl\Release\SPI\SPI.cpp.o
                0x00005a38                SPIClass::transfer(unsigned char)
 *fill*         0x00005a42        0x2 
 .text.startup._GLOBAL__sub_I__ZN8SPIClassC2EP6SERCOMhhh14SercomSpiTXPad11SercomRXPad
                0x00005a44       0x38 C:\Users\jason\AppData\Local\Temp\VMBuilds\WaterMonitor\mzero_bl\Release\SPI\SPI.cpp.o
 .text._ZN7TwoWire5writeEPKhj
                0x00005a7c       0x24 C:\Users\jason\AppData\Local\Temp\VMBuilds\WaterMonitor\mzero_bl\Release\Wire\Wire.cpp.o
                0x00005a7c                TwoWire::write(unsigned char const*, unsigned int)
 .text._ZN7TwoWire5flushEv
                0x00005aa0        0x2 C:\Users\jason\AppData\Local\Temp\VMBuilds\WaterMonitor\mzero_bl\Release\Wire\Wire.cpp.o
                0x00005aa0                TwoWire::flush()
 .text._ZN7TwoWire4readEv
                0x00005aa2        0xa C:\Users\jason\AppData\Local\Temp\VMBuilds\WaterMonitor\mzero_bl\Release\Wire\Wire.cpp.o
                0x00005aa2                TwoWire::read()
 .text._ZN7TwoWire9availableEv
                0x00005aac        0xa C:\Users\jason\AppData\Local\Temp\VMBuilds\WaterMonitor\mzero_bl\Release\Wire\Wire.cpp.o
                0x00005aac                TwoWire::available()
 .text._ZN7TwoWire5writeEh
                0x00005ab6       0x28 C:\Users\jason\AppData\Local\Temp\VMBuilds\WaterMonitor\mzero_bl\Release\Wire\Wire.cpp.o
                0x00005ab6                TwoWire::write(unsigned char)
 .text._ZN7TwoWire4peekEv
                0x00005ade        0xa C:\Users\jason\AppData\Local\Temp\VMBuilds\WaterMonitor\mzero_bl\Release\Wire\Wire.cpp.o
                0x00005ade                TwoWire::peek()
 .text._ZN7TwoWireC2EP6SERCOMhh
                0x00005ae8       0x3c C:\Users\jason\AppData\Local\Temp\VMBuilds\WaterMonitor\mzero_bl\Release\Wire\Wire.cpp.o
                0x00005ae8                TwoWire::TwoWire(SERCOM*, unsigned char, unsigned char)
                0x00005ae8                TwoWire::TwoWire(SERCOM*, unsigned char, unsigned char)
 .text._ZN7TwoWire5beginEv
                0x00005b24       0x40 C:\Users\jason\AppData\Local\Temp\VMBuilds\WaterMonitor\mzero_bl\Release\Wire\Wire.cpp.o
                0x00005b24                TwoWire::begin()
 .text._ZN7TwoWire11requestFromEhjb
                0x00005b64       0x76 C:\Users\jason\AppData\Local\Temp\VMBuilds\WaterMonitor\mzero_bl\Release\Wire\Wire.cpp.o
                0x00005b64                TwoWire::requestFrom(unsigned char, unsigned int, bool)
 .text._ZN7TwoWire11requestFromEhj
                0x00005bda        0xa C:\Users\jason\AppData\Local\Temp\VMBuilds\WaterMonitor\mzero_bl\Release\Wire\Wire.cpp.o
                0x00005bda                TwoWire::requestFrom(unsigned char, unsigned int)
 .text._ZN7TwoWire15endTransmissionEb
                0x00005be4       0x66 C:\Users\jason\AppData\Local\Temp\VMBuilds\WaterMonitor\mzero_bl\Release\Wire\Wire.cpp.o
                0x00005be4                TwoWire::endTransmission(bool)
 .text._ZN7TwoWire15endTransmissionEv
                0x00005c4a        0xa C:\Users\jason\AppData\Local\Temp\VMBuilds\WaterMonitor\mzero_bl\Release\Wire\Wire.cpp.o
                0x00005c4a                TwoWire::endTransmission()
 .text._ZN7TwoWire9onServiceEv
                0x00005c54      0x104 C:\Users\jason\AppData\Local\Temp\VMBuilds\WaterMonitor\mzero_bl\Release\Wire\Wire.cpp.o
                0x00005c54                TwoWire::onService()
 .text.SERCOM3_Handler
                0x00005d58       0x10 C:\Users\jason\AppData\Local\Temp\VMBuilds\WaterMonitor\mzero_bl\Release\Wire\Wire.cpp.o
                0x00005d58                SERCOM3_Handler
 .text.startup._GLOBAL__sub_I__ZN7TwoWireC2EP6SERCOMhh
                0x00005d68       0x18 C:\Users\jason\AppData\Local\Temp\VMBuilds\WaterMonitor\mzero_bl\Release\Wire\Wire.cpp.o
 .text._ZN9GravityDo8getValueEv
                0x00005d80        0x6 C:\Users\jason\AppData\Local\Temp\VMBuilds\WaterMonitor\mzero_bl\Release\GravityDo.cpp.o
                0x00005d80                GravityDo::getValue()
 *fill*         0x00005d86        0x2 
 .text._ZN9GravityDoC2Ev
                0x00005d88       0x1c C:\Users\jason\AppData\Local\Temp\VMBuilds\WaterMonitor\mzero_bl\Release\GravityDo.cpp.o
                0x00005d88                GravityDo::GravityDo()
                0x00005d88                GravityDo::GravityDo()
 .text._ZN9GravityDo5setupEv
                0x00005da4       0x1c C:\Users\jason\AppData\Local\Temp\VMBuilds\WaterMonitor\mzero_bl\Release\GravityDo.cpp.o
                0x00005da4                GravityDo::setup()
 .text._ZN9GravityDo6updateEv
                0x00005dc0       0x6c C:\Users\jason\AppData\Local\Temp\VMBuilds\WaterMonitor\mzero_bl\Release\GravityDo.cpp.o
                0x00005dc0                GravityDo::update()
 .text._ZN9GravityEc8getValueEv
                0x00005e2c        0x6 C:\Users\jason\AppData\Local\Temp\VMBuilds\WaterMonitor\mzero_bl\Release\GravityEc.cpp.o
                0x00005e2c                GravityEc::getValue()
 .text._ZN9GravityEc5setupEv
                0x00005e32       0x1a C:\Users\jason\AppData\Local\Temp\VMBuilds\WaterMonitor\mzero_bl\Release\GravityEc.cpp.o
                0x00005e32                GravityEc::setup()
 *fill*         0x00005e4c        0x4 
 .text._ZN9GravityEcC2EP12IWaterSensor
                0x00005e50       0x58 C:\Users\jason\AppData\Local\Temp\VMBuilds\WaterMonitor\mzero_bl\Release\GravityEc.cpp.o
                0x00005e50                GravityEc::GravityEc(IWaterSensor*)
                0x00005e50                GravityEc::GravityEc(IWaterSensor*)
 .text._ZN9GravityEc22calculateAnalogAverageEv
                0x00005ea8       0x88 C:\Users\jason\AppData\Local\Temp\VMBuilds\WaterMonitor\mzero_bl\Release\GravityEc.cpp.o
                0x00005ea8                GravityEc::calculateAnalogAverage()
 .text._ZN9GravityEc11calculateEcEv
                0x00005f30      0x1a8 C:\Users\jason\AppData\Local\Temp\VMBuilds\WaterMonitor\mzero_bl\Release\GravityEc.cpp.o
                0x00005f30                GravityEc::calculateEc()
 .text._ZN9GravityEc6updateEv
                0x000060d8       0x10 C:\Users\jason\AppData\Local\Temp\VMBuilds\WaterMonitor\mzero_bl\Release\GravityEc.cpp.o
                0x000060d8                GravityEc::update()
 .text._ZN10GravityOrp5setupEv
                0x000060e8        0x2 C:\Users\jason\AppData\Local\Temp\VMBuilds\WaterMonitor\mzero_bl\Release\GravityOrp.cpp.o
                0x000060e8                GravityOrp::setup()
 .text._ZN10GravityOrp8getValueEv
                0x000060ea        0x6 C:\Users\jason\AppData\Local\Temp\VMBuilds\WaterMonitor\mzero_bl\Release\GravityOrp.cpp.o
                0x000060ea                GravityOrp::getValue()
 .text._ZN10GravityOrp6updateEv
                0x000060f0      0x158 C:\Users\jason\AppData\Local\Temp\VMBuilds\WaterMonitor\mzero_bl\Release\GravityOrp.cpp.o
                0x000060f0                GravityOrp::update()
 .text._ZN10GravityOrpC2Ev
                0x00006248       0x40 C:\Users\jason\AppData\Local\Temp\VMBuilds\WaterMonitor\mzero_bl\Release\GravityOrp.cpp.o
                0x00006248                GravityOrp::GravityOrp()
                0x00006248                GravityOrp::GravityOrp()
 .text._ZN9GravityPh8getValueEv
                0x00006288        0x6 C:\Users\jason\AppData\Local\Temp\VMBuilds\WaterMonitor\mzero_bl\Release\GravityPh.cpp.o
                0x00006288                GravityPh::getValue()
 .text._ZN9GravityPh5setupEv
                0x0000628e        0xc C:\Users\jason\AppData\Local\Temp\VMBuilds\WaterMonitor\mzero_bl\Release\GravityPh.cpp.o
                0x0000628e                GravityPh::setup()
 *fill*         0x0000629a        0x6 
 .text._ZN9GravityPh6updateEv
                0x000062a0      0x108 C:\Users\jason\AppData\Local\Temp\VMBuilds\WaterMonitor\mzero_bl\Release\GravityPh.cpp.o
                0x000062a0                GravityPh::update()
 .text._ZN9GravityPhC2Ev
                0x000063a8       0x38 C:\Users\jason\AppData\Local\Temp\VMBuilds\WaterMonitor\mzero_bl\Release\GravityPh.cpp.o
                0x000063a8                GravityPh::GravityPh()
                0x000063a8                GravityPh::GravityPh()
 .text._ZN10GravityRtcC2Ev
                0x000063e0       0x20 C:\Users\jason\AppData\Local\Temp\VMBuilds\WaterMonitor\mzero_bl\Release\GravityRtc.cpp.o
                0x000063e0                GravityRtc::GravityRtc()
                0x000063e0                GravityRtc::GravityRtc()
 .text._ZN10GravityRtcD2Ev
                0x00006400        0x2 C:\Users\jason\AppData\Local\Temp\VMBuilds\WaterMonitor\mzero_bl\Release\GravityRtc.cpp.o
                0x00006400                GravityRtc::~GravityRtc()
                0x00006400                GravityRtc::~GravityRtc()
 *fill*         0x00006402        0x2 
 .text._ZN10GravityRtc5setupEv
                0x00006404       0x10 C:\Users\jason\AppData\Local\Temp\VMBuilds\WaterMonitor\mzero_bl\Release\GravityRtc.cpp.o
                0x00006404                GravityRtc::setup()
 .text._ZN10GravityRtc10processRtcEv
                0x00006414       0x5c C:\Users\jason\AppData\Local\Temp\VMBuilds\WaterMonitor\mzero_bl\Release\GravityRtc.cpp.o
                0x00006414                GravityRtc::processRtc()
 .text._ZN10GravityRtc7readRtcEv
                0x00006470       0x40 C:\Users\jason\AppData\Local\Temp\VMBuilds\WaterMonitor\mzero_bl\Release\GravityRtc.cpp.o
                0x00006470                GravityRtc::readRtc()
 .text._ZN10GravityRtc6updateEv
                0x000064b0       0x28 C:\Users\jason\AppData\Local\Temp\VMBuilds\WaterMonitor\mzero_bl\Release\GravityRtc.cpp.o
                0x000064b0                GravityRtc::update()
 .text._ZN9GravitySd8getValueEv
                0x000064d8       0x10 C:\Users\jason\AppData\Local\Temp\VMBuilds\WaterMonitor\mzero_bl\Release\GravitySd.cpp.o
                0x000064d8                GravitySd::getValue()
 .text._ZN9GravitySd5setupEv
                0x000064e8       0x7c C:\Users\jason\AppData\Local\Temp\VMBuilds\WaterMonitor\mzero_bl\Release\GravitySd.cpp.o
                0x000064e8                GravitySd::setup()
 .text._ZN9GravitySdC2EPP12IWaterSensor
                0x00006564       0x24 C:\Users\jason\AppData\Local\Temp\VMBuilds\WaterMonitor\mzero_bl\Release\GravitySd.cpp.o
                0x00006564                GravitySd::GravitySd(IWaterSensor**)
                0x00006564                GravitySd::GravitySd(IWaterSensor**)
 .text._ZN9GravitySd13connectStringEd
                0x00006588       0x34 C:\Users\jason\AppData\Local\Temp\VMBuilds\WaterMonitor\mzero_bl\Release\GravitySd.cpp.o
                0x00006588                GravitySd::connectString(double)
 *fill*         0x000065bc        0x4 
 .text._ZN9GravitySd6updateEv
                0x000065c0      0x1f8 C:\Users\jason\AppData\Local\Temp\VMBuilds\WaterMonitor\mzero_bl\Release\GravitySd.cpp.o
                0x000065c0                GravitySd::update()
 .text.startup._GLOBAL__sub_I_dataString
                0x000067b8       0x28 C:\Users\jason\AppData\Local\Temp\VMBuilds\WaterMonitor\mzero_bl\Release\GravitySd.cpp.o
 .text._ZN16GravitySensorHubC2Ev
                0x000067e0       0x7c C:\Users\jason\AppData\Local\Temp\VMBuilds\WaterMonitor\mzero_bl\Release\GravitySensorHub.cpp.o
                0x000067e0                GravitySensorHub::GravitySensorHub()
                0x000067e0                GravitySensorHub::GravitySensorHub()
 .text._ZN16GravitySensorHubD2Ev
                0x0000685c       0x1a C:\Users\jason\AppData\Local\Temp\VMBuilds\WaterMonitor\mzero_bl\Release\GravitySensorHub.cpp.o
                0x0000685c                GravitySensorHub::~GravitySensorHub()
                0x0000685c                GravitySensorHub::~GravitySensorHub()
 .text._ZN16GravitySensorHub5setupEv
                0x00006876       0x1a C:\Users\jason\AppData\Local\Temp\VMBuilds\WaterMonitor\mzero_bl\Release\GravitySensorHub.cpp.o
                0x00006876                GravitySensorHub::setup()
 .text._ZN16GravitySensorHub6updateEv
                0x00006890       0x1a C:\Users\jason\AppData\Local\Temp\VMBuilds\WaterMonitor\mzero_bl\Release\GravitySensorHub.cpp.o
                0x00006890                GravitySensorHub::update()
 *fill*         0x000068aa        0x6 
 .text._ZN16GravitySensorHub22getValueBySensorNumberEi
                0x000068b0       0x20 C:\Users\jason\AppData\Local\Temp\VMBuilds\WaterMonitor\mzero_bl\Release\GravitySensorHub.cpp.o
                0x000068b0                GravitySensorHub::getValueBySensorNumber(int)
 .text._ZN18GravityTemperature5setupEv
                0x000068d0        0x2 C:\Users\jason\AppData\Local\Temp\VMBuilds\WaterMonitor\mzero_bl\Release\GravityTemperature.cpp.o
                0x000068d0                GravityTemperature::setup()
 .text._ZN18GravityTemperature8getValueEv
                0x000068d2        0x6 C:\Users\jason\AppData\Local\Temp\VMBuilds\WaterMonitor\mzero_bl\Release\GravityTemperature.cpp.o
                0x000068d2                GravityTemperature::getValue()
 .text._ZN18GravityTemperatureC2EP7OneWire
                0x000068d8       0x18 C:\Users\jason\AppData\Local\Temp\VMBuilds\WaterMonitor\mzero_bl\Release\GravityTemperature.cpp.o
                0x000068d8                GravityTemperature::GravityTemperature(OneWire*)
                0x000068d8                GravityTemperature::GravityTemperature(OneWire*)
 .text._ZN18GravityTemperature11TempProcessEb
                0x000068f0       0xf0 C:\Users\jason\AppData\Local\Temp\VMBuilds\WaterMonitor\mzero_bl\Release\GravityTemperature.cpp.o
                0x000068f0                GravityTemperature::TempProcess(bool)
 .text._ZN18GravityTemperature6updateEv
                0x000069e0       0x2e C:\Users\jason\AppData\Local\Temp\VMBuilds\WaterMonitor\mzero_bl\Release\GravityTemperature.cpp.o
                0x000069e0                GravityTemperature::update()
 *fill*         0x00006a0e        0x2 
 .text.SERCOM0_Handler
                0x00006a10       0x10 C:\Users\jason\AppData\Local\Temp\VMBuilds\WaterMonitor\mzero_bl\Release\variant\variant.cpp.o
                0x00006a10                SERCOM0_Handler
 .text.SERCOM5_Handler
                0x00006a20       0x10 C:\Users\jason\AppData\Local\Temp\VMBuilds\WaterMonitor\mzero_bl\Release\variant\variant.cpp.o
                0x00006a20                SERCOM5_Handler
 .text.startup._GLOBAL__sub_I_g_APinDescription
                0x00006a30       0x94 C:\Users\jason\AppData\Local\Temp\VMBuilds\WaterMonitor\mzero_bl\Release\variant\variant.cpp.o
 .text.Dummy_Handler
                0x00006ac4        0x2 C:\Users\jason\AppData\Local\Temp\VMBuilds\WaterMonitor\mzero_bl\Release/core.a(cortex_handlers.c.o)
                0x00006ac4                DMAC_Handler
                0x00006ac4                HardFault_Handler
                0x00006ac4                AC_Handler
                0x00006ac4                PendSV_Handler
                0x00006ac4                NMI_Handler
                0x00006ac4                TC7_Handler
                0x00006ac4                SERCOM1_Handler
                0x00006ac4                ADC_Handler
                0x00006ac4                TCC1_Handler
                0x00006ac4                SERCOM2_Handler
                0x00006ac4                TCC0_Handler
                0x00006ac4                RTC_Handler
                0x00006ac4                EIC_Handler
                0x00006ac4                TC6_Handler
                0x00006ac4                WDT_Handler
                0x00006ac4                TC4_Handler
                0x00006ac4                TC3_Handler
                0x00006ac4                Dummy_Handler
                0x00006ac4                PM_Handler
                0x00006ac4                SVC_Handler
                0x00006ac4                TCC2_Handler
                0x00006ac4                EVSYS_Handler
                0x00006ac4                SERCOM4_Handler
                0x00006ac4                I2S_Handler
                0x00006ac4                NVMCTRL_Handler
                0x00006ac4                DAC_Handler
                0x00006ac4                PTC_Handler
                0x00006ac4                SYSCTRL_Handler
 *fill*         0x00006ac6        0x2 
 .text.USB_Handler
                0x00006ac8       0x14 C:\Users\jason\AppData\Local\Temp\VMBuilds\WaterMonitor\mzero_bl\Release/core.a(cortex_handlers.c.o)
                0x00006ac8                USB_Handler
 .text.Reset_Handler
                0x00006adc       0x54 C:\Users\jason\AppData\Local\Temp\VMBuilds\WaterMonitor\mzero_bl\Release/core.a(cortex_handlers.c.o)
                0x00006adc                Reset_Handler
 .text.SysTick_Handler
                0x00006b30       0x10 C:\Users\jason\AppData\Local\Temp\VMBuilds\WaterMonitor\mzero_bl\Release/core.a(cortex_handlers.c.o)
                0x00006b30                SysTick_Handler
 .text.USB_SetHandler
                0x00006b40        0xc C:\Users\jason\AppData\Local\Temp\VMBuilds\WaterMonitor\mzero_bl\Release/core.a(cortex_handlers.c.o)
                0x00006b40                USB_SetHandler
 .text.millis   0x00006b4c        0xc C:\Users\jason\AppData\Local\Temp\VMBuilds\WaterMonitor\mzero_bl\Release/core.a(delay.c.o)
                0x00006b4c                millis
 .text.delay    0x00006b58       0x20 C:\Users\jason\AppData\Local\Temp\VMBuilds\WaterMonitor\mzero_bl\Release/core.a(delay.c.o)
                0x00006b58                delay
 .text.SysTick_DefaultHandler
                0x00006b78       0x14 C:\Users\jason\AppData\Local\Temp\VMBuilds\WaterMonitor\mzero_bl\Release/core.a(delay.c.o)
                0x00006b78                SysTick_DefaultHandler
 .text.__empty  0x00006b8c        0x2 C:\Users\jason\AppData\Local\Temp\VMBuilds\WaterMonitor\mzero_bl\Release/core.a(hooks.c.o)
                0x00006b8c                yield
 .text.__false  0x00006b8e        0x4 C:\Users\jason\AppData\Local\Temp\VMBuilds\WaterMonitor\mzero_bl\Release/core.a(hooks.c.o)
                0x00006b8e                sysTickHook
 *fill*         0x00006b92        0x2 
 .text.SystemInit
                0x00006b94      0x16c C:\Users\jason\AppData\Local\Temp\VMBuilds\WaterMonitor\mzero_bl\Release/core.a(startup.c.o)
                0x00006b94                SystemInit
 .text.init     0x00006d00       0xf0 C:\Users\jason\AppData\Local\Temp\VMBuilds\WaterMonitor\mzero_bl\Release/core.a(wiring.c.o)
                0x00006d00                init
 .text.mapResolution
                0x00006df0       0x12 C:\Users\jason\AppData\Local\Temp\VMBuilds\WaterMonitor\mzero_bl\Release/core.a(wiring_analog.c.o)
 *fill*         0x00006e02        0x2 
 .text.analogReference
                0x00006e04       0x5c C:\Users\jason\AppData\Local\Temp\VMBuilds\WaterMonitor\mzero_bl\Release/core.a(wiring_analog.c.o)
                0x00006e04                analogReference
 .text.analogRead
                0x00006e60       0xd4 C:\Users\jason\AppData\Local\Temp\VMBuilds\WaterMonitor\mzero_bl\Release/core.a(wiring_analog.c.o)
                0x00006e60                analogRead
 .text.pinMode  0x00006f34       0xb4 C:\Users\jason\AppData\Local\Temp\VMBuilds\WaterMonitor\mzero_bl\Release/core.a(wiring_digital.c.o)
                0x00006f34                pinMode
 .text.digitalWrite
                0x00006fe8       0x60 C:\Users\jason\AppData\Local\Temp\VMBuilds\WaterMonitor\mzero_bl\Release/core.a(wiring_digital.c.o)
                0x00006fe8                digitalWrite
 .text.pinPeripheral
                0x00007048       0xc4 C:\Users\jason\AppData\Local\Temp\VMBuilds\WaterMonitor\mzero_bl\Release/core.a(wiring_private.c.o)
                0x00007048                pinPeripheral
 .text._Z11initVariantv
                0x0000710c        0x2 C:\Users\jason\AppData\Local\Temp\VMBuilds\WaterMonitor\mzero_bl\Release/core.a(main.cpp.o)
                0x0000710c                initVariant()
 *fill*         0x0000710e        0x2 
 .text.startup.main
                0x00007110       0x40 C:\Users\jason\AppData\Local\Temp\VMBuilds\WaterMonitor\mzero_bl\Release/core.a(main.cpp.o)
                0x00007110                main
 .text._Znwj    0x00007150        0x8 C:\Users\jason\AppData\Local\Temp\VMBuilds\WaterMonitor\mzero_bl\Release/core.a(new.cpp.o)
                0x00007150                operator new(unsigned int)
 .text._ZdlPv   0x00007158        0x8 C:\Users\jason\AppData\Local\Temp\VMBuilds\WaterMonitor\mzero_bl\Release/core.a(new.cpp.o)
                0x00007158                operator delete(void*)
 .text._ZN5Print5writeEPKhj
                0x00007160       0x28 C:\Users\jason\AppData\Local\Temp\VMBuilds\WaterMonitor\mzero_bl\Release/core.a(Print.cpp.o)
                0x00007160                Print::write(unsigned char const*, unsigned int)
 .text._ZN5Print5writeEPKc
                0x00007188       0x1c C:\Users\jason\AppData\Local\Temp\VMBuilds\WaterMonitor\mzero_bl\Release/core.a(Print.cpp.o)
                0x00007188                Print::write(char const*)
 .text._ZN5Print5printEPK19__FlashStringHelper
                0x000071a4        0x8 C:\Users\jason\AppData\Local\Temp\VMBuilds\WaterMonitor\mzero_bl\Release/core.a(Print.cpp.o)
                0x000071a4                Print::print(__FlashStringHelper const*)
 .text._ZN5Print5printERK6String
                0x000071ac       0x10 C:\Users\jason\AppData\Local\Temp\VMBuilds\WaterMonitor\mzero_bl\Release/core.a(Print.cpp.o)
                0x000071ac                Print::print(String const&)
 .text._ZN5Print5printEPKc
                0x000071bc        0x8 C:\Users\jason\AppData\Local\Temp\VMBuilds\WaterMonitor\mzero_bl\Release/core.a(Print.cpp.o)
                0x000071bc                Print::print(char const*)
 .text._ZN5Print5printEc
                0x000071c4        0xa C:\Users\jason\AppData\Local\Temp\VMBuilds\WaterMonitor\mzero_bl\Release/core.a(Print.cpp.o)
                0x000071c4                Print::print(char)
 *fill*         0x000071ce        0x2 
 .text._ZN5Print7printlnEv
                0x000071d0       0x10 C:\Users\jason\AppData\Local\Temp\VMBuilds\WaterMonitor\mzero_bl\Release/core.a(Print.cpp.o)
                0x000071d0                Print::println()
 .text._ZN5Print7printlnERK6String
                0x000071e0       0x14 C:\Users\jason\AppData\Local\Temp\VMBuilds\WaterMonitor\mzero_bl\Release/core.a(Print.cpp.o)
                0x000071e0                Print::println(String const&)
 .text._ZN5Print7printlnEPKc
                0x000071f4       0x14 C:\Users\jason\AppData\Local\Temp\VMBuilds\WaterMonitor\mzero_bl\Release/core.a(Print.cpp.o)
                0x000071f4                Print::println(char const*)
 .text._ZN5Print11printNumberEmh
                0x00007208       0x4e C:\Users\jason\AppData\Local\Temp\VMBuilds\WaterMonitor\mzero_bl\Release/core.a(Print.cpp.o)
                0x00007208                Print::printNumber(unsigned long, unsigned char)
 *fill*         0x00007256        0x2 
 .text._ZN5Print10printFloatEdh
                0x00007258      0x170 C:\Users\jason\AppData\Local\Temp\VMBuilds\WaterMonitor\mzero_bl\Release/core.a(Print.cpp.o)
                0x00007258                Print::printFloat(double, unsigned char)
 .text._ZN5Print5printEdi
                0x000073c8        0xe C:\Users\jason\AppData\Local\Temp\VMBuilds\WaterMonitor\mzero_bl\Release/core.a(Print.cpp.o)
                0x000073c8                Print::print(double, int)
 .text._ZN5Print7printlnEdi
                0x000073d6       0x1c C:\Users\jason\AppData\Local\Temp\VMBuilds\WaterMonitor\mzero_bl\Release/core.a(Print.cpp.o)
                0x000073d6                Print::println(double, int)
 *fill*         0x000073f2        0x2 
 .text.initiateReset
                0x000073f4        0xc C:\Users\jason\AppData\Local\Temp\VMBuilds\WaterMonitor\mzero_bl\Release/core.a(Reset.cpp.o)
                0x000073f4                initiateReset
 .text.cancelReset
                0x00007400       0x10 C:\Users\jason\AppData\Local\Temp\VMBuilds\WaterMonitor\mzero_bl\Release/core.a(Reset.cpp.o)
                0x00007400                cancelReset
 .text.tickReset
                0x00007410       0x74 C:\Users\jason\AppData\Local\Temp\VMBuilds\WaterMonitor\mzero_bl\Release/core.a(Reset.cpp.o)
                0x00007410                tickReset
 .text._ZN10RingBufferC2Ev
                0x00007484       0x16 C:\Users\jason\AppData\Local\Temp\VMBuilds\WaterMonitor\mzero_bl\Release/core.a(RingBuffer.cpp.o)
                0x00007484                RingBuffer::RingBuffer()
                0x00007484                RingBuffer::RingBuffer()
 .text._ZN10RingBuffer10store_charEh
                0x0000749a       0x16 C:\Users\jason\AppData\Local\Temp\VMBuilds\WaterMonitor\mzero_bl\Release/core.a(RingBuffer.cpp.o)
                0x0000749a                RingBuffer::store_char(unsigned char)
 .text._ZN10RingBuffer5clearEv
                0x000074b0        0x8 C:\Users\jason\AppData\Local\Temp\VMBuilds\WaterMonitor\mzero_bl\Release/core.a(RingBuffer.cpp.o)
                0x000074b0                RingBuffer::clear()
 .text._ZN10RingBuffer9read_charEv
                0x000074b8       0x1c C:\Users\jason\AppData\Local\Temp\VMBuilds\WaterMonitor\mzero_bl\Release/core.a(RingBuffer.cpp.o)
                0x000074b8                RingBuffer::read_char()
 .text._ZN10RingBuffer9availableEv
                0x000074d4        0xc C:\Users\jason\AppData\Local\Temp\VMBuilds\WaterMonitor\mzero_bl\Release/core.a(RingBuffer.cpp.o)
                0x000074d4                RingBuffer::available()
 .text._ZN10RingBuffer4peekEv
                0x000074e0       0x12 C:\Users\jason\AppData\Local\Temp\VMBuilds\WaterMonitor\mzero_bl\Release/core.a(RingBuffer.cpp.o)
                0x000074e0                RingBuffer::peek()
 .text._ZN10RingBuffer6isFullEv
                0x000074f2       0x14 C:\Users\jason\AppData\Local\Temp\VMBuilds\WaterMonitor\mzero_bl\Release/core.a(RingBuffer.cpp.o)
                0x000074f2                RingBuffer::isFull()
 .text._ZN6SERCOMC2EP6Sercom
                0x00007506        0x4 C:\Users\jason\AppData\Local\Temp\VMBuilds\WaterMonitor\mzero_bl\Release/core.a(SERCOM.cpp.o)
                0x00007506                SERCOM::SERCOM(Sercom*)
                0x00007506                SERCOM::SERCOM(Sercom*)
 .text._ZN6SERCOM9initFrameE18SercomUartCharSize15SercomDataOrder16SercomParityMode19SercomNumberStopBit
                0x0000750a       0x38 C:\Users\jason\AppData\Local\Temp\VMBuilds\WaterMonitor\mzero_bl\Release/core.a(SERCOM.cpp.o)
                0x0000750a                SERCOM::initFrame(SercomUartCharSize, SercomDataOrder, SercomParityMode, SercomNumberStopBit)
 .text._ZN6SERCOM8initPadsE15SercomUartTXPad11SercomRXPad
                0x00007542       0x26 C:\Users\jason\AppData\Local\Temp\VMBuilds\WaterMonitor\mzero_bl\Release/core.a(SERCOM.cpp.o)
                0x00007542                SERCOM::initPads(SercomUartTXPad, SercomRXPad)
 .text._ZN6SERCOM9resetUARTEv
                0x00007568       0x1c C:\Users\jason\AppData\Local\Temp\VMBuilds\WaterMonitor\mzero_bl\Release/core.a(SERCOM.cpp.o)
                0x00007568                SERCOM::resetUART()
 .text._ZN6SERCOM10enableUARTEv
                0x00007584       0x14 C:\Users\jason\AppData\Local\Temp\VMBuilds\WaterMonitor\mzero_bl\Release/core.a(SERCOM.cpp.o)
                0x00007584                SERCOM::enableUART()
 .text._ZN6SERCOM9flushUARTEv
                0x00007598       0x10 C:\Users\jason\AppData\Local\Temp\VMBuilds\WaterMonitor\mzero_bl\Release/core.a(SERCOM.cpp.o)
                0x00007598                SERCOM::flushUART()
 .text._ZN6SERCOM15clearStatusUARTEv
                0x000075a8        0x8 C:\Users\jason\AppData\Local\Temp\VMBuilds\WaterMonitor\mzero_bl\Release/core.a(SERCOM.cpp.o)
                0x000075a8                SERCOM::clearStatusUART()
 .text._ZN6SERCOM17availableDataUARTEv
                0x000075b0        0xa C:\Users\jason\AppData\Local\Temp\VMBuilds\WaterMonitor\mzero_bl\Release/core.a(SERCOM.cpp.o)
                0x000075b0                SERCOM::availableDataUART()
 .text._ZN6SERCOM11isUARTErrorEv
                0x000075ba        0x8 C:\Users\jason\AppData\Local\Temp\VMBuilds\WaterMonitor\mzero_bl\Release/core.a(SERCOM.cpp.o)
                0x000075ba                SERCOM::isUARTError()
 .text._ZN6SERCOM20acknowledgeUARTErrorEv
                0x000075c2        0xe C:\Users\jason\AppData\Local\Temp\VMBuilds\WaterMonitor\mzero_bl\Release/core.a(SERCOM.cpp.o)
                0x000075c2                SERCOM::acknowledgeUARTError()
 .text._ZN6SERCOM12readDataUARTEv
                0x000075d0        0x8 C:\Users\jason\AppData\Local\Temp\VMBuilds\WaterMonitor\mzero_bl\Release/core.a(SERCOM.cpp.o)
                0x000075d0                SERCOM::readDataUART()
 .text._ZN6SERCOM13writeDataUARTEh
                0x000075d8        0xe C:\Users\jason\AppData\Local\Temp\VMBuilds\WaterMonitor\mzero_bl\Release/core.a(SERCOM.cpp.o)
                0x000075d8                SERCOM::writeDataUART(unsigned char)
 *fill*         0x000075e6        0x2 
 .text._ZN6SERCOM12initSPIClockE18SercomSpiClockModem
                0x000075e8       0x30 C:\Users\jason\AppData\Local\Temp\VMBuilds\WaterMonitor\mzero_bl\Release/core.a(SERCOM.cpp.o)
                0x000075e8                SERCOM::initSPIClock(SercomSpiClockMode, unsigned long)
 .text._ZN6SERCOM8resetSPIEv
                0x00007618       0x1c C:\Users\jason\AppData\Local\Temp\VMBuilds\WaterMonitor\mzero_bl\Release/core.a(SERCOM.cpp.o)
                0x00007618                SERCOM::resetSPI()
 .text._ZN6SERCOM9enableSPIEv
                0x00007634       0x14 C:\Users\jason\AppData\Local\Temp\VMBuilds\WaterMonitor\mzero_bl\Release/core.a(SERCOM.cpp.o)
                0x00007634                SERCOM::enableSPI()
 .text._ZN6SERCOM10disableSPIEv
                0x00007648       0x12 C:\Users\jason\AppData\Local\Temp\VMBuilds\WaterMonitor\mzero_bl\Release/core.a(SERCOM.cpp.o)
                0x00007648                SERCOM::disableSPI()
 .text._ZN6SERCOM15transferDataSPIEh
                0x0000765a       0x1a C:\Users\jason\AppData\Local\Temp\VMBuilds\WaterMonitor\mzero_bl\Release/core.a(SERCOM.cpp.o)
                0x0000765a                SERCOM::transferDataSPI(unsigned char)
 .text._ZN6SERCOM9resetWIREEv
                0x00007674       0x1c C:\Users\jason\AppData\Local\Temp\VMBuilds\WaterMonitor\mzero_bl\Release/core.a(SERCOM.cpp.o)
                0x00007674                SERCOM::resetWIRE()
 .text._ZN6SERCOM10enableWIREEv
                0x00007690       0x28 C:\Users\jason\AppData\Local\Temp\VMBuilds\WaterMonitor\mzero_bl\Release/core.a(SERCOM.cpp.o)
                0x00007690                SERCOM::enableWIRE()
 .text._ZN6SERCOM18prepareNackBitWIREEv
                0x000076b8       0x10 C:\Users\jason\AppData\Local\Temp\VMBuilds\WaterMonitor\mzero_bl\Release/core.a(SERCOM.cpp.o)
                0x000076b8                SERCOM::prepareNackBitWIRE()
 .text._ZN6SERCOM17prepareAckBitWIREEv
                0x000076c8       0x14 C:\Users\jason\AppData\Local\Temp\VMBuilds\WaterMonitor\mzero_bl\Release/core.a(SERCOM.cpp.o)
                0x000076c8                SERCOM::prepareAckBitWIRE()
 .text._ZN6SERCOM22prepareCommandBitsWireEh
                0x000076dc       0x2c C:\Users\jason\AppData\Local\Temp\VMBuilds\WaterMonitor\mzero_bl\Release/core.a(SERCOM.cpp.o)
                0x000076dc                SERCOM::prepareCommandBitsWire(unsigned char)
 .text._ZN6SERCOM21startTransmissionWIREEh23SercomWireReadWriteFlag
                0x00007708       0x5e C:\Users\jason\AppData\Local\Temp\VMBuilds\WaterMonitor\mzero_bl\Release/core.a(SERCOM.cpp.o)
                0x00007708                SERCOM::startTransmissionWIRE(unsigned char, SercomWireReadWriteFlag)
 .text._ZN6SERCOM18sendDataMasterWIREEh
                0x00007766       0x22 C:\Users\jason\AppData\Local\Temp\VMBuilds\WaterMonitor\mzero_bl\Release/core.a(SERCOM.cpp.o)
                0x00007766                SERCOM::sendDataMasterWIRE(unsigned char)
 .text._ZN6SERCOM17sendDataSlaveWIREEh
                0x00007788       0x1a C:\Users\jason\AppData\Local\Temp\VMBuilds\WaterMonitor\mzero_bl\Release/core.a(SERCOM.cpp.o)
                0x00007788                SERCOM::sendDataSlaveWIRE(unsigned char)
 .text._ZN6SERCOM11isSlaveWIREEv
                0x000077a2       0x12 C:\Users\jason\AppData\Local\Temp\VMBuilds\WaterMonitor\mzero_bl\Release/core.a(SERCOM.cpp.o)
                0x000077a2                SERCOM::isSlaveWIRE()
 .text._ZN6SERCOM15isDataReadyWIREEv
                0x000077b4        0xa C:\Users\jason\AppData\Local\Temp\VMBuilds\WaterMonitor\mzero_bl\Release/core.a(SERCOM.cpp.o)
                0x000077b4                SERCOM::isDataReadyWIRE()
 .text._ZN6SERCOM18isStopDetectedWIREEv
                0x000077be        0xa C:\Users\jason\AppData\Local\Temp\VMBuilds\WaterMonitor\mzero_bl\Release/core.a(SERCOM.cpp.o)
                0x000077be                SERCOM::isStopDetectedWIRE()
 .text._ZN6SERCOM21isRestartDetectedWIREEv
                0x000077c8        0xa C:\Users\jason\AppData\Local\Temp\VMBuilds\WaterMonitor\mzero_bl\Release/core.a(SERCOM.cpp.o)
                0x000077c8                SERCOM::isRestartDetectedWIRE()
 .text._ZN6SERCOM14isAddressMatchEv
                0x000077d2        0xa C:\Users\jason\AppData\Local\Temp\VMBuilds\WaterMonitor\mzero_bl\Release/core.a(SERCOM.cpp.o)
                0x000077d2                SERCOM::isAddressMatch()
 .text._ZN6SERCOM25isMasterReadOperationWIREEv
                0x000077dc        0xa C:\Users\jason\AppData\Local\Temp\VMBuilds\WaterMonitor\mzero_bl\Release/core.a(SERCOM.cpp.o)
                0x000077dc                SERCOM::isMasterReadOperationWIRE()
 .text._ZN6SERCOM12readDataWIREEv
                0x000077e6       0x1a C:\Users\jason\AppData\Local\Temp\VMBuilds\WaterMonitor\mzero_bl\Release/core.a(SERCOM.cpp.o)
                0x000077e6                SERCOM::readDataWIRE()
 .text._ZN6SERCOM13initClockNVICEv
                0x00007800       0xac C:\Users\jason\AppData\Local\Temp\VMBuilds\WaterMonitor\mzero_bl\Release/core.a(SERCOM.cpp.o)
                0x00007800                SERCOM::initClockNVIC()
 .text._ZN6SERCOM8initUARTE14SercomUartMode20SercomUartSampleRatem
                0x000078ac       0x6c C:\Users\jason\AppData\Local\Temp\VMBuilds\WaterMonitor\mzero_bl\Release/core.a(SERCOM.cpp.o)
                0x000078ac                SERCOM::initUART(SercomUartMode, SercomUartSampleRate, unsigned long)
 .text._ZN6SERCOM7initSPIE14SercomSpiTXPad11SercomRXPad17SercomSpiCharSize15SercomDataOrder
                0x00007918       0x48 C:\Users\jason\AppData\Local\Temp\VMBuilds\WaterMonitor\mzero_bl\Release/core.a(SERCOM.cpp.o)
                0x00007918                SERCOM::initSPI(SercomSpiTXPad, SercomRXPad, SercomSpiCharSize, SercomDataOrder)
 .text._ZN6SERCOM14initMasterWIREEm
                0x00007960       0x38 C:\Users\jason\AppData\Local\Temp\VMBuilds\WaterMonitor\mzero_bl\Release/core.a(SERCOM.cpp.o)
                0x00007960                SERCOM::initMasterWIRE(unsigned long)
 .text._ZN4UartcvbEv
                0x00007998        0x4 C:\Users\jason\AppData\Local\Temp\VMBuilds\WaterMonitor\mzero_bl\Release/core.a(Uart.cpp.o)
                0x00007998                Uart::operator bool()
 .text._ZN4Uart5beginEm
                0x0000799c       0x10 C:\Users\jason\AppData\Local\Temp\VMBuilds\WaterMonitor\mzero_bl\Release/core.a(Uart.cpp.o)
                0x0000799c                Uart::begin(unsigned long)
 .text._ZN4Uart3endEv
                0x000079ac       0x14 C:\Users\jason\AppData\Local\Temp\VMBuilds\WaterMonitor\mzero_bl\Release/core.a(Uart.cpp.o)
                0x000079ac                Uart::end()
 .text._ZN4Uart5flushEv
                0x000079c0        0xa C:\Users\jason\AppData\Local\Temp\VMBuilds\WaterMonitor\mzero_bl\Release/core.a(Uart.cpp.o)
                0x000079c0                Uart::flush()
 .text._ZN4Uart9availableEv
                0x000079ca        0xa C:\Users\jason\AppData\Local\Temp\VMBuilds\WaterMonitor\mzero_bl\Release/core.a(Uart.cpp.o)
                0x000079ca                Uart::available()
 .text._ZN4Uart4peekEv
                0x000079d4        0xa C:\Users\jason\AppData\Local\Temp\VMBuilds\WaterMonitor\mzero_bl\Release/core.a(Uart.cpp.o)
                0x000079d4                Uart::peek()
 .text._ZN4Uart4readEv
                0x000079de        0xa C:\Users\jason\AppData\Local\Temp\VMBuilds\WaterMonitor\mzero_bl\Release/core.a(Uart.cpp.o)
                0x000079de                Uart::read()
 .text._ZN4Uart5writeEh
                0x000079e8        0xc C:\Users\jason\AppData\Local\Temp\VMBuilds\WaterMonitor\mzero_bl\Release/core.a(Uart.cpp.o)
                0x000079e8                Uart::write(unsigned char)
 .text._ZN4UartC2EP6SERCOMhh11SercomRXPad15SercomUartTXPad
                0x000079f4       0x48 C:\Users\jason\AppData\Local\Temp\VMBuilds\WaterMonitor\mzero_bl\Release/core.a(Uart.cpp.o)
                0x000079f4                Uart::Uart(SERCOM*, unsigned char, unsigned char, SercomRXPad, SercomUartTXPad)
                0x000079f4                Uart::Uart(SERCOM*, unsigned char, unsigned char, SercomRXPad, SercomUartTXPad)
 .text._ZN4Uart10IrqHandlerEv
                0x00007a3c       0x36 C:\Users\jason\AppData\Local\Temp\VMBuilds\WaterMonitor\mzero_bl\Release/core.a(Uart.cpp.o)
                0x00007a3c                Uart::IrqHandler()
 .text._ZN4Uart16extractNbStopBitEt
                0x00007a72        0xe C:\Users\jason\AppData\Local\Temp\VMBuilds\WaterMonitor\mzero_bl\Release/core.a(Uart.cpp.o)
                0x00007a72                Uart::extractNbStopBit(unsigned short)
 .text._ZN4Uart15extractCharSizeEt
                0x00007a80       0x2c C:\Users\jason\AppData\Local\Temp\VMBuilds\WaterMonitor\mzero_bl\Release/core.a(Uart.cpp.o)
                0x00007a80                Uart::extractCharSize(unsigned short)
 .text._ZN4Uart13extractParityEt
                0x00007aac       0x18 C:\Users\jason\AppData\Local\Temp\VMBuilds\WaterMonitor\mzero_bl\Release/core.a(Uart.cpp.o)
                0x00007aac                Uart::extractParity(unsigned short)
 .text._ZN4Uart5beginEmt
                0x00007ac4       0x88 C:\Users\jason\AppData\Local\Temp\VMBuilds\WaterMonitor\mzero_bl\Release/core.a(Uart.cpp.o)
                0x00007ac4                Uart::begin(unsigned long, unsigned short)
 .text._ZN6StringD2Ev
                0x00007b4c        0xe C:\Users\jason\AppData\Local\Temp\VMBuilds\WaterMonitor\mzero_bl\Release/core.a(WString.cpp.o)
                0x00007b4c                String::~String()
                0x00007b4c                String::~String()
 .text._ZN6String10invalidateEv
                0x00007b5a       0x18 C:\Users\jason\AppData\Local\Temp\VMBuilds\WaterMonitor\mzero_bl\Release/core.a(WString.cpp.o)
                0x00007b5a                String::invalidate()
 .text._ZN6String12changeBufferEj
                0x00007b72       0x18 C:\Users\jason\AppData\Local\Temp\VMBuilds\WaterMonitor\mzero_bl\Release/core.a(WString.cpp.o)
                0x00007b72                String::changeBuffer(unsigned int)
 .text._ZN6String7reserveEj
                0x00007b8a       0x28 C:\Users\jason\AppData\Local\Temp\VMBuilds\WaterMonitor\mzero_bl\Release/core.a(WString.cpp.o)
                0x00007b8a                String::reserve(unsigned int)
 .text._ZN6String4copyEPKcj
                0x00007bb2       0x28 C:\Users\jason\AppData\Local\Temp\VMBuilds\WaterMonitor\mzero_bl\Release/core.a(WString.cpp.o)
                0x00007bb2                String::copy(char const*, unsigned int)
 .text._ZN6StringC2EPKc
                0x00007bda       0x26 C:\Users\jason\AppData\Local\Temp\VMBuilds\WaterMonitor\mzero_bl\Release/core.a(WString.cpp.o)
                0x00007bda                String::String(char const*)
                0x00007bda                String::String(char const*)
 .text._ZN6StringaSEPKc
                0x00007c00       0x22 C:\Users\jason\AppData\Local\Temp\VMBuilds\WaterMonitor\mzero_bl\Release/core.a(WString.cpp.o)
                0x00007c00                String::operator=(char const*)
 .text._ZN6StringC2Ehh
                0x00007c22       0x22 C:\Users\jason\AppData\Local\Temp\VMBuilds\WaterMonitor\mzero_bl\Release/core.a(WString.cpp.o)
                0x00007c22                String::String(unsigned char, unsigned char)
                0x00007c22                String::String(unsigned char, unsigned char)
 .text._ZN6StringC2Ejh
                0x00007c44       0x24 C:\Users\jason\AppData\Local\Temp\VMBuilds\WaterMonitor\mzero_bl\Release/core.a(WString.cpp.o)
                0x00007c44                String::String(unsigned int, unsigned char)
                0x00007c44                String::String(unsigned int, unsigned char)
 .text._ZN6StringC2Edh
                0x00007c68       0x34 C:\Users\jason\AppData\Local\Temp\VMBuilds\WaterMonitor\mzero_bl\Release/core.a(WString.cpp.o)
                0x00007c68                String::String(double, unsigned char)
                0x00007c68                String::String(double, unsigned char)
 .text._ZN6String6concatEPKcj
                0x00007c9c       0x32 C:\Users\jason\AppData\Local\Temp\VMBuilds\WaterMonitor\mzero_bl\Release/core.a(WString.cpp.o)
                0x00007c9c                String::concat(char const*, unsigned int)
 .text._ZN6String6concatERKS_
                0x00007cce        0xe C:\Users\jason\AppData\Local\Temp\VMBuilds\WaterMonitor\mzero_bl\Release/core.a(WString.cpp.o)
                0x00007cce                String::concat(String const&)
 .text._ZN6String6concatEPKc
                0x00007cdc       0x1a C:\Users\jason\AppData\Local\Temp\VMBuilds\WaterMonitor\mzero_bl\Release/core.a(WString.cpp.o)
                0x00007cdc                String::concat(char const*)
 .text._ZN6String6concatEc
                0x00007cf6       0x14 C:\Users\jason\AppData\Local\Temp\VMBuilds\WaterMonitor\mzero_bl\Release/core.a(WString.cpp.o)
                0x00007cf6                String::concat(char)
 *fill*         0x00007d0a        0x2 
 .text._ZN6StringixEj
                0x00007d0c       0x1c C:\Users\jason\AppData\Local\Temp\VMBuilds\WaterMonitor\mzero_bl\Release/core.a(WString.cpp.o)
                0x00007d0c                String::operator[](unsigned int)
 .text._ZNK6String8toDoubleEv
                0x00007d28       0x20 C:\Users\jason\AppData\Local\Temp\VMBuilds\WaterMonitor\mzero_bl\Release/core.a(WString.cpp.o)
                0x00007d28                String::toDouble() const
 .text._ZNK6String7toFloatEv
                0x00007d48        0xc C:\Users\jason\AppData\Local\Temp\VMBuilds\WaterMonitor\mzero_bl\Release/core.a(WString.cpp.o)
                0x00007d48                String::toFloat() const
 .text._ZN14USBDeviceClass6initEPEmm.part.4
                0x00007d54       0x80 C:\Users\jason\AppData\Local\Temp\VMBuilds\WaterMonitor\mzero_bl\Release/core.a(USBCore.cpp.o)
 .text._ZN20USBDevice_SAMD21G18x5resetEv
                0x00007dd4       0x28 C:\Users\jason\AppData\Local\Temp\VMBuilds\WaterMonitor\mzero_bl\Release/core.a(USBCore.cpp.o)
                0x00007dd4                USBDevice_SAMD21G18x::reset()
 .text._ZN20USBDevice_SAMD21G18x9calibrateEv
                0x00007dfc       0x5c C:\Users\jason\AppData\Local\Temp\VMBuilds\WaterMonitor\mzero_bl\Release/core.a(USBCore.cpp.o)
                0x00007dfc                USBDevice_SAMD21G18x::calibrate()
 .text._ZN7__GuardC2Ev
                0x00007e58        0xe C:\Users\jason\AppData\Local\Temp\VMBuilds\WaterMonitor\mzero_bl\Release/core.a(USBCore.cpp.o)
                0x00007e58                __Guard::__Guard()
                0x00007e58                __Guard::__Guard()
 .text._ZN7__GuardD2Ev
                0x00007e66        0xe C:\Users\jason\AppData\Local\Temp\VMBuilds\WaterMonitor\mzero_bl\Release/core.a(USBCore.cpp.o)
                0x00007e66                __Guard::~__Guard()
                0x00007e66                __Guard::~__Guard()
 .text._ZNK26DoubleBufferedEPOutHandler9availableEv
                0x00007e74       0x5e C:\Users\jason\AppData\Local\Temp\VMBuilds\WaterMonitor\mzero_bl\Release/core.a(USBCore.cpp.o)
                0x00007e74                DoubleBufferedEPOutHandler::available() const
 *fill*         0x00007ed2        0x2 
 .text._ZN26DoubleBufferedEPOutHandler7releaseEv
                0x00007ed4       0x58 C:\Users\jason\AppData\Local\Temp\VMBuilds\WaterMonitor\mzero_bl\Release/core.a(USBCore.cpp.o)
                0x00007ed4                DoubleBufferedEPOutHandler::release()
 .text._ZN26DoubleBufferedEPOutHandler4recvEPvm
                0x00007f2c      0x11c C:\Users\jason\AppData\Local\Temp\VMBuilds\WaterMonitor\mzero_bl\Release/core.a(USBCore.cpp.o)
                0x00007f2c                DoubleBufferedEPOutHandler::recv(void*, unsigned long)
 .text._ZN26DoubleBufferedEPOutHandler14handleEndpointEv
                0x00008048       0xc4 C:\Users\jason\AppData\Local\Temp\VMBuilds\WaterMonitor\mzero_bl\Release/core.a(USBCore.cpp.o)
                0x00008048                DoubleBufferedEPOutHandler::handleEndpoint()
 .text._ZN14USBDeviceClass14SendInterfacesEPm
                0x0000810c       0x2c C:\Users\jason\AppData\Local\Temp\VMBuilds\WaterMonitor\mzero_bl\Release/core.a(USBCore.cpp.o)
                0x0000810c                USBDeviceClass::SendInterfaces(unsigned long*)
 .text._ZN14USBDeviceClass14handleEndpointEh
                0x00008138       0x40 C:\Users\jason\AppData\Local\Temp\VMBuilds\WaterMonitor\mzero_bl\Release/core.a(USBCore.cpp.o)
                0x00008138                USBDeviceClass::handleEndpoint(unsigned char)
 .text._ZN14USBDeviceClass4initEv
                0x00008178       0xf0 C:\Users\jason\AppData\Local\Temp\VMBuilds\WaterMonitor\mzero_bl\Release/core.a(USBCore.cpp.o)
                0x00008178                USBDeviceClass::init()
 .text._ZN14USBDeviceClass6attachEv
                0x00008268       0x34 C:\Users\jason\AppData\Local\Temp\VMBuilds\WaterMonitor\mzero_bl\Release/core.a(USBCore.cpp.o)
                0x00008268                USBDeviceClass::attach()
 .text._ZN14USBDeviceClass10setAddressEm
                0x0000829c       0x48 C:\Users\jason\AppData\Local\Temp\VMBuilds\WaterMonitor\mzero_bl\Release/core.a(USBCore.cpp.o)
                0x0000829c                USBDeviceClass::setAddress(unsigned long)
 .text._ZN14USBDeviceClass25handleClassInterfaceSetupER8USBSetup
                0x000082e4       0x40 C:\Users\jason\AppData\Local\Temp\VMBuilds\WaterMonitor\mzero_bl\Release/core.a(USBCore.cpp.o)
                0x000082e4                USBDeviceClass::handleClassInterfaceSetup(USBSetup&)
 .text._ZN14USBDeviceClass6initEPEmm
                0x00008324      0x128 C:\Users\jason\AppData\Local\Temp\VMBuilds\WaterMonitor\mzero_bl\Release/core.a(USBCore.cpp.o)
                0x00008324                USBDeviceClass::initEP(unsigned long, unsigned long)
 .text._ZN14USBDeviceClass13initEndpointsEv
                0x0000844c       0x24 C:\Users\jason\AppData\Local\Temp\VMBuilds\WaterMonitor\mzero_bl\Release/core.a(USBCore.cpp.o)
                0x0000844c                USBDeviceClass::initEndpoints()
 .text._ZN14USBDeviceClass9availableEm
                0x00008470       0x2c C:\Users\jason\AppData\Local\Temp\VMBuilds\WaterMonitor\mzero_bl\Release/core.a(USBCore.cpp.o)
                0x00008470                USBDeviceClass::available(unsigned long)
 .text._ZN14USBDeviceClass5flushEm
                0x0000849c       0x2c C:\Users\jason\AppData\Local\Temp\VMBuilds\WaterMonitor\mzero_bl\Release/core.a(USBCore.cpp.o)
                0x0000849c                USBDeviceClass::flush(unsigned long)
 .text._ZN14USBDeviceClass14armRecvCtrlOUTEm
                0x000084c8       0x60 C:\Users\jason\AppData\Local\Temp\VMBuilds\WaterMonitor\mzero_bl\Release/core.a(USBCore.cpp.o)
                0x000084c8                USBDeviceClass::armRecvCtrlOUT(unsigned long)
 .text._ZN14USBDeviceClass11recvControlEPvm
                0x00008528       0x3c C:\Users\jason\AppData\Local\Temp\VMBuilds\WaterMonitor\mzero_bl\Release/core.a(USBCore.cpp.o)
                0x00008528                USBDeviceClass::recvControl(void*, unsigned long)
 .text._ZN14USBDeviceClass7armRecvEm
                0x00008564       0x3c C:\Users\jason\AppData\Local\Temp\VMBuilds\WaterMonitor\mzero_bl\Release/core.a(USBCore.cpp.o)
                0x00008564                USBDeviceClass::armRecv(unsigned long)
 .text._ZN14USBDeviceClass4recvEmPvm
                0x000085a0       0xd8 C:\Users\jason\AppData\Local\Temp\VMBuilds\WaterMonitor\mzero_bl\Release/core.a(USBCore.cpp.o)
                0x000085a0                USBDeviceClass::recv(unsigned long, void*, unsigned long)
 .text._ZN14USBDeviceClass4recvEm
                0x00008678       0x1c C:\Users\jason\AppData\Local\Temp\VMBuilds\WaterMonitor\mzero_bl\Release/core.a(USBCore.cpp.o)
                0x00008678                USBDeviceClass::recv(unsigned long)
 .text._ZN14USBDeviceClass4sendEmPKvm
                0x00008694      0x124 C:\Users\jason\AppData\Local\Temp\VMBuilds\WaterMonitor\mzero_bl\Release/core.a(USBCore.cpp.o)
                0x00008694                USBDeviceClass::send(unsigned long, void const*, unsigned long)
 .text._ZN14USBDeviceClass7armSendEmPKvm
                0x000087b8       0x48 C:\Users\jason\AppData\Local\Temp\VMBuilds\WaterMonitor\mzero_bl\Release/core.a(USBCore.cpp.o)
                0x000087b8                USBDeviceClass::armSend(unsigned long, void const*, unsigned long)
 .text._ZN14USBDeviceClass11sendControlEPKvm
                0x00008800       0x58 C:\Users\jason\AppData\Local\Temp\VMBuilds\WaterMonitor\mzero_bl\Release/core.a(USBCore.cpp.o)
                0x00008800                USBDeviceClass::sendControl(void const*, unsigned long)
 .text._ZN14USBDeviceClass20sendStringDescriptorEPKhh
                0x00008858       0x68 C:\Users\jason\AppData\Local\Temp\VMBuilds\WaterMonitor\mzero_bl\Release/core.a(USBCore.cpp.o)
                0x00008858                USBDeviceClass::sendStringDescriptor(unsigned char const*, unsigned char)
 .text._ZN14USBDeviceClass12packMessagesEb.part.6
                0x000088c0       0x20 C:\Users\jason\AppData\Local\Temp\VMBuilds\WaterMonitor\mzero_bl\Release/core.a(USBCore.cpp.o)
 .text._ZN14USBDeviceClass17sendConfigurationEm
                0x000088e0       0x90 C:\Users\jason\AppData\Local\Temp\VMBuilds\WaterMonitor\mzero_bl\Release/core.a(USBCore.cpp.o)
                0x000088e0                USBDeviceClass::sendConfiguration(unsigned long)
 .text._ZN14USBDeviceClass14sendDescriptorER8USBSetup
                0x00008970       0xb4 C:\Users\jason\AppData\Local\Temp\VMBuilds\WaterMonitor\mzero_bl\Release/core.a(USBCore.cpp.o)
                0x00008970                USBDeviceClass::sendDescriptor(USBSetup&)
 .text._ZN14USBDeviceClass19handleStandardSetupER8USBSetup
                0x00008a24      0x118 C:\Users\jason\AppData\Local\Temp\VMBuilds\WaterMonitor\mzero_bl\Release/core.a(USBCore.cpp.o)
                0x00008a24                USBDeviceClass::handleStandardSetup(USBSetup&)
 .text._ZN14USBDeviceClass10ISRHandlerEv
                0x00008b3c      0x150 C:\Users\jason\AppData\Local\Temp\VMBuilds\WaterMonitor\mzero_bl\Release/core.a(USBCore.cpp.o)
                0x00008b3c                USBDeviceClass::ISRHandler()
 .text.UDD_Handler
                0x00008c8c       0x10 C:\Users\jason\AppData\Local\Temp\VMBuilds\WaterMonitor\mzero_bl\Release/core.a(USBCore.cpp.o)
                0x00008c8c                UDD_Handler
 .text.startup._GLOBAL__sub_I__ZN20USBDevice_SAMD21G18x5resetEv
                0x00008c9c       0x10 C:\Users\jason\AppData\Local\Temp\VMBuilds\WaterMonitor\mzero_bl\Release/core.a(USBCore.cpp.o)
 .text.ultoa    0x00008cac       0x68 C:\Users\jason\AppData\Local\Temp\VMBuilds\WaterMonitor\mzero_bl\Release/core.a(itoa.c.o)
                0x00008cac                ultoa
 .text.utoa     0x00008d14        0x8 C:\Users\jason\AppData\Local\Temp\VMBuilds\WaterMonitor\mzero_bl\Release/core.a(itoa.c.o)
                0x00008d14                utoa
 .text.dtostrf  0x00008d1c       0x28 C:\Users\jason\AppData\Local\Temp\VMBuilds\WaterMonitor\mzero_bl\Release/core.a(dtostrf.c.o)
                0x00008d1c                dtostrf
 .text._ZN7Serial_17availableForWriteEv
                0x00008d44        0x4 C:\Users\jason\AppData\Local\Temp\VMBuilds\WaterMonitor\mzero_bl\Release/core.a(CDC.cpp.o)
                0x00008d44                Serial_::availableForWrite()
 .text._ZN7Serial_5writeEh
                0x00008d48       0x14 C:\Users\jason\AppData\Local\Temp\VMBuilds\WaterMonitor\mzero_bl\Release/core.a(CDC.cpp.o)
                0x00008d48                Serial_::write(unsigned char)
 .text._ZN7Serial_9availableEv
                0x00008d5c        0xc C:\Users\jason\AppData\Local\Temp\VMBuilds\WaterMonitor\mzero_bl\Release/core.a(CDC.cpp.o)
                0x00008d5c                Serial_::available()
 .text._ZN7Serial_5flushEv
                0x00008d68        0xc C:\Users\jason\AppData\Local\Temp\VMBuilds\WaterMonitor\mzero_bl\Release/core.a(CDC.cpp.o)
                0x00008d68                Serial_::flush()
 .text._ZN7Serial_5writeEPKhj
                0x00008d74       0x1c C:\Users\jason\AppData\Local\Temp\VMBuilds\WaterMonitor\mzero_bl\Release/core.a(CDC.cpp.o)
                0x00008d74                Serial_::write(unsigned char const*, unsigned int)
 .text._ZN7Serial_4peekEv
                0x00008d90       0x1c C:\Users\jason\AppData\Local\Temp\VMBuilds\WaterMonitor\mzero_bl\Release/core.a(CDC.cpp.o)
                0x00008d90                Serial_::peek()
 .text._ZN7Serial_4readEv
                0x00008dac       0x24 C:\Users\jason\AppData\Local\Temp\VMBuilds\WaterMonitor\mzero_bl\Release/core.a(CDC.cpp.o)
                0x00008dac                Serial_::read()
 .text._Z16CDC_GetInterfacePh
                0x00008dd0       0x1c C:\Users\jason\AppData\Local\Temp\VMBuilds\WaterMonitor\mzero_bl\Release/core.a(CDC.cpp.o)
                0x00008dd0                CDC_GetInterface(unsigned char*)
 .text._Z9CDC_SetupR8USBSetup
                0x00008dec       0x80 C:\Users\jason\AppData\Local\Temp\VMBuilds\WaterMonitor\mzero_bl\Release/core.a(CDC.cpp.o)
                0x00008dec                CDC_Setup(USBSetup&)
 .text.startup._GLOBAL__sub_I__Z17_CDC_GetInterfacev
                0x00008e6c       0x28 C:\Users\jason\AppData\Local\Temp\VMBuilds\WaterMonitor\mzero_bl\Release/core.a(CDC.cpp.o)
 .text._ZN13PluggableUSB_12getInterfaceEPh
                0x00008e94       0x2a C:\Users\jason\AppData\Local\Temp\VMBuilds\WaterMonitor\mzero_bl\Release/core.a(PluggableUSB.cpp.o)
                0x00008e94                PluggableUSB_::getInterface(unsigned char*)
 .text._ZN13PluggableUSB_13getDescriptorER8USBSetup
                0x00008ebe       0x20 C:\Users\jason\AppData\Local\Temp\VMBuilds\WaterMonitor\mzero_bl\Release/core.a(PluggableUSB.cpp.o)
                0x00008ebe                PluggableUSB_::getDescriptor(USBSetup&)
 .text._ZN13PluggableUSB_12getShortNameEPc
                0x00008ede       0x1e C:\Users\jason\AppData\Local\Temp\VMBuilds\WaterMonitor\mzero_bl\Release/core.a(PluggableUSB.cpp.o)
                0x00008ede                PluggableUSB_::getShortName(char*)
 .text._ZN13PluggableUSB_5setupER8USBSetup
                0x00008efc       0x24 C:\Users\jason\AppData\Local\Temp\VMBuilds\WaterMonitor\mzero_bl\Release/core.a(PluggableUSB.cpp.o)
                0x00008efc                PluggableUSB_::setup(USBSetup&)
 .text._Z12PluggableUSBv
                0x00008f20       0x24 C:\Users\jason\AppData\Local\Temp\VMBuilds\WaterMonitor\mzero_bl\Release/core.a(PluggableUSB.cpp.o)
                0x00008f20                PluggableUSB()
 .text.__fpclassifyd
                0x00008f44       0x60 c:/users/jason/appdata/local/arduino15/packages/arduino/tools/arm-none-eabi-gcc/4.8.3-2014q1/bin/../lib/gcc/arm-none-eabi/4.8.3/../../../../arm-none-eabi/lib/armv6-m\libm.a(lib_a-s_fpclassify.o)
                0x00008f44                __fpclassifyd
 .text          0x00008fa4       0x14 c:/users/jason/appdata/local/arduino15/packages/arduino/tools/arm-none-eabi-gcc/4.8.3-2014q1/bin/../lib/gcc/arm-none-eabi/4.8.3/armv6-m\libgcc.a(_thumb1_case_uqi.o)
                0x00008fa4                __gnu_thumb1_case_uqi
 .text          0x00008fb8       0x9c c:/users/jason/appdata/local/arduino15/packages/arduino/tools/arm-none-eabi-gcc/4.8.3-2014q1/bin/../lib/gcc/arm-none-eabi/4.8.3/armv6-m\libgcc.a(_udivsi3.o)
                0x00008fb8                __aeabi_uidiv
                0x00008fb8                __udivsi3
                0x00009040                __aeabi_uidivmod
 .text          0x00009054       0xc0 c:/users/jason/appdata/local/arduino15/packages/arduino/tools/arm-none-eabi-gcc/4.8.3-2014q1/bin/../lib/gcc/arm-none-eabi/4.8.3/armv6-m\libgcc.a(_divsi3.o)
                0x00009054                __divsi3
                0x00009054                __aeabi_idiv
                0x00009100                __aeabi_idivmod
 .text          0x00009114        0x4 c:/users/jason/appdata/local/arduino15/packages/arduino/tools/arm-none-eabi-gcc/4.8.3-2014q1/bin/../lib/gcc/arm-none-eabi/4.8.3/armv6-m\libgcc.a(_dvmd_tls.o)
                0x00009114                __aeabi_idiv0
                0x00009114                __aeabi_ldiv0
 .text          0x00009118       0x7c c:/users/jason/appdata/local/arduino15/packages/arduino/tools/arm-none-eabi-gcc/4.8.3-2014q1/bin/../lib/gcc/arm-none-eabi/4.8.3/armv6-m\libgcc.a(_arm_cmpdf2.o)
                0x00009118                __aeabi_cdrcmple
                0x00009128                __aeabi_cdcmple
                0x00009128                __aeabi_cdcmpeq
                0x00009138                __aeabi_dcmpeq
                0x00009144                __aeabi_dcmplt
                0x00009158                __aeabi_dcmple
                0x0000916c                __aeabi_dcmpgt
                0x00009180                __aeabi_dcmpge
 *fill*         0x00009194        0x4 
 .text          0x00009198       0x40 c:/users/jason/appdata/local/arduino15/packages/arduino/tools/arm-none-eabi-gcc/4.8.3-2014q1/bin/../lib/gcc/arm-none-eabi/4.8.3/armv6-m\libgcc.a(_fixunsdfsi.o)
                0x00009198                __aeabi_d2uiz
                0x00009198                __fixunsdfsi
 .text          0x000091d8      0x254 c:/users/jason/appdata/local/arduino15/packages/arduino/tools/arm-none-eabi-gcc/4.8.3-2014q1/bin/../lib/gcc/arm-none-eabi/4.8.3/armv6-m\libgcc.a(mulsf3.o)
                0x000091d8                __aeabi_fmul
 .text          0x0000942c       0xb8 c:/users/jason/appdata/local/arduino15/packages/arduino/tools/arm-none-eabi-gcc/4.8.3-2014q1/bin/../lib/gcc/arm-none-eabi/4.8.3/armv6-m\libgcc.a(floatsisf.o)
                0x0000942c                __aeabi_i2f
 .text          0x000094e4      0x638 c:/users/jason/appdata/local/arduino15/packages/arduino/tools/arm-none-eabi-gcc/4.8.3-2014q1/bin/../lib/gcc/arm-none-eabi/4.8.3/armv6-m\libgcc.a(adddf3.o)
                0x000094e4                __aeabi_dadd
 .text          0x00009b1c      0x648 c:/users/jason/appdata/local/arduino15/packages/arduino/tools/arm-none-eabi-gcc/4.8.3-2014q1/bin/../lib/gcc/arm-none-eabi/4.8.3/armv6-m\libgcc.a(divdf3.o)
                0x00009b1c                __aeabi_ddiv
 .text          0x0000a164       0x94 c:/users/jason/appdata/local/arduino15/packages/arduino/tools/arm-none-eabi-gcc/4.8.3-2014q1/bin/../lib/gcc/arm-none-eabi/4.8.3/armv6-m\libgcc.a(eqdf2.o)
                0x0000a164                __nedf2
                0x0000a164                __eqdf2
 .text          0x0000a1f8       0xfc c:/users/jason/appdata/local/arduino15/packages/arduino/tools/arm-none-eabi-gcc/4.8.3-2014q1/bin/../lib/gcc/arm-none-eabi/4.8.3/armv6-m\libgcc.a(gedf2.o)
                0x0000a1f8                __gedf2
                0x0000a1f8                __gtdf2
 .text          0x0000a2f4       0xfc c:/users/jason/appdata/local/arduino15/packages/arduino/tools/arm-none-eabi-gcc/4.8.3-2014q1/bin/../lib/gcc/arm-none-eabi/4.8.3/armv6-m\libgcc.a(ledf2.o)
                0x0000a2f4                __ledf2
                0x0000a2f4                __ltdf2
 .text          0x0000a3f0      0x520 c:/users/jason/appdata/local/arduino15/packages/arduino/tools/arm-none-eabi-gcc/4.8.3-2014q1/bin/../lib/gcc/arm-none-eabi/4.8.3/armv6-m\libgcc.a(muldf3.o)
                0x0000a3f0                __aeabi_dmul
 .text          0x0000a910      0x654 c:/users/jason/appdata/local/arduino15/packages/arduino/tools/arm-none-eabi-gcc/4.8.3-2014q1/bin/../lib/gcc/arm-none-eabi/4.8.3/armv6-m\libgcc.a(subdf3.o)
                0x0000a910                __aeabi_dsub
 .text          0x0000af64       0x68 c:/users/jason/appdata/local/arduino15/packages/arduino/tools/arm-none-eabi-gcc/4.8.3-2014q1/bin/../lib/gcc/arm-none-eabi/4.8.3/armv6-m\libgcc.a(fixdfsi.o)
                0x0000af64                __aeabi_d2iz
 .text          0x0000afcc       0x7c c:/users/jason/appdata/local/arduino15/packages/arduino/tools/arm-none-eabi-gcc/4.8.3-2014q1/bin/../lib/gcc/arm-none-eabi/4.8.3/armv6-m\libgcc.a(floatsidf.o)
                0x0000afcc                __aeabi_i2d
 .text          0x0000b048       0x68 c:/users/jason/appdata/local/arduino15/packages/arduino/tools/arm-none-eabi-gcc/4.8.3-2014q1/bin/../lib/gcc/arm-none-eabi/4.8.3/armv6-m\libgcc.a(floatunsidf.o)
                0x0000b048                __aeabi_ui2d
 .text          0x0000b0b0       0xa4 c:/users/jason/appdata/local/arduino15/packages/arduino/tools/arm-none-eabi-gcc/4.8.3-2014q1/bin/../lib/gcc/arm-none-eabi/4.8.3/armv6-m\libgcc.a(extendsfdf2.o)
                0x0000b0b0                __aeabi_f2d
 .text          0x0000b154      0x118 c:/users/jason/appdata/local/arduino15/packages/arduino/tools/arm-none-eabi-gcc/4.8.3-2014q1/bin/../lib/gcc/arm-none-eabi/4.8.3/armv6-m\libgcc.a(truncdfsf2.o)
                0x0000b154                __aeabi_d2f
 .text          0x0000b26c       0x3c c:/users/jason/appdata/local/arduino15/packages/arduino/tools/arm-none-eabi-gcc/4.8.3-2014q1/bin/../lib/gcc/arm-none-eabi/4.8.3/armv6-m\libgcc.a(_clzsi2.o)
                0x0000b26c                __clzsi2
 .text.__aeabi_atexit
                0x0000b2a8        0xe c:/users/jason/appdata/local/arduino15/packages/arduino/tools/arm-none-eabi-gcc/4.8.3-2014q1/bin/../lib/gcc/arm-none-eabi/4.8.3/../../../../arm-none-eabi/lib/armv6-m\libc_s.a(lib_a-aeabi_atexit.o)
                0x0000b2a8                __aeabi_atexit
 .text.atof     0x0000b2b6        0xa c:/users/jason/appdata/local/arduino15/packages/arduino/tools/arm-none-eabi-gcc/4.8.3-2014q1/bin/../lib/gcc/arm-none-eabi/4.8.3/../../../../arm-none-eabi/lib/armv6-m\libc_s.a(lib_a-atof.o)
                0x0000b2b6                atof
 .text.__cxa_atexit
                0x0000b2c0       0x20 c:/users/jason/appdata/local/arduino15/packages/arduino/tools/arm-none-eabi-gcc/4.8.3-2014q1/bin/../lib/gcc/arm-none-eabi/4.8.3/../../../../arm-none-eabi/lib/armv6-m\libc_s.a(lib_a-cxa_atexit.o)
                0x0000b2c0                __cxa_atexit
 .text.__libc_init_array
                0x0000b2e0       0x4c c:/users/jason/appdata/local/arduino15/packages/arduino/tools/arm-none-eabi-gcc/4.8.3-2014q1/bin/../lib/gcc/arm-none-eabi/4.8.3/../../../../arm-none-eabi/lib/armv6-m\libc_s.a(lib_a-init.o)
                0x0000b2e0                __libc_init_array
 .text.malloc   0x0000b32c       0x14 c:/users/jason/appdata/local/arduino15/packages/arduino/tools/arm-none-eabi-gcc/4.8.3-2014q1/bin/../lib/gcc/arm-none-eabi/4.8.3/../../../../arm-none-eabi/lib/armv6-m\libc_s.a(lib_a-malloc.o)
                0x0000b32c                malloc
 .text.free     0x0000b340       0x14 c:/users/jason/appdata/local/arduino15/packages/arduino/tools/arm-none-eabi-gcc/4.8.3-2014q1/bin/../lib/gcc/arm-none-eabi/4.8.3/../../../../arm-none-eabi/lib/armv6-m\libc_s.a(lib_a-malloc.o)
                0x0000b340                free
 .text.memcmp   0x0000b354       0x1e c:/users/jason/appdata/local/arduino15/packages/arduino/tools/arm-none-eabi-gcc/4.8.3-2014q1/bin/../lib/gcc/arm-none-eabi/4.8.3/../../../../arm-none-eabi/lib/armv6-m\libc_s.a(lib_a-memcmp.o)
                0x0000b354                memcmp
 .text.memcpy   0x0000b372       0x12 c:/users/jason/appdata/local/arduino15/packages/arduino/tools/arm-none-eabi-gcc/4.8.3-2014q1/bin/../lib/gcc/arm-none-eabi/4.8.3/../../../../arm-none-eabi/lib/armv6-m\libc_s.a(lib_a-memcpy-stub.o)
                0x0000b372                memcpy
 .text.memmove  0x0000b384       0x32 c:/users/jason/appdata/local/arduino15/packages/arduino/tools/arm-none-eabi-gcc/4.8.3-2014q1/bin/../lib/gcc/arm-none-eabi/4.8.3/../../../../arm-none-eabi/lib/armv6-m\libc_s.a(lib_a-memmove.o)
                0x0000b384                memmove
 .text.memset   0x0000b3b6       0x10 c:/users/jason/appdata/local/arduino15/packages/arduino/tools/arm-none-eabi-gcc/4.8.3-2014q1/bin/../lib/gcc/arm-none-eabi/4.8.3/../../../../arm-none-eabi/lib/armv6-m\libc_s.a(lib_a-memset.o)
                0x0000b3b6                memset
 *fill*         0x0000b3c6        0x2 
 .text._free_r  0x0000b3c8       0x90 c:/users/jason/appdata/local/arduino15/packages/arduino/tools/arm-none-eabi-gcc/4.8.3-2014q1/bin/../lib/gcc/arm-none-eabi/4.8.3/../../../../arm-none-eabi/lib/armv6-m\libc_s.a(lib_a-nano-freer.o)
                0x0000b3c8                _free_r
 .text._malloc_r
                0x0000b458       0xa8 c:/users/jason/appdata/local/arduino15/packages/arduino/tools/arm-none-eabi-gcc/4.8.3-2014q1/bin/../lib/gcc/arm-none-eabi/4.8.3/../../../../arm-none-eabi/lib/armv6-m\libc_s.a(lib_a-nano-mallocr.o)
                0x0000b458                _malloc_r
 .text.realloc  0x0000b500       0x18 c:/users/jason/appdata/local/arduino15/packages/arduino/tools/arm-none-eabi-gcc/4.8.3-2014q1/bin/../lib/gcc/arm-none-eabi/4.8.3/../../../../arm-none-eabi/lib/armv6-m\libc_s.a(lib_a-realloc.o)
                0x0000b500                realloc
 .text._sbrk_r  0x0000b518       0x24 c:/users/jason/appdata/local/arduino15/packages/arduino/tools/arm-none-eabi-gcc/4.8.3-2014q1/bin/../lib/gcc/arm-none-eabi/4.8.3/../../../../arm-none-eabi/lib/armv6-m\libc_s.a(lib_a-sbrkr.o)
                0x0000b518                _sbrk_r
 .text.sprintf  0x0000b53c       0x44 c:/users/jason/appdata/local/arduino15/packages/arduino/tools/arm-none-eabi-gcc/4.8.3-2014q1/bin/../lib/gcc/arm-none-eabi/4.8.3/../../../../arm-none-eabi/lib/armv6-m\libc_s.a(lib_a-sprintf.o)
                0x0000b53c                siprintf
                0x0000b53c                sprintf
 .text.strchr   0x0000b580       0x18 c:/users/jason/appdata/local/arduino15/packages/arduino/tools/arm-none-eabi-gcc/4.8.3-2014q1/bin/../lib/gcc/arm-none-eabi/4.8.3/../../../../arm-none-eabi/lib/armv6-m\libc_s.a(lib_a-strchr.o)
                0x0000b580                strchr
 .text.strcpy   0x0000b598       0x10 c:/users/jason/appdata/local/arduino15/packages/arduino/tools/arm-none-eabi-gcc/4.8.3-2014q1/bin/../lib/gcc/arm-none-eabi/4.8.3/../../../../arm-none-eabi/lib/armv6-m\libc_s.a(lib_a-strcpy.o)
                0x0000b598                strcpy
 .text.strlen   0x0000b5a8        0xe c:/users/jason/appdata/local/arduino15/packages/arduino/tools/arm-none-eabi-gcc/4.8.3-2014q1/bin/../lib/gcc/arm-none-eabi/4.8.3/../../../../arm-none-eabi/lib/armv6-m\libc_s.a(lib_a-strlen.o)
                0x0000b5a8                strlen
 .text.strncmp  0x0000b5b6       0x2c c:/users/jason/appdata/local/arduino15/packages/arduino/tools/arm-none-eabi-gcc/4.8.3-2014q1/bin/../lib/gcc/arm-none-eabi/4.8.3/../../../../arm-none-eabi/lib/armv6-m\libc_s.a(lib_a-strncmp.o)
                0x0000b5b6                strncmp
 .text.strncpy  0x0000b5e2       0x28 c:/users/jason/appdata/local/arduino15/packages/arduino/tools/arm-none-eabi-gcc/4.8.3-2014q1/bin/../lib/gcc/arm-none-eabi/4.8.3/../../../../arm-none-eabi/lib/armv6-m\libc_s.a(lib_a-strncpy.o)
                0x0000b5e2                strncpy
 .text.match    0x0000b60a       0x28 c:/users/jason/appdata/local/arduino15/packages/arduino/tools/arm-none-eabi-gcc/4.8.3-2014q1/bin/../lib/gcc/arm-none-eabi/4.8.3/../../../../arm-none-eabi/lib/armv6-m\libc_s.a(lib_a-strtod.o)
 *fill*         0x0000b632        0x2 
 .text.unlikely.sulp
                0x0000b634       0x2c c:/users/jason/appdata/local/arduino15/packages/arduino/tools/arm-none-eabi-gcc/4.8.3-2014q1/bin/../lib/gcc/arm-none-eabi/4.8.3/../../../../arm-none-eabi/lib/armv6-m\libc_s.a(lib_a-strtod.o)
 .text._strtod_r
                0x0000b660      0xc50 c:/users/jason/appdata/local/arduino15/packages/arduino/tools/arm-none-eabi-gcc/4.8.3-2014q1/bin/../lib/gcc/arm-none-eabi/4.8.3/../../../../arm-none-eabi/lib/armv6-m\libc_s.a(lib_a-strtod.o)
                0x0000b660                _strtod_r
 .text.strtod   0x0000c2b0       0x18 c:/users/jason/appdata/local/arduino15/packages/arduino/tools/arm-none-eabi-gcc/4.8.3-2014q1/bin/../lib/gcc/arm-none-eabi/4.8.3/../../../../arm-none-eabi/lib/armv6-m\libc_s.a(lib_a-strtod.o)
                0x0000c2b0                strtod
 .text.__ssputs_r
                0x0000c2c8       0xc0 c:/users/jason/appdata/local/arduino15/packages/arduino/tools/arm-none-eabi-gcc/4.8.3-2014q1/bin/../lib/gcc/arm-none-eabi/4.8.3/../../../../arm-none-eabi/lib/armv6-m\libc_s.a(lib_a-svfprintf.o)
                0x0000c2c8                __ssputs_r
 .text._svfprintf_r
                0x0000c388      0x1e0 c:/users/jason/appdata/local/arduino15/packages/arduino/tools/arm-none-eabi-gcc/4.8.3-2014q1/bin/../lib/gcc/arm-none-eabi/4.8.3/../../../../arm-none-eabi/lib/armv6-m\libc_s.a(lib_a-svfprintf.o)
                0x0000c388                _svfiprintf_r
                0x0000c388                _svfprintf_r
 .text.__cvt    0x0000c568       0xd0 c:/users/jason/appdata/local/arduino15/packages/arduino/tools/arm-none-eabi-gcc/4.8.3-2014q1/bin/../lib/gcc/arm-none-eabi/4.8.3/../../../../arm-none-eabi/lib/armv6-m\libc_s.a(lib_a-vfprintf_float.o)
                0x0000c568                __cvt
 .text.__exponent
                0x0000c638       0x6a c:/users/jason/appdata/local/arduino15/packages/arduino/tools/arm-none-eabi-gcc/4.8.3-2014q1/bin/../lib/gcc/arm-none-eabi/4.8.3/../../../../arm-none-eabi/lib/armv6-m\libc_s.a(lib_a-vfprintf_float.o)
                0x0000c638                __exponent
 *fill*         0x0000c6a2        0x6 
 .text._printf_float
                0x0000c6a8      0x458 c:/users/jason/appdata/local/arduino15/packages/arduino/tools/arm-none-eabi-gcc/4.8.3-2014q1/bin/../lib/gcc/arm-none-eabi/4.8.3/../../../../arm-none-eabi/lib/armv6-m\libc_s.a(lib_a-vfprintf_float.o)
                0x0000c6a8                _printf_float
 .text._printf_common
                0x0000cb00       0xe8 c:/users/jason/appdata/local/arduino15/packages/arduino/tools/arm-none-eabi-gcc/4.8.3-2014q1/bin/../lib/gcc/arm-none-eabi/4.8.3/../../../../arm-none-eabi/lib/armv6-m\libc_s.a(lib_a-vfprintf_i.o)
                0x0000cb00                _printf_common
 .text._printf_i
                0x0000cbe8      0x22c c:/users/jason/appdata/local/arduino15/packages/arduino/tools/arm-none-eabi-gcc/4.8.3-2014q1/bin/../lib/gcc/arm-none-eabi/4.8.3/../../../../arm-none-eabi/lib/armv6-m\libc_s.a(lib_a-vfprintf_i.o)
                0x0000cbe8                _printf_i